x64/windows_x64_custom_bind_tcp_bcf_1.bin,bind,OK,
x64/windows_x64_custom_bind_tcp_bcf_10.bin,bind,OK,
x64/windows_x64_custom_bind_tcp_bcf_2.bin,bind,OK,
x64/windows_x64_custom_bind_tcp_bcf_3.bin,bind,OK,
x64/windows_x64_custom_bind_tcp_bcf_4.bin,bind,OK,
x64/windows_x64_custom_bind_tcp_bcf_5.bin,bind,OK,
x64/windows_x64_custom_bind_tcp_bcf_6.bin,bind,OK,
x64/windows_x64_custom_bind_tcp_bcf_7.bin,bind,OK,
x64/windows_x64_custom_bind_tcp_bcf_8.bin,bind,OK,
x64/windows_x64_custom_bind_tcp_bcf_9.bin,bind,OK,
x64/windows_x64_custom_bind_tcp_eq_1.bin,bind,OK,
x64/windows_x64_custom_bind_tcp_eq_10.bin,bind,OK,
x64/windows_x64_custom_bind_tcp_eq_2.bin,bind,OK,
x64/windows_x64_custom_bind_tcp_eq_3.bin,bind,OK,
x64/windows_x64_custom_bind_tcp_eq_4.bin,bind,OK,
x64/windows_x64_custom_bind_tcp_eq_5.bin,bind,OK,
x64/windows_x64_custom_bind_tcp_eq_6.bin,bind,OK,
x64/windows_x64_custom_bind_tcp_eq_7.bin,bind,OK,
x64/windows_x64_custom_bind_tcp_eq_8.bin,bind,OK,
x64/windows_x64_custom_bind_tcp_eq_9.bin,bind,OK,
x64/windows_x64_custom_bind_tcp_eq_nop_bcf_1.bin,bind,FAIL,
x64/windows_x64_custom_bind_tcp_eq_nop_bcf_10.bin,bind,FAIL,
x64/windows_x64_custom_bind_tcp_eq_nop_bcf_2.bin,bind,FAIL,
x64/windows_x64_custom_bind_tcp_eq_nop_bcf_3.bin,bind,FAIL,
x64/windows_x64_custom_bind_tcp_eq_nop_bcf_4.bin,bind,FAIL,
x64/windows_x64_custom_bind_tcp_eq_nop_bcf_5.bin,bind,FAIL,
x64/windows_x64_custom_bind_tcp_eq_nop_bcf_6.bin,bind,FAIL,
x64/windows_x64_custom_bind_tcp_eq_nop_bcf_7.bin,bind,FAIL,
x64/windows_x64_custom_bind_tcp_eq_nop_bcf_8.bin,bind,FAIL,
x64/windows_x64_custom_bind_tcp_eq_nop_bcf_9.bin,bind,FAIL,
x64/windows_x64_custom_bind_tcp_eq_nop_ibp_1.bin,bind,OK,
x64/windows_x64_custom_bind_tcp_eq_nop_ibp_10.bin,bind,OK,
x64/windows_x64_custom_bind_tcp_eq_nop_ibp_2.bin,bind,OK,
x64/windows_x64_custom_bind_tcp_eq_nop_ibp_3.bin,bind,OK,
x64/windows_x64_custom_bind_tcp_eq_nop_ibp_4.bin,bind,OK,
x64/windows_x64_custom_bind_tcp_eq_nop_ibp_5.bin,bind,OK,
x64/windows_x64_custom_bind_tcp_eq_nop_ibp_6.bin,bind,OK,
x64/windows_x64_custom_bind_tcp_eq_nop_ibp_7.bin,bind,OK,
x64/windows_x64_custom_bind_tcp_eq_nop_ibp_8.bin,bind,OK,
x64/windows_x64_custom_bind_tcp_eq_nop_ibp_9.bin,bind,OK,
x64/windows_x64_custom_bind_tcp_eq_nop_pii_1.bin,bind,OK,
x64/windows_x64_custom_bind_tcp_eq_nop_pii_10.bin,bind,FAIL,
x64/windows_x64_custom_bind_tcp_eq_nop_pii_2.bin,bind,OK,
x64/windows_x64_custom_bind_tcp_eq_nop_pii_3.bin,bind,OK,
x64/windows_x64_custom_bind_tcp_eq_nop_pii_4.bin,bind,OK,
x64/windows_x64_custom_bind_tcp_eq_nop_pii_5.bin,bind,OK,
x64/windows_x64_custom_bind_tcp_eq_nop_pii_6.bin,bind,OK,
x64/windows_x64_custom_bind_tcp_eq_nop_pii_7.bin,bind,OK,
x64/windows_x64_custom_bind_tcp_eq_nop_pii_8.bin,bind,OK,
x64/windows_x64_custom_bind_tcp_eq_nop_pii_9.bin,bind,OK,
x64/windows_x64_custom_bind_tcp_ibp_1.bin,bind,OK,
x64/windows_x64_custom_bind_tcp_ibp_10.bin,bind,OK,
x64/windows_x64_custom_bind_tcp_ibp_2.bin,bind,OK,
x64/windows_x64_custom_bind_tcp_ibp_3.bin,bind,OK,
x64/windows_x64_custom_bind_tcp_ibp_4.bin,bind,OK,
x64/windows_x64_custom_bind_tcp_ibp_5.bin,bind,OK,
x64/windows_x64_custom_bind_tcp_ibp_6.bin,bind,OK,
x64/windows_x64_custom_bind_tcp_ibp_7.bin,bind,OK,
x64/windows_x64_custom_bind_tcp_ibp_8.bin,bind,OK,
x64/windows_x64_custom_bind_tcp_ibp_9.bin,bind,OK,
x64/windows_x64_custom_bind_tcp_nop_1.bin,bind,OK,
x64/windows_x64_custom_bind_tcp_nop_10.bin,bind,OK,
x64/windows_x64_custom_bind_tcp_nop_2.bin,bind,OK,
x64/windows_x64_custom_bind_tcp_nop_3.bin,bind,OK,
x64/windows_x64_custom_bind_tcp_nop_4.bin,bind,OK,
x64/windows_x64_custom_bind_tcp_nop_5.bin,bind,OK,
x64/windows_x64_custom_bind_tcp_nop_6.bin,bind,OK,
x64/windows_x64_custom_bind_tcp_nop_7.bin,bind,OK,
x64/windows_x64_custom_bind_tcp_nop_8.bin,bind,OK,
x64/windows_x64_custom_bind_tcp_nop_9.bin,bind,OK,
x64/windows_x64_custom_bind_tcp_pii_1.bin,bind,OK,
x64/windows_x64_custom_bind_tcp_pii_10.bin,bind,OK,
x64/windows_x64_custom_bind_tcp_pii_2.bin,bind,OK,
x64/windows_x64_custom_bind_tcp_pii_3.bin,bind,OK,
x64/windows_x64_custom_bind_tcp_pii_4.bin,bind,OK,
x64/windows_x64_custom_bind_tcp_pii_5.bin,bind,OK,
x64/windows_x64_custom_bind_tcp_pii_6.bin,bind,OK,
x64/windows_x64_custom_bind_tcp_pii_7.bin,bind,OK,
x64/windows_x64_custom_bind_tcp_pii_8.bin,bind,OK,
x64/windows_x64_custom_bind_tcp_pii_9.bin,bind,OK,
x64/windows_x64_custom_bind_tcp_rc4_bcf_1.bin,bind,OK,
x64/windows_x64_custom_bind_tcp_rc4_bcf_10.bin,bind,OK,
x64/windows_x64_custom_bind_tcp_rc4_bcf_2.bin,bind,OK,
x64/windows_x64_custom_bind_tcp_rc4_bcf_3.bin,bind,OK,
x64/windows_x64_custom_bind_tcp_rc4_bcf_4.bin,bind,OK,
x64/windows_x64_custom_bind_tcp_rc4_bcf_5.bin,bind,OK,
x64/windows_x64_custom_bind_tcp_rc4_bcf_6.bin,bind,OK,
x64/windows_x64_custom_bind_tcp_rc4_bcf_7.bin,bind,OK,
x64/windows_x64_custom_bind_tcp_rc4_bcf_8.bin,bind,OK,
x64/windows_x64_custom_bind_tcp_rc4_bcf_9.bin,bind,OK,
x64/windows_x64_custom_bind_tcp_rc4_eq_1.bin,bind,OK,
x64/windows_x64_custom_bind_tcp_rc4_eq_10.bin,bind,OK,
x64/windows_x64_custom_bind_tcp_rc4_eq_2.bin,bind,OK,
x64/windows_x64_custom_bind_tcp_rc4_eq_3.bin,bind,OK,
x64/windows_x64_custom_bind_tcp_rc4_eq_4.bin,bind,OK,
x64/windows_x64_custom_bind_tcp_rc4_eq_5.bin,bind,OK,
x64/windows_x64_custom_bind_tcp_rc4_eq_6.bin,bind,OK,
x64/windows_x64_custom_bind_tcp_rc4_eq_7.bin,bind,OK,
x64/windows_x64_custom_bind_tcp_rc4_eq_8.bin,bind,OK,
x64/windows_x64_custom_bind_tcp_rc4_eq_9.bin,bind,OK,
x64/windows_x64_custom_bind_tcp_rc4_eq_nop_bcf_1.bin,bind,FAIL,
x64/windows_x64_custom_bind_tcp_rc4_eq_nop_bcf_10.bin,bind,FAIL,
x64/windows_x64_custom_bind_tcp_rc4_eq_nop_bcf_2.bin,bind,FAIL,
x64/windows_x64_custom_bind_tcp_rc4_eq_nop_bcf_3.bin,bind,FAIL,
x64/windows_x64_custom_bind_tcp_rc4_eq_nop_bcf_4.bin,bind,FAIL,
x64/windows_x64_custom_bind_tcp_rc4_eq_nop_bcf_5.bin,bind,FAIL,
x64/windows_x64_custom_bind_tcp_rc4_eq_nop_bcf_6.bin,bind,FAIL,
x64/windows_x64_custom_bind_tcp_rc4_eq_nop_bcf_7.bin,bind,FAIL,
x64/windows_x64_custom_bind_tcp_rc4_eq_nop_bcf_8.bin,bind,FAIL,
x64/windows_x64_custom_bind_tcp_rc4_eq_nop_bcf_9.bin,bind,FAIL,
x64/windows_x64_custom_bind_tcp_rc4_eq_nop_ibp_1.bin,bind,OK,
x64/windows_x64_custom_bind_tcp_rc4_eq_nop_ibp_10.bin,bind,OK,
x64/windows_x64_custom_bind_tcp_rc4_eq_nop_ibp_2.bin,bind,OK,
x64/windows_x64_custom_bind_tcp_rc4_eq_nop_ibp_3.bin,bind,OK,
x64/windows_x64_custom_bind_tcp_rc4_eq_nop_ibp_4.bin,bind,OK,
x64/windows_x64_custom_bind_tcp_rc4_eq_nop_ibp_5.bin,bind,OK,
x64/windows_x64_custom_bind_tcp_rc4_eq_nop_ibp_6.bin,bind,OK,
x64/windows_x64_custom_bind_tcp_rc4_eq_nop_ibp_7.bin,bind,OK,
x64/windows_x64_custom_bind_tcp_rc4_eq_nop_ibp_8.bin,bind,OK,
x64/windows_x64_custom_bind_tcp_rc4_eq_nop_ibp_9.bin,bind,OK,
x64/windows_x64_custom_bind_tcp_rc4_eq_nop_pii_1.bin,bind,OK,
x64/windows_x64_custom_bind_tcp_rc4_eq_nop_pii_10.bin,bind,OK,
x64/windows_x64_custom_bind_tcp_rc4_eq_nop_pii_2.bin,bind,OK,
x64/windows_x64_custom_bind_tcp_rc4_eq_nop_pii_3.bin,bind,OK,
x64/windows_x64_custom_bind_tcp_rc4_eq_nop_pii_4.bin,bind,OK,
x64/windows_x64_custom_bind_tcp_rc4_eq_nop_pii_5.bin,bind,OK,
x64/windows_x64_custom_bind_tcp_rc4_eq_nop_pii_6.bin,bind,OK,
x64/windows_x64_custom_bind_tcp_rc4_eq_nop_pii_7.bin,bind,OK,
x64/windows_x64_custom_bind_tcp_rc4_eq_nop_pii_8.bin,bind,OK,
x64/windows_x64_custom_bind_tcp_rc4_eq_nop_pii_9.bin,bind,OK,
x64/windows_x64_custom_bind_tcp_rc4_ibp_1.bin,bind,OK,
x64/windows_x64_custom_bind_tcp_rc4_ibp_10.bin,bind,OK,
x64/windows_x64_custom_bind_tcp_rc4_ibp_2.bin,bind,OK,
x64/windows_x64_custom_bind_tcp_rc4_ibp_3.bin,bind,OK,
x64/windows_x64_custom_bind_tcp_rc4_ibp_4.bin,bind,OK,
x64/windows_x64_custom_bind_tcp_rc4_ibp_5.bin,bind,OK,
x64/windows_x64_custom_bind_tcp_rc4_ibp_6.bin,bind,OK,
x64/windows_x64_custom_bind_tcp_rc4_ibp_7.bin,bind,OK,
x64/windows_x64_custom_bind_tcp_rc4_ibp_8.bin,bind,OK,
x64/windows_x64_custom_bind_tcp_rc4_ibp_9.bin,bind,OK,
x64/windows_x64_custom_bind_tcp_rc4_nop_1.bin,bind,OK,
x64/windows_x64_custom_bind_tcp_rc4_nop_10.bin,bind,OK,
x64/windows_x64_custom_bind_tcp_rc4_nop_2.bin,bind,OK,
x64/windows_x64_custom_bind_tcp_rc4_nop_3.bin,bind,OK,
x64/windows_x64_custom_bind_tcp_rc4_nop_4.bin,bind,OK,
x64/windows_x64_custom_bind_tcp_rc4_nop_5.bin,bind,OK,
x64/windows_x64_custom_bind_tcp_rc4_nop_6.bin,bind,OK,
x64/windows_x64_custom_bind_tcp_rc4_nop_7.bin,bind,OK,
x64/windows_x64_custom_bind_tcp_rc4_nop_8.bin,bind,OK,
x64/windows_x64_custom_bind_tcp_rc4_nop_9.bin,bind,OK,
x64/windows_x64_custom_bind_tcp_rc4_pii_1.bin,bind,OK,
x64/windows_x64_custom_bind_tcp_rc4_pii_10.bin,bind,OK,
x64/windows_x64_custom_bind_tcp_rc4_pii_2.bin,bind,OK,
x64/windows_x64_custom_bind_tcp_rc4_pii_3.bin,bind,OK,
x64/windows_x64_custom_bind_tcp_rc4_pii_4.bin,bind,FAIL,
x64/windows_x64_custom_bind_tcp_rc4_pii_5.bin,bind,OK,
x64/windows_x64_custom_bind_tcp_rc4_pii_6.bin,bind,OK,
x64/windows_x64_custom_bind_tcp_rc4_pii_7.bin,bind,OK,
x64/windows_x64_custom_bind_tcp_rc4_pii_8.bin,bind,OK,
x64/windows_x64_custom_bind_tcp_rc4_pii_9.bin,bind,OK,
x64/windows_x64_custom_bind_tcp_uuid_bcf_1.bin,bind,OK,
x64/windows_x64_custom_bind_tcp_uuid_bcf_10.bin,bind,OK,
x64/windows_x64_custom_bind_tcp_uuid_bcf_2.bin,bind,OK,
x64/windows_x64_custom_bind_tcp_uuid_bcf_3.bin,bind,OK,
x64/windows_x64_custom_bind_tcp_uuid_bcf_4.bin,bind,OK,
x64/windows_x64_custom_bind_tcp_uuid_bcf_5.bin,bind,OK,
x64/windows_x64_custom_bind_tcp_uuid_bcf_6.bin,bind,OK,
x64/windows_x64_custom_bind_tcp_uuid_bcf_7.bin,bind,OK,
x64/windows_x64_custom_bind_tcp_uuid_bcf_8.bin,bind,OK,
x64/windows_x64_custom_bind_tcp_uuid_bcf_9.bin,bind,OK,
x64/windows_x64_custom_bind_tcp_uuid_eq_1.bin,bind,OK,
x64/windows_x64_custom_bind_tcp_uuid_eq_10.bin,bind,OK,
x64/windows_x64_custom_bind_tcp_uuid_eq_2.bin,bind,OK,
x64/windows_x64_custom_bind_tcp_uuid_eq_3.bin,bind,OK,
x64/windows_x64_custom_bind_tcp_uuid_eq_4.bin,bind,OK,
x64/windows_x64_custom_bind_tcp_uuid_eq_5.bin,bind,OK,
x64/windows_x64_custom_bind_tcp_uuid_eq_6.bin,bind,OK,
x64/windows_x64_custom_bind_tcp_uuid_eq_7.bin,bind,OK,
x64/windows_x64_custom_bind_tcp_uuid_eq_8.bin,bind,OK,
x64/windows_x64_custom_bind_tcp_uuid_eq_9.bin,bind,OK,
x64/windows_x64_custom_bind_tcp_uuid_eq_nop_bcf_1.bin,bind,FAIL,
x64/windows_x64_custom_bind_tcp_uuid_eq_nop_bcf_10.bin,bind,FAIL,
x64/windows_x64_custom_bind_tcp_uuid_eq_nop_bcf_2.bin,bind,FAIL,
x64/windows_x64_custom_bind_tcp_uuid_eq_nop_bcf_3.bin,bind,FAIL,
x64/windows_x64_custom_bind_tcp_uuid_eq_nop_bcf_4.bin,bind,FAIL,
x64/windows_x64_custom_bind_tcp_uuid_eq_nop_bcf_5.bin,bind,FAIL,
x64/windows_x64_custom_bind_tcp_uuid_eq_nop_bcf_6.bin,bind,FAIL,
x64/windows_x64_custom_bind_tcp_uuid_eq_nop_bcf_7.bin,bind,FAIL,
x64/windows_x64_custom_bind_tcp_uuid_eq_nop_bcf_8.bin,bind,FAIL,
x64/windows_x64_custom_bind_tcp_uuid_eq_nop_bcf_9.bin,bind,FAIL,
x64/windows_x64_custom_bind_tcp_uuid_eq_nop_ibp_1.bin,bind,OK,
x64/windows_x64_custom_bind_tcp_uuid_eq_nop_ibp_10.bin,bind,OK,
x64/windows_x64_custom_bind_tcp_uuid_eq_nop_ibp_2.bin,bind,OK,
x64/windows_x64_custom_bind_tcp_uuid_eq_nop_ibp_3.bin,bind,OK,
x64/windows_x64_custom_bind_tcp_uuid_eq_nop_ibp_4.bin,bind,OK,
x64/windows_x64_custom_bind_tcp_uuid_eq_nop_ibp_5.bin,bind,OK,
x64/windows_x64_custom_bind_tcp_uuid_eq_nop_ibp_6.bin,bind,OK,
x64/windows_x64_custom_bind_tcp_uuid_eq_nop_ibp_7.bin,bind,OK,
x64/windows_x64_custom_bind_tcp_uuid_eq_nop_ibp_8.bin,bind,OK,
x64/windows_x64_custom_bind_tcp_uuid_eq_nop_ibp_9.bin,bind,OK,
x64/windows_x64_custom_bind_tcp_uuid_eq_nop_pii_1.bin,bind,OK,
x64/windows_x64_custom_bind_tcp_uuid_eq_nop_pii_10.bin,bind,OK,
x64/windows_x64_custom_bind_tcp_uuid_eq_nop_pii_2.bin,bind,OK,
x64/windows_x64_custom_bind_tcp_uuid_eq_nop_pii_3.bin,bind,OK,
x64/windows_x64_custom_bind_tcp_uuid_eq_nop_pii_4.bin,bind,OK,
x64/windows_x64_custom_bind_tcp_uuid_eq_nop_pii_5.bin,bind,OK,
x64/windows_x64_custom_bind_tcp_uuid_eq_nop_pii_6.bin,bind,OK,
x64/windows_x64_custom_bind_tcp_uuid_eq_nop_pii_7.bin,bind,OK,
x64/windows_x64_custom_bind_tcp_uuid_eq_nop_pii_8.bin,bind,OK,
x64/windows_x64_custom_bind_tcp_uuid_eq_nop_pii_9.bin,bind,OK,
x64/windows_x64_custom_bind_tcp_uuid_ibp_1.bin,bind,OK,
x64/windows_x64_custom_bind_tcp_uuid_ibp_10.bin,bind,OK,
x64/windows_x64_custom_bind_tcp_uuid_ibp_2.bin,bind,OK,
x64/windows_x64_custom_bind_tcp_uuid_ibp_3.bin,bind,OK,
x64/windows_x64_custom_bind_tcp_uuid_ibp_4.bin,bind,OK,
x64/windows_x64_custom_bind_tcp_uuid_ibp_5.bin,bind,OK,
x64/windows_x64_custom_bind_tcp_uuid_ibp_6.bin,bind,OK,
x64/windows_x64_custom_bind_tcp_uuid_ibp_7.bin,bind,OK,
x64/windows_x64_custom_bind_tcp_uuid_ibp_8.bin,bind,OK,
x64/windows_x64_custom_bind_tcp_uuid_ibp_9.bin,bind,OK,
x64/windows_x64_custom_bind_tcp_uuid_nop_1.bin,bind,OK,
x64/windows_x64_custom_bind_tcp_uuid_nop_10.bin,bind,OK,
x64/windows_x64_custom_bind_tcp_uuid_nop_2.bin,bind,OK,
x64/windows_x64_custom_bind_tcp_uuid_nop_3.bin,bind,OK,
x64/windows_x64_custom_bind_tcp_uuid_nop_4.bin,bind,OK,
x64/windows_x64_custom_bind_tcp_uuid_nop_5.bin,bind,OK,
x64/windows_x64_custom_bind_tcp_uuid_nop_6.bin,bind,OK,
x64/windows_x64_custom_bind_tcp_uuid_nop_7.bin,bind,OK,
x64/windows_x64_custom_bind_tcp_uuid_nop_8.bin,bind,OK,
x64/windows_x64_custom_bind_tcp_uuid_nop_9.bin,bind,OK,
x64/windows_x64_custom_bind_tcp_uuid_pii_1.bin,bind,OK,
x64/windows_x64_custom_bind_tcp_uuid_pii_10.bin,bind,OK,
x64/windows_x64_custom_bind_tcp_uuid_pii_2.bin,bind,OK,
x64/windows_x64_custom_bind_tcp_uuid_pii_3.bin,bind,OK,
x64/windows_x64_custom_bind_tcp_uuid_pii_4.bin,bind,OK,
x64/windows_x64_custom_bind_tcp_uuid_pii_5.bin,bind,OK,
x64/windows_x64_custom_bind_tcp_uuid_pii_6.bin,bind,FAIL,
x64/windows_x64_custom_bind_tcp_uuid_pii_7.bin,bind,OK,
x64/windows_x64_custom_bind_tcp_uuid_pii_8.bin,bind,OK,
x64/windows_x64_custom_bind_tcp_uuid_pii_9.bin,bind,OK,
x64/windows_x64_custom_reverse_http_bcf_1.bin,reverse,FAIL,
x64/windows_x64_custom_reverse_http_bcf_10.bin,reverse,FAIL,
x64/windows_x64_custom_reverse_http_bcf_2.bin,reverse,FAIL,
x64/windows_x64_custom_reverse_http_bcf_3.bin,reverse,FAIL,
x64/windows_x64_custom_reverse_http_bcf_4.bin,reverse,FAIL,
x64/windows_x64_custom_reverse_http_bcf_5.bin,reverse,FAIL,
x64/windows_x64_custom_reverse_http_bcf_6.bin,reverse,FAIL,
x64/windows_x64_custom_reverse_http_bcf_7.bin,reverse,FAIL,
x64/windows_x64_custom_reverse_http_bcf_8.bin,reverse,FAIL,
x64/windows_x64_custom_reverse_http_bcf_9.bin,reverse,FAIL,
x64/windows_x64_custom_reverse_http_eq_1.bin,reverse,FAIL,
x64/windows_x64_custom_reverse_http_eq_10.bin,reverse,FAIL,
x64/windows_x64_custom_reverse_http_eq_2.bin,reverse,FAIL,
x64/windows_x64_custom_reverse_http_eq_3.bin,reverse,FAIL,
x64/windows_x64_custom_reverse_http_eq_4.bin,reverse,FAIL,
x64/windows_x64_custom_reverse_http_eq_5.bin,reverse,FAIL,
x64/windows_x64_custom_reverse_http_eq_6.bin,reverse,FAIL,
x64/windows_x64_custom_reverse_http_eq_7.bin,reverse,FAIL,
x64/windows_x64_custom_reverse_http_eq_8.bin,reverse,FAIL,
x64/windows_x64_custom_reverse_http_eq_9.bin,reverse,FAIL,
x64/windows_x64_custom_reverse_http_eq_nop_bcf_1.bin,reverse,FAIL,
x64/windows_x64_custom_reverse_http_eq_nop_bcf_10.bin,reverse,FAIL,
x64/windows_x64_custom_reverse_http_eq_nop_bcf_2.bin,reverse,FAIL,
x64/windows_x64_custom_reverse_http_eq_nop_bcf_3.bin,reverse,FAIL,
x64/windows_x64_custom_reverse_http_eq_nop_bcf_4.bin,reverse,FAIL,
x64/windows_x64_custom_reverse_http_eq_nop_bcf_5.bin,reverse,FAIL,
x64/windows_x64_custom_reverse_http_eq_nop_bcf_6.bin,reverse,FAIL,
x64/windows_x64_custom_reverse_http_eq_nop_bcf_7.bin,reverse,FAIL,
x64/windows_x64_custom_reverse_http_eq_nop_bcf_8.bin,reverse,FAIL,
x64/windows_x64_custom_reverse_http_eq_nop_bcf_9.bin,reverse,FAIL,
x64/windows_x64_custom_reverse_http_eq_nop_ibp_1.bin,reverse,FAIL,
x64/windows_x64_custom_reverse_http_eq_nop_ibp_10.bin,reverse,FAIL,
x64/windows_x64_custom_reverse_http_eq_nop_ibp_2.bin,reverse,FAIL,
x64/windows_x64_custom_reverse_http_eq_nop_ibp_3.bin,reverse,FAIL,
x64/windows_x64_custom_reverse_http_eq_nop_ibp_4.bin,reverse,FAIL,
x64/windows_x64_custom_reverse_http_eq_nop_ibp_5.bin,reverse,FAIL,
x64/windows_x64_custom_reverse_http_eq_nop_ibp_6.bin,reverse,FAIL,
x64/windows_x64_custom_reverse_http_eq_nop_ibp_7.bin,reverse,FAIL,
x64/windows_x64_custom_reverse_http_eq_nop_ibp_8.bin,reverse,FAIL,
x64/windows_x64_custom_reverse_http_eq_nop_ibp_9.bin,reverse,FAIL,
x64/windows_x64_custom_reverse_http_eq_nop_pii_1.bin,reverse,FAIL,
x64/windows_x64_custom_reverse_http_eq_nop_pii_10.bin,reverse,FAIL,
x64/windows_x64_custom_reverse_http_eq_nop_pii_2.bin,reverse,FAIL,
x64/windows_x64_custom_reverse_http_eq_nop_pii_3.bin,reverse,FAIL,
x64/windows_x64_custom_reverse_http_eq_nop_pii_4.bin,reverse,FAIL,
x64/windows_x64_custom_reverse_http_eq_nop_pii_5.bin,reverse,FAIL,
x64/windows_x64_custom_reverse_http_eq_nop_pii_6.bin,reverse,FAIL,
x64/windows_x64_custom_reverse_http_eq_nop_pii_7.bin,reverse,FAIL,
x64/windows_x64_custom_reverse_http_eq_nop_pii_8.bin,reverse,FAIL,
x64/windows_x64_custom_reverse_http_eq_nop_pii_9.bin,reverse,FAIL,
x64/windows_x64_custom_reverse_http_ibp_1.bin,reverse,FAIL,
x64/windows_x64_custom_reverse_http_ibp_10.bin,reverse,FAIL,
x64/windows_x64_custom_reverse_http_ibp_2.bin,reverse,FAIL,
x64/windows_x64_custom_reverse_http_ibp_3.bin,reverse,FAIL,
x64/windows_x64_custom_reverse_http_ibp_4.bin,reverse,FAIL,
x64/windows_x64_custom_reverse_http_ibp_5.bin,reverse,FAIL,
x64/windows_x64_custom_reverse_http_ibp_6.bin,reverse,FAIL,
x64/windows_x64_custom_reverse_http_ibp_7.bin,reverse,FAIL,
x64/windows_x64_custom_reverse_http_ibp_8.bin,reverse,FAIL,
x64/windows_x64_custom_reverse_http_ibp_9.bin,reverse,FAIL,
x64/windows_x64_custom_reverse_http_nop_1.bin,reverse,FAIL,
x64/windows_x64_custom_reverse_http_nop_10.bin,reverse,FAIL,
x64/windows_x64_custom_reverse_http_nop_2.bin,reverse,FAIL,
x64/windows_x64_custom_reverse_http_nop_3.bin,reverse,FAIL,
x64/windows_x64_custom_reverse_http_nop_4.bin,reverse,FAIL,
x64/windows_x64_custom_reverse_http_nop_5.bin,reverse,FAIL,
x64/windows_x64_custom_reverse_http_nop_6.bin,reverse,FAIL,
x64/windows_x64_custom_reverse_http_nop_7.bin,reverse,FAIL,
x64/windows_x64_custom_reverse_http_nop_8.bin,reverse,FAIL,
x64/windows_x64_custom_reverse_http_nop_9.bin,reverse,FAIL,
x64/windows_x64_custom_reverse_http_pii_1.bin,reverse,FAIL,
x64/windows_x64_custom_reverse_http_pii_10.bin,reverse,FAIL,
x64/windows_x64_custom_reverse_http_pii_2.bin,reverse,FAIL,
x64/windows_x64_custom_reverse_http_pii_3.bin,reverse,FAIL,
x64/windows_x64_custom_reverse_http_pii_4.bin,reverse,FAIL,
x64/windows_x64_custom_reverse_http_pii_5.bin,reverse,FAIL,
x64/windows_x64_custom_reverse_http_pii_6.bin,reverse,FAIL,
x64/windows_x64_custom_reverse_http_pii_7.bin,reverse,FAIL,
x64/windows_x64_custom_reverse_http_pii_8.bin,reverse,FAIL,
x64/windows_x64_custom_reverse_http_pii_9.bin,reverse,FAIL,
x64/windows_x64_custom_reverse_https_bcf_1.bin,reverse,FAIL,
x64/windows_x64_custom_reverse_https_bcf_10.bin,reverse,FAIL,
x64/windows_x64_custom_reverse_https_bcf_2.bin,reverse,FAIL,
x64/windows_x64_custom_reverse_https_bcf_3.bin,reverse,FAIL,
x64/windows_x64_custom_reverse_https_bcf_4.bin,reverse,FAIL,
x64/windows_x64_custom_reverse_https_bcf_5.bin,reverse,FAIL,
x64/windows_x64_custom_reverse_https_bcf_6.bin,reverse,FAIL,
x64/windows_x64_custom_reverse_https_bcf_7.bin,reverse,FAIL,
x64/windows_x64_custom_reverse_https_bcf_8.bin,reverse,FAIL,
x64/windows_x64_custom_reverse_https_bcf_9.bin,reverse,FAIL,
x64/windows_x64_custom_reverse_https_eq_1.bin,reverse,FAIL,
x64/windows_x64_custom_reverse_https_eq_10.bin,reverse,FAIL,
x64/windows_x64_custom_reverse_https_eq_2.bin,reverse,FAIL,
x64/windows_x64_custom_reverse_https_eq_3.bin,reverse,FAIL,
x64/windows_x64_custom_reverse_https_eq_4.bin,reverse,FAIL,
x64/windows_x64_custom_reverse_https_eq_5.bin,reverse,FAIL,
x64/windows_x64_custom_reverse_https_eq_6.bin,reverse,FAIL,
x64/windows_x64_custom_reverse_https_eq_7.bin,reverse,FAIL,
x64/windows_x64_custom_reverse_https_eq_8.bin,reverse,FAIL,
x64/windows_x64_custom_reverse_https_eq_9.bin,reverse,FAIL,
x64/windows_x64_custom_reverse_https_eq_nop_bcf_1.bin,reverse,FAIL,
x64/windows_x64_custom_reverse_https_eq_nop_bcf_10.bin,reverse,FAIL,
x64/windows_x64_custom_reverse_https_eq_nop_bcf_2.bin,reverse,FAIL,
x64/windows_x64_custom_reverse_https_eq_nop_bcf_3.bin,reverse,FAIL,
x64/windows_x64_custom_reverse_https_eq_nop_bcf_4.bin,reverse,FAIL,
x64/windows_x64_custom_reverse_https_eq_nop_bcf_5.bin,reverse,FAIL,
x64/windows_x64_custom_reverse_https_eq_nop_bcf_6.bin,reverse,FAIL,
x64/windows_x64_custom_reverse_https_eq_nop_bcf_7.bin,reverse,FAIL,
x64/windows_x64_custom_reverse_https_eq_nop_bcf_8.bin,reverse,FAIL,
x64/windows_x64_custom_reverse_https_eq_nop_bcf_9.bin,reverse,FAIL,
x64/windows_x64_custom_reverse_https_eq_nop_ibp_1.bin,reverse,FAIL,
x64/windows_x64_custom_reverse_https_eq_nop_ibp_10.bin,reverse,FAIL,
x64/windows_x64_custom_reverse_https_eq_nop_ibp_2.bin,reverse,FAIL,
x64/windows_x64_custom_reverse_https_eq_nop_ibp_3.bin,reverse,FAIL,
x64/windows_x64_custom_reverse_https_eq_nop_ibp_4.bin,reverse,FAIL,
x64/windows_x64_custom_reverse_https_eq_nop_ibp_5.bin,reverse,FAIL,
x64/windows_x64_custom_reverse_https_eq_nop_ibp_6.bin,reverse,FAIL,
x64/windows_x64_custom_reverse_https_eq_nop_ibp_7.bin,reverse,FAIL,
x64/windows_x64_custom_reverse_https_eq_nop_ibp_8.bin,reverse,FAIL,
x64/windows_x64_custom_reverse_https_eq_nop_ibp_9.bin,reverse,FAIL,
x64/windows_x64_custom_reverse_https_eq_nop_pii_1.bin,reverse,FAIL,
x64/windows_x64_custom_reverse_https_eq_nop_pii_10.bin,reverse,FAIL,
x64/windows_x64_custom_reverse_https_eq_nop_pii_2.bin,reverse,FAIL,
x64/windows_x64_custom_reverse_https_eq_nop_pii_3.bin,reverse,FAIL,
x64/windows_x64_custom_reverse_https_eq_nop_pii_4.bin,reverse,FAIL,
x64/windows_x64_custom_reverse_https_eq_nop_pii_5.bin,reverse,FAIL,
x64/windows_x64_custom_reverse_https_eq_nop_pii_6.bin,reverse,FAIL,
x64/windows_x64_custom_reverse_https_eq_nop_pii_7.bin,reverse,FAIL,
x64/windows_x64_custom_reverse_https_eq_nop_pii_8.bin,reverse,FAIL,
x64/windows_x64_custom_reverse_https_eq_nop_pii_9.bin,reverse,FAIL,
x64/windows_x64_custom_reverse_https_ibp_1.bin,reverse,FAIL,
x64/windows_x64_custom_reverse_https_ibp_10.bin,reverse,FAIL,
x64/windows_x64_custom_reverse_https_ibp_2.bin,reverse,FAIL,
x64/windows_x64_custom_reverse_https_ibp_3.bin,reverse,FAIL,
x64/windows_x64_custom_reverse_https_ibp_4.bin,reverse,FAIL,
x64/windows_x64_custom_reverse_https_ibp_5.bin,reverse,FAIL,
x64/windows_x64_custom_reverse_https_ibp_6.bin,reverse,FAIL,
x64/windows_x64_custom_reverse_https_ibp_7.bin,reverse,FAIL,
x64/windows_x64_custom_reverse_https_ibp_8.bin,reverse,FAIL,
x64/windows_x64_custom_reverse_https_ibp_9.bin,reverse,FAIL,
x64/windows_x64_custom_reverse_https_nop_1.bin,reverse,FAIL,
x64/windows_x64_custom_reverse_https_nop_10.bin,reverse,FAIL,
x64/windows_x64_custom_reverse_https_nop_2.bin,reverse,FAIL,
x64/windows_x64_custom_reverse_https_nop_3.bin,reverse,FAIL,
x64/windows_x64_custom_reverse_https_nop_4.bin,reverse,FAIL,
x64/windows_x64_custom_reverse_https_nop_5.bin,reverse,FAIL,
x64/windows_x64_custom_reverse_https_nop_6.bin,reverse,FAIL,
x64/windows_x64_custom_reverse_https_nop_7.bin,reverse,FAIL,
x64/windows_x64_custom_reverse_https_nop_8.bin,reverse,FAIL,
x64/windows_x64_custom_reverse_https_nop_9.bin,reverse,FAIL,
x64/windows_x64_custom_reverse_https_pii_1.bin,reverse,FAIL,
x64/windows_x64_custom_reverse_https_pii_10.bin,reverse,FAIL,
x64/windows_x64_custom_reverse_https_pii_2.bin,reverse,FAIL,
x64/windows_x64_custom_reverse_https_pii_3.bin,reverse,FAIL,
x64/windows_x64_custom_reverse_https_pii_4.bin,reverse,FAIL,
x64/windows_x64_custom_reverse_https_pii_5.bin,reverse,FAIL,
x64/windows_x64_custom_reverse_https_pii_6.bin,reverse,FAIL,
x64/windows_x64_custom_reverse_https_pii_7.bin,reverse,FAIL,
x64/windows_x64_custom_reverse_https_pii_8.bin,reverse,FAIL,
x64/windows_x64_custom_reverse_https_pii_9.bin,reverse,FAIL,
x64/windows_x64_custom_reverse_tcp_bcf_1.bin,reverse,OK,
x64/windows_x64_custom_reverse_tcp_bcf_10.bin,reverse,OK,
x64/windows_x64_custom_reverse_tcp_bcf_2.bin,reverse,OK,
x64/windows_x64_custom_reverse_tcp_bcf_3.bin,reverse,OK,
x64/windows_x64_custom_reverse_tcp_bcf_4.bin,reverse,OK,
x64/windows_x64_custom_reverse_tcp_bcf_5.bin,reverse,OK,
x64/windows_x64_custom_reverse_tcp_bcf_6.bin,reverse,OK,
x64/windows_x64_custom_reverse_tcp_bcf_7.bin,reverse,OK,
x64/windows_x64_custom_reverse_tcp_bcf_8.bin,reverse,OK,
x64/windows_x64_custom_reverse_tcp_bcf_9.bin,reverse,OK,
x64/windows_x64_custom_reverse_tcp_eq_1.bin,reverse,OK,
x64/windows_x64_custom_reverse_tcp_eq_10.bin,reverse,OK,
x64/windows_x64_custom_reverse_tcp_eq_2.bin,reverse,OK,
x64/windows_x64_custom_reverse_tcp_eq_3.bin,reverse,OK,
x64/windows_x64_custom_reverse_tcp_eq_4.bin,reverse,OK,
x64/windows_x64_custom_reverse_tcp_eq_5.bin,reverse,OK,
x64/windows_x64_custom_reverse_tcp_eq_6.bin,reverse,OK,
x64/windows_x64_custom_reverse_tcp_eq_7.bin,reverse,OK,
x64/windows_x64_custom_reverse_tcp_eq_8.bin,reverse,OK,
x64/windows_x64_custom_reverse_tcp_eq_9.bin,reverse,OK,
x64/windows_x64_custom_reverse_tcp_eq_nop_bcf_1.bin,reverse,FAIL,
x64/windows_x64_custom_reverse_tcp_eq_nop_bcf_10.bin,reverse,FAIL,
x64/windows_x64_custom_reverse_tcp_eq_nop_bcf_2.bin,reverse,FAIL,
x64/windows_x64_custom_reverse_tcp_eq_nop_bcf_3.bin,reverse,FAIL,
x64/windows_x64_custom_reverse_tcp_eq_nop_bcf_4.bin,reverse,FAIL,
x64/windows_x64_custom_reverse_tcp_eq_nop_bcf_5.bin,reverse,FAIL,
x64/windows_x64_custom_reverse_tcp_eq_nop_bcf_6.bin,reverse,FAIL,
x64/windows_x64_custom_reverse_tcp_eq_nop_bcf_7.bin,reverse,FAIL,
x64/windows_x64_custom_reverse_tcp_eq_nop_bcf_8.bin,reverse,FAIL,
x64/windows_x64_custom_reverse_tcp_eq_nop_bcf_9.bin,reverse,FAIL,
x64/windows_x64_custom_reverse_tcp_eq_nop_ibp_1.bin,reverse,OK,
x64/windows_x64_custom_reverse_tcp_eq_nop_ibp_10.bin,reverse,OK,
x64/windows_x64_custom_reverse_tcp_eq_nop_ibp_2.bin,reverse,OK,
x64/windows_x64_custom_reverse_tcp_eq_nop_ibp_3.bin,reverse,OK,
x64/windows_x64_custom_reverse_tcp_eq_nop_ibp_4.bin,reverse,OK,
x64/windows_x64_custom_reverse_tcp_eq_nop_ibp_5.bin,reverse,OK,
x64/windows_x64_custom_reverse_tcp_eq_nop_ibp_6.bin,reverse,OK,
x64/windows_x64_custom_reverse_tcp_eq_nop_ibp_7.bin,reverse,OK,
x64/windows_x64_custom_reverse_tcp_eq_nop_ibp_8.bin,reverse,OK,
x64/windows_x64_custom_reverse_tcp_eq_nop_ibp_9.bin,reverse,OK,
x64/windows_x64_custom_reverse_tcp_eq_nop_pii_1.bin,reverse,OK,
x64/windows_x64_custom_reverse_tcp_eq_nop_pii_10.bin,reverse,OK,
x64/windows_x64_custom_reverse_tcp_eq_nop_pii_2.bin,reverse,OK,
x64/windows_x64_custom_reverse_tcp_eq_nop_pii_3.bin,reverse,OK,
x64/windows_x64_custom_reverse_tcp_eq_nop_pii_4.bin,reverse,OK,
x64/windows_x64_custom_reverse_tcp_eq_nop_pii_5.bin,reverse,OK,
x64/windows_x64_custom_reverse_tcp_eq_nop_pii_6.bin,reverse,OK,
x64/windows_x64_custom_reverse_tcp_eq_nop_pii_7.bin,reverse,OK,
x64/windows_x64_custom_reverse_tcp_eq_nop_pii_8.bin,reverse,OK,
x64/windows_x64_custom_reverse_tcp_eq_nop_pii_9.bin,reverse,OK,
x64/windows_x64_custom_reverse_tcp_ibp_1.bin,reverse,OK,
x64/windows_x64_custom_reverse_tcp_ibp_10.bin,reverse,OK,
x64/windows_x64_custom_reverse_tcp_ibp_2.bin,reverse,OK,
x64/windows_x64_custom_reverse_tcp_ibp_3.bin,reverse,OK,
x64/windows_x64_custom_reverse_tcp_ibp_4.bin,reverse,OK,
x64/windows_x64_custom_reverse_tcp_ibp_5.bin,reverse,OK,
x64/windows_x64_custom_reverse_tcp_ibp_6.bin,reverse,OK,
x64/windows_x64_custom_reverse_tcp_ibp_7.bin,reverse,OK,
x64/windows_x64_custom_reverse_tcp_ibp_8.bin,reverse,OK,
x64/windows_x64_custom_reverse_tcp_ibp_9.bin,reverse,OK,
x64/windows_x64_custom_reverse_tcp_nop_1.bin,reverse,OK,
x64/windows_x64_custom_reverse_tcp_nop_10.bin,reverse,OK,
x64/windows_x64_custom_reverse_tcp_nop_2.bin,reverse,OK,
x64/windows_x64_custom_reverse_tcp_nop_3.bin,reverse,OK,
x64/windows_x64_custom_reverse_tcp_nop_4.bin,reverse,OK,
x64/windows_x64_custom_reverse_tcp_nop_5.bin,reverse,OK,
x64/windows_x64_custom_reverse_tcp_nop_6.bin,reverse,OK,
x64/windows_x64_custom_reverse_tcp_nop_7.bin,reverse,OK,
x64/windows_x64_custom_reverse_tcp_nop_8.bin,reverse,OK,
x64/windows_x64_custom_reverse_tcp_nop_9.bin,reverse,OK,
x64/windows_x64_custom_reverse_tcp_pii_1.bin,reverse,OK,
x64/windows_x64_custom_reverse_tcp_pii_10.bin,reverse,OK,
x64/windows_x64_custom_reverse_tcp_pii_2.bin,reverse,OK,
x64/windows_x64_custom_reverse_tcp_pii_3.bin,reverse,OK,
x64/windows_x64_custom_reverse_tcp_pii_4.bin,reverse,OK,
x64/windows_x64_custom_reverse_tcp_pii_5.bin,reverse,FAIL,
x64/windows_x64_custom_reverse_tcp_pii_6.bin,reverse,OK,
x64/windows_x64_custom_reverse_tcp_pii_7.bin,reverse,OK,
x64/windows_x64_custom_reverse_tcp_pii_8.bin,reverse,OK,
x64/windows_x64_custom_reverse_tcp_pii_9.bin,reverse,OK,
x64/windows_x64_custom_reverse_tcp_rc4_bcf_1.bin,reverse,OK,
x64/windows_x64_custom_reverse_tcp_rc4_bcf_10.bin,reverse,OK,
x64/windows_x64_custom_reverse_tcp_rc4_bcf_2.bin,reverse,OK,
x64/windows_x64_custom_reverse_tcp_rc4_bcf_3.bin,reverse,OK,
x64/windows_x64_custom_reverse_tcp_rc4_bcf_4.bin,reverse,OK,
x64/windows_x64_custom_reverse_tcp_rc4_bcf_5.bin,reverse,OK,
x64/windows_x64_custom_reverse_tcp_rc4_bcf_6.bin,reverse,OK,
x64/windows_x64_custom_reverse_tcp_rc4_bcf_7.bin,reverse,OK,
x64/windows_x64_custom_reverse_tcp_rc4_bcf_8.bin,reverse,OK,
x64/windows_x64_custom_reverse_tcp_rc4_bcf_9.bin,reverse,OK,
x64/windows_x64_custom_reverse_tcp_rc4_eq_1.bin,reverse,OK,
x64/windows_x64_custom_reverse_tcp_rc4_eq_10.bin,reverse,OK,
x64/windows_x64_custom_reverse_tcp_rc4_eq_2.bin,reverse,OK,
x64/windows_x64_custom_reverse_tcp_rc4_eq_3.bin,reverse,OK,
x64/windows_x64_custom_reverse_tcp_rc4_eq_4.bin,reverse,OK,
x64/windows_x64_custom_reverse_tcp_rc4_eq_5.bin,reverse,OK,
x64/windows_x64_custom_reverse_tcp_rc4_eq_6.bin,reverse,OK,
x64/windows_x64_custom_reverse_tcp_rc4_eq_7.bin,reverse,OK,
x64/windows_x64_custom_reverse_tcp_rc4_eq_8.bin,reverse,OK,
x64/windows_x64_custom_reverse_tcp_rc4_eq_9.bin,reverse,OK,
x64/windows_x64_custom_reverse_tcp_rc4_eq_nop_bcf_1.bin,reverse,FAIL,
x64/windows_x64_custom_reverse_tcp_rc4_eq_nop_bcf_10.bin,reverse,FAIL,
x64/windows_x64_custom_reverse_tcp_rc4_eq_nop_bcf_2.bin,reverse,FAIL,
x64/windows_x64_custom_reverse_tcp_rc4_eq_nop_bcf_3.bin,reverse,FAIL,
x64/windows_x64_custom_reverse_tcp_rc4_eq_nop_bcf_4.bin,reverse,FAIL,
x64/windows_x64_custom_reverse_tcp_rc4_eq_nop_bcf_5.bin,reverse,FAIL,
x64/windows_x64_custom_reverse_tcp_rc4_eq_nop_bcf_6.bin,reverse,FAIL,
x64/windows_x64_custom_reverse_tcp_rc4_eq_nop_bcf_7.bin,reverse,FAIL,
x64/windows_x64_custom_reverse_tcp_rc4_eq_nop_bcf_8.bin,reverse,FAIL,
x64/windows_x64_custom_reverse_tcp_rc4_eq_nop_bcf_9.bin,reverse,FAIL,
x64/windows_x64_custom_reverse_tcp_rc4_eq_nop_ibp_1.bin,reverse,OK,
x64/windows_x64_custom_reverse_tcp_rc4_eq_nop_ibp_10.bin,reverse,OK,
x64/windows_x64_custom_reverse_tcp_rc4_eq_nop_ibp_2.bin,reverse,OK,
x64/windows_x64_custom_reverse_tcp_rc4_eq_nop_ibp_3.bin,reverse,OK,
x64/windows_x64_custom_reverse_tcp_rc4_eq_nop_ibp_4.bin,reverse,OK,
x64/windows_x64_custom_reverse_tcp_rc4_eq_nop_ibp_5.bin,reverse,OK,
x64/windows_x64_custom_reverse_tcp_rc4_eq_nop_ibp_6.bin,reverse,OK,
x64/windows_x64_custom_reverse_tcp_rc4_eq_nop_ibp_7.bin,reverse,OK,
x64/windows_x64_custom_reverse_tcp_rc4_eq_nop_ibp_8.bin,reverse,OK,
x64/windows_x64_custom_reverse_tcp_rc4_eq_nop_ibp_9.bin,reverse,OK,
x64/windows_x64_custom_reverse_tcp_rc4_eq_nop_pii_1.bin,reverse,FAIL,
x64/windows_x64_custom_reverse_tcp_rc4_eq_nop_pii_10.bin,reverse,OK,
x64/windows_x64_custom_reverse_tcp_rc4_eq_nop_pii_2.bin,reverse,OK,
x64/windows_x64_custom_reverse_tcp_rc4_eq_nop_pii_3.bin,reverse,OK,
x64/windows_x64_custom_reverse_tcp_rc4_eq_nop_pii_4.bin,reverse,OK,
x64/windows_x64_custom_reverse_tcp_rc4_eq_nop_pii_5.bin,reverse,OK,
x64/windows_x64_custom_reverse_tcp_rc4_eq_nop_pii_6.bin,reverse,OK,
x64/windows_x64_custom_reverse_tcp_rc4_eq_nop_pii_7.bin,reverse,OK,
x64/windows_x64_custom_reverse_tcp_rc4_eq_nop_pii_8.bin,reverse,OK,
x64/windows_x64_custom_reverse_tcp_rc4_eq_nop_pii_9.bin,reverse,OK,
x64/windows_x64_custom_reverse_tcp_rc4_ibp_1.bin,reverse,OK,
x64/windows_x64_custom_reverse_tcp_rc4_ibp_10.bin,reverse,OK,
x64/windows_x64_custom_reverse_tcp_rc4_ibp_2.bin,reverse,OK,
x64/windows_x64_custom_reverse_tcp_rc4_ibp_3.bin,reverse,OK,
x64/windows_x64_custom_reverse_tcp_rc4_ibp_4.bin,reverse,OK,
x64/windows_x64_custom_reverse_tcp_rc4_ibp_5.bin,reverse,OK,
x64/windows_x64_custom_reverse_tcp_rc4_ibp_6.bin,reverse,OK,
x64/windows_x64_custom_reverse_tcp_rc4_ibp_7.bin,reverse,OK,
x64/windows_x64_custom_reverse_tcp_rc4_ibp_8.bin,reverse,OK,
x64/windows_x64_custom_reverse_tcp_rc4_ibp_9.bin,reverse,OK,
x64/windows_x64_custom_reverse_tcp_rc4_nop_1.bin,reverse,OK,
x64/windows_x64_custom_reverse_tcp_rc4_nop_10.bin,reverse,OK,
x64/windows_x64_custom_reverse_tcp_rc4_nop_2.bin,reverse,OK,
x64/windows_x64_custom_reverse_tcp_rc4_nop_3.bin,reverse,OK,
x64/windows_x64_custom_reverse_tcp_rc4_nop_4.bin,reverse,OK,
x64/windows_x64_custom_reverse_tcp_rc4_nop_5.bin,reverse,OK,
x64/windows_x64_custom_reverse_tcp_rc4_nop_6.bin,reverse,OK,
x64/windows_x64_custom_reverse_tcp_rc4_nop_7.bin,reverse,OK,
x64/windows_x64_custom_reverse_tcp_rc4_nop_8.bin,reverse,OK,
x64/windows_x64_custom_reverse_tcp_rc4_nop_9.bin,reverse,OK,
x64/windows_x64_custom_reverse_tcp_rc4_pii_1.bin,reverse,OK,
x64/windows_x64_custom_reverse_tcp_rc4_pii_10.bin,reverse,OK,
x64/windows_x64_custom_reverse_tcp_rc4_pii_2.bin,reverse,OK,
x64/windows_x64_custom_reverse_tcp_rc4_pii_3.bin,reverse,OK,
x64/windows_x64_custom_reverse_tcp_rc4_pii_4.bin,reverse,OK,
x64/windows_x64_custom_reverse_tcp_rc4_pii_5.bin,reverse,OK,
x64/windows_x64_custom_reverse_tcp_rc4_pii_6.bin,reverse,OK,
x64/windows_x64_custom_reverse_tcp_rc4_pii_7.bin,reverse,OK,
x64/windows_x64_custom_reverse_tcp_rc4_pii_8.bin,reverse,OK,
x64/windows_x64_custom_reverse_tcp_rc4_pii_9.bin,reverse,OK,
x64/windows_x64_custom_reverse_tcp_uuid_bcf_1.bin,reverse,OK,
x64/windows_x64_custom_reverse_tcp_uuid_bcf_10.bin,reverse,OK,
x64/windows_x64_custom_reverse_tcp_uuid_bcf_2.bin,reverse,OK,
x64/windows_x64_custom_reverse_tcp_uuid_bcf_3.bin,reverse,OK,
x64/windows_x64_custom_reverse_tcp_uuid_bcf_4.bin,reverse,OK,
x64/windows_x64_custom_reverse_tcp_uuid_bcf_5.bin,reverse,OK,
x64/windows_x64_custom_reverse_tcp_uuid_bcf_6.bin,reverse,OK,
x64/windows_x64_custom_reverse_tcp_uuid_bcf_7.bin,reverse,OK,
x64/windows_x64_custom_reverse_tcp_uuid_bcf_8.bin,reverse,OK,
x64/windows_x64_custom_reverse_tcp_uuid_bcf_9.bin,reverse,OK,
x64/windows_x64_custom_reverse_tcp_uuid_eq_1.bin,reverse,OK,
x64/windows_x64_custom_reverse_tcp_uuid_eq_10.bin,reverse,OK,
x64/windows_x64_custom_reverse_tcp_uuid_eq_2.bin,reverse,OK,
x64/windows_x64_custom_reverse_tcp_uuid_eq_3.bin,reverse,OK,
x64/windows_x64_custom_reverse_tcp_uuid_eq_4.bin,reverse,OK,
x64/windows_x64_custom_reverse_tcp_uuid_eq_5.bin,reverse,OK,
x64/windows_x64_custom_reverse_tcp_uuid_eq_6.bin,reverse,OK,
x64/windows_x64_custom_reverse_tcp_uuid_eq_7.bin,reverse,OK,
x64/windows_x64_custom_reverse_tcp_uuid_eq_8.bin,reverse,OK,
x64/windows_x64_custom_reverse_tcp_uuid_eq_9.bin,reverse,OK,
x64/windows_x64_custom_reverse_tcp_uuid_eq_nop_bcf_1.bin,reverse,FAIL,
x64/windows_x64_custom_reverse_tcp_uuid_eq_nop_bcf_10.bin,reverse,FAIL,
x64/windows_x64_custom_reverse_tcp_uuid_eq_nop_bcf_2.bin,reverse,FAIL,
x64/windows_x64_custom_reverse_tcp_uuid_eq_nop_bcf_3.bin,reverse,FAIL,
x64/windows_x64_custom_reverse_tcp_uuid_eq_nop_bcf_4.bin,reverse,FAIL,
x64/windows_x64_custom_reverse_tcp_uuid_eq_nop_bcf_5.bin,reverse,FAIL,
x64/windows_x64_custom_reverse_tcp_uuid_eq_nop_bcf_6.bin,reverse,FAIL,
x64/windows_x64_custom_reverse_tcp_uuid_eq_nop_bcf_7.bin,reverse,FAIL,
x64/windows_x64_custom_reverse_tcp_uuid_eq_nop_bcf_8.bin,reverse,FAIL,
x64/windows_x64_custom_reverse_tcp_uuid_eq_nop_bcf_9.bin,reverse,FAIL,
x64/windows_x64_custom_reverse_tcp_uuid_eq_nop_ibp_1.bin,reverse,OK,
x64/windows_x64_custom_reverse_tcp_uuid_eq_nop_ibp_10.bin,reverse,OK,
x64/windows_x64_custom_reverse_tcp_uuid_eq_nop_ibp_2.bin,reverse,OK,
x64/windows_x64_custom_reverse_tcp_uuid_eq_nop_ibp_3.bin,reverse,OK,
x64/windows_x64_custom_reverse_tcp_uuid_eq_nop_ibp_4.bin,reverse,OK,
x64/windows_x64_custom_reverse_tcp_uuid_eq_nop_ibp_5.bin,reverse,OK,
x64/windows_x64_custom_reverse_tcp_uuid_eq_nop_ibp_6.bin,reverse,OK,
x64/windows_x64_custom_reverse_tcp_uuid_eq_nop_ibp_7.bin,reverse,OK,
x64/windows_x64_custom_reverse_tcp_uuid_eq_nop_ibp_8.bin,reverse,OK,
x64/windows_x64_custom_reverse_tcp_uuid_eq_nop_ibp_9.bin,reverse,OK,
x64/windows_x64_custom_reverse_tcp_uuid_eq_nop_pii_1.bin,reverse,OK,
x64/windows_x64_custom_reverse_tcp_uuid_eq_nop_pii_10.bin,reverse,FAIL,
x64/windows_x64_custom_reverse_tcp_uuid_eq_nop_pii_2.bin,reverse,OK,
x64/windows_x64_custom_reverse_tcp_uuid_eq_nop_pii_3.bin,reverse,OK,
x64/windows_x64_custom_reverse_tcp_uuid_eq_nop_pii_4.bin,reverse,OK,
x64/windows_x64_custom_reverse_tcp_uuid_eq_nop_pii_5.bin,reverse,OK,
x64/windows_x64_custom_reverse_tcp_uuid_eq_nop_pii_6.bin,reverse,OK,
x64/windows_x64_custom_reverse_tcp_uuid_eq_nop_pii_7.bin,reverse,OK,
x64/windows_x64_custom_reverse_tcp_uuid_eq_nop_pii_8.bin,reverse,OK,
x64/windows_x64_custom_reverse_tcp_uuid_eq_nop_pii_9.bin,reverse,OK,
x64/windows_x64_custom_reverse_tcp_uuid_ibp_1.bin,reverse,OK,
x64/windows_x64_custom_reverse_tcp_uuid_ibp_10.bin,reverse,OK,
x64/windows_x64_custom_reverse_tcp_uuid_ibp_2.bin,reverse,OK,
x64/windows_x64_custom_reverse_tcp_uuid_ibp_3.bin,reverse,OK,
x64/windows_x64_custom_reverse_tcp_uuid_ibp_4.bin,reverse,OK,
x64/windows_x64_custom_reverse_tcp_uuid_ibp_5.bin,reverse,OK,
x64/windows_x64_custom_reverse_tcp_uuid_ibp_6.bin,reverse,OK,
x64/windows_x64_custom_reverse_tcp_uuid_ibp_7.bin,reverse,OK,
x64/windows_x64_custom_reverse_tcp_uuid_ibp_8.bin,reverse,OK,
x64/windows_x64_custom_reverse_tcp_uuid_ibp_9.bin,reverse,OK,
x64/windows_x64_custom_reverse_tcp_uuid_nop_1.bin,reverse,OK,
x64/windows_x64_custom_reverse_tcp_uuid_nop_10.bin,reverse,OK,
x64/windows_x64_custom_reverse_tcp_uuid_nop_2.bin,reverse,OK,
x64/windows_x64_custom_reverse_tcp_uuid_nop_3.bin,reverse,OK,
x64/windows_x64_custom_reverse_tcp_uuid_nop_4.bin,reverse,OK,
x64/windows_x64_custom_reverse_tcp_uuid_nop_5.bin,reverse,OK,
x64/windows_x64_custom_reverse_tcp_uuid_nop_6.bin,reverse,OK,
x64/windows_x64_custom_reverse_tcp_uuid_nop_7.bin,reverse,OK,
x64/windows_x64_custom_reverse_tcp_uuid_nop_8.bin,reverse,OK,
x64/windows_x64_custom_reverse_tcp_uuid_nop_9.bin,reverse,OK,
x64/windows_x64_custom_reverse_tcp_uuid_pii_1.bin,reverse,OK,
x64/windows_x64_custom_reverse_tcp_uuid_pii_10.bin,reverse,OK,
x64/windows_x64_custom_reverse_tcp_uuid_pii_2.bin,reverse,OK,
x64/windows_x64_custom_reverse_tcp_uuid_pii_3.bin,reverse,OK,
x64/windows_x64_custom_reverse_tcp_uuid_pii_4.bin,reverse,FAIL,
x64/windows_x64_custom_reverse_tcp_uuid_pii_5.bin,reverse,FAIL,
x64/windows_x64_custom_reverse_tcp_uuid_pii_6.bin,reverse,OK,
x64/windows_x64_custom_reverse_tcp_uuid_pii_7.bin,reverse,OK,
x64/windows_x64_custom_reverse_tcp_uuid_pii_8.bin,reverse,OK,
x64/windows_x64_custom_reverse_tcp_uuid_pii_9.bin,reverse,OK,
x64/windows_x64_custom_reverse_winhttp_bcf_1.bin,reverse,FAIL,
x64/windows_x64_custom_reverse_winhttp_bcf_10.bin,reverse,FAIL,
x64/windows_x64_custom_reverse_winhttp_bcf_2.bin,reverse,FAIL,
x64/windows_x64_custom_reverse_winhttp_bcf_3.bin,reverse,FAIL,
x64/windows_x64_custom_reverse_winhttp_bcf_4.bin,reverse,FAIL,
x64/windows_x64_custom_reverse_winhttp_bcf_5.bin,reverse,FAIL,
x64/windows_x64_custom_reverse_winhttp_bcf_6.bin,reverse,FAIL,
x64/windows_x64_custom_reverse_winhttp_bcf_7.bin,reverse,FAIL,
x64/windows_x64_custom_reverse_winhttp_bcf_8.bin,reverse,FAIL,
x64/windows_x64_custom_reverse_winhttp_bcf_9.bin,reverse,FAIL,
x64/windows_x64_custom_reverse_winhttp_eq_1.bin,reverse,FAIL,
x64/windows_x64_custom_reverse_winhttp_eq_10.bin,reverse,FAIL,
x64/windows_x64_custom_reverse_winhttp_eq_2.bin,reverse,FAIL,
x64/windows_x64_custom_reverse_winhttp_eq_3.bin,reverse,FAIL,
x64/windows_x64_custom_reverse_winhttp_eq_4.bin,reverse,FAIL,
x64/windows_x64_custom_reverse_winhttp_eq_5.bin,reverse,FAIL,
x64/windows_x64_custom_reverse_winhttp_eq_6.bin,reverse,FAIL,
x64/windows_x64_custom_reverse_winhttp_eq_7.bin,reverse,FAIL,
x64/windows_x64_custom_reverse_winhttp_eq_8.bin,reverse,FAIL,
x64/windows_x64_custom_reverse_winhttp_eq_9.bin,reverse,FAIL,
x64/windows_x64_custom_reverse_winhttp_eq_nop_bcf_1.bin,reverse,FAIL,
x64/windows_x64_custom_reverse_winhttp_eq_nop_bcf_10.bin,reverse,FAIL,
x64/windows_x64_custom_reverse_winhttp_eq_nop_bcf_2.bin,reverse,FAIL,
x64/windows_x64_custom_reverse_winhttp_eq_nop_bcf_3.bin,reverse,FAIL,
x64/windows_x64_custom_reverse_winhttp_eq_nop_bcf_4.bin,reverse,FAIL,
x64/windows_x64_custom_reverse_winhttp_eq_nop_bcf_5.bin,reverse,FAIL,
x64/windows_x64_custom_reverse_winhttp_eq_nop_bcf_6.bin,reverse,FAIL,
x64/windows_x64_custom_reverse_winhttp_eq_nop_bcf_7.bin,reverse,FAIL,
x64/windows_x64_custom_reverse_winhttp_eq_nop_bcf_8.bin,reverse,FAIL,
x64/windows_x64_custom_reverse_winhttp_eq_nop_bcf_9.bin,reverse,FAIL,
x64/windows_x64_custom_reverse_winhttp_eq_nop_ibp_1.bin,reverse,FAIL,
x64/windows_x64_custom_reverse_winhttp_eq_nop_ibp_10.bin,reverse,FAIL,
x64/windows_x64_custom_reverse_winhttp_eq_nop_ibp_2.bin,reverse,FAIL,
x64/windows_x64_custom_reverse_winhttp_eq_nop_ibp_3.bin,reverse,FAIL,
x64/windows_x64_custom_reverse_winhttp_eq_nop_ibp_4.bin,reverse,FAIL,
x64/windows_x64_custom_reverse_winhttp_eq_nop_ibp_5.bin,reverse,FAIL,
x64/windows_x64_custom_reverse_winhttp_eq_nop_ibp_6.bin,reverse,FAIL,
x64/windows_x64_custom_reverse_winhttp_eq_nop_ibp_7.bin,reverse,FAIL,
x64/windows_x64_custom_reverse_winhttp_eq_nop_ibp_8.bin,reverse,FAIL,
x64/windows_x64_custom_reverse_winhttp_eq_nop_ibp_9.bin,reverse,FAIL,
x64/windows_x64_custom_reverse_winhttp_eq_nop_pii_1.bin,reverse,FAIL,
x64/windows_x64_custom_reverse_winhttp_eq_nop_pii_10.bin,reverse,FAIL,
x64/windows_x64_custom_reverse_winhttp_eq_nop_pii_2.bin,reverse,FAIL,
x64/windows_x64_custom_reverse_winhttp_eq_nop_pii_3.bin,reverse,FAIL,
x64/windows_x64_custom_reverse_winhttp_eq_nop_pii_4.bin,reverse,FAIL,
x64/windows_x64_custom_reverse_winhttp_eq_nop_pii_5.bin,reverse,FAIL,
x64/windows_x64_custom_reverse_winhttp_eq_nop_pii_6.bin,reverse,FAIL,
x64/windows_x64_custom_reverse_winhttp_eq_nop_pii_7.bin,reverse,FAIL,
x64/windows_x64_custom_reverse_winhttp_eq_nop_pii_8.bin,reverse,FAIL,
x64/windows_x64_custom_reverse_winhttp_eq_nop_pii_9.bin,reverse,FAIL,
x64/windows_x64_custom_reverse_winhttp_ibp_1.bin,reverse,FAIL,
x64/windows_x64_custom_reverse_winhttp_ibp_10.bin,reverse,FAIL,
x64/windows_x64_custom_reverse_winhttp_ibp_2.bin,reverse,FAIL,
x64/windows_x64_custom_reverse_winhttp_ibp_3.bin,reverse,FAIL,
x64/windows_x64_custom_reverse_winhttp_ibp_4.bin,reverse,FAIL,
x64/windows_x64_custom_reverse_winhttp_ibp_5.bin,reverse,FAIL,
x64/windows_x64_custom_reverse_winhttp_ibp_6.bin,reverse,FAIL,
x64/windows_x64_custom_reverse_winhttp_ibp_7.bin,reverse,FAIL,
x64/windows_x64_custom_reverse_winhttp_ibp_8.bin,reverse,FAIL,
x64/windows_x64_custom_reverse_winhttp_ibp_9.bin,reverse,FAIL,
x64/windows_x64_custom_reverse_winhttp_nop_1.bin,reverse,FAIL,
x64/windows_x64_custom_reverse_winhttp_nop_10.bin,reverse,FAIL,
x64/windows_x64_custom_reverse_winhttp_nop_2.bin,reverse,FAIL,
x64/windows_x64_custom_reverse_winhttp_nop_3.bin,reverse,FAIL,
x64/windows_x64_custom_reverse_winhttp_nop_4.bin,reverse,FAIL,
x64/windows_x64_custom_reverse_winhttp_nop_5.bin,reverse,FAIL,
x64/windows_x64_custom_reverse_winhttp_nop_6.bin,reverse,FAIL,
x64/windows_x64_custom_reverse_winhttp_nop_7.bin,reverse,FAIL,
x64/windows_x64_custom_reverse_winhttp_nop_8.bin,reverse,FAIL,
x64/windows_x64_custom_reverse_winhttp_nop_9.bin,reverse,FAIL,
x64/windows_x64_custom_reverse_winhttp_pii_1.bin,reverse,FAIL,
x64/windows_x64_custom_reverse_winhttp_pii_10.bin,reverse,FAIL,
x64/windows_x64_custom_reverse_winhttp_pii_2.bin,reverse,FAIL,
x64/windows_x64_custom_reverse_winhttp_pii_3.bin,reverse,FAIL,
x64/windows_x64_custom_reverse_winhttp_pii_4.bin,reverse,FAIL,
x64/windows_x64_custom_reverse_winhttp_pii_5.bin,reverse,FAIL,
x64/windows_x64_custom_reverse_winhttp_pii_6.bin,reverse,FAIL,
x64/windows_x64_custom_reverse_winhttp_pii_7.bin,reverse,FAIL,
x64/windows_x64_custom_reverse_winhttp_pii_8.bin,reverse,FAIL,
x64/windows_x64_custom_reverse_winhttp_pii_9.bin,reverse,FAIL,
x64/windows_x64_custom_reverse_winhttps_bcf_1.bin,reverse,FAIL,
x64/windows_x64_custom_reverse_winhttps_bcf_10.bin,reverse,FAIL,
x64/windows_x64_custom_reverse_winhttps_bcf_2.bin,reverse,FAIL,
x64/windows_x64_custom_reverse_winhttps_bcf_3.bin,reverse,FAIL,
x64/windows_x64_custom_reverse_winhttps_bcf_4.bin,reverse,FAIL,
x64/windows_x64_custom_reverse_winhttps_bcf_5.bin,reverse,FAIL,
x64/windows_x64_custom_reverse_winhttps_bcf_6.bin,reverse,FAIL,
x64/windows_x64_custom_reverse_winhttps_bcf_7.bin,reverse,FAIL,
x64/windows_x64_custom_reverse_winhttps_bcf_8.bin,reverse,FAIL,
x64/windows_x64_custom_reverse_winhttps_bcf_9.bin,reverse,FAIL,
x64/windows_x64_custom_reverse_winhttps_eq_1.bin,reverse,FAIL,
x64/windows_x64_custom_reverse_winhttps_eq_10.bin,reverse,FAIL,
x64/windows_x64_custom_reverse_winhttps_eq_2.bin,reverse,FAIL,
x64/windows_x64_custom_reverse_winhttps_eq_3.bin,reverse,FAIL,
x64/windows_x64_custom_reverse_winhttps_eq_4.bin,reverse,FAIL,
x64/windows_x64_custom_reverse_winhttps_eq_5.bin,reverse,FAIL,
x64/windows_x64_custom_reverse_winhttps_eq_6.bin,reverse,FAIL,
x64/windows_x64_custom_reverse_winhttps_eq_7.bin,reverse,FAIL,
x64/windows_x64_custom_reverse_winhttps_eq_8.bin,reverse,FAIL,
x64/windows_x64_custom_reverse_winhttps_eq_9.bin,reverse,FAIL,
x64/windows_x64_custom_reverse_winhttps_eq_nop_bcf_1.bin,reverse,FAIL,
x64/windows_x64_custom_reverse_winhttps_eq_nop_bcf_10.bin,reverse,FAIL,
x64/windows_x64_custom_reverse_winhttps_eq_nop_bcf_2.bin,reverse,FAIL,
x64/windows_x64_custom_reverse_winhttps_eq_nop_bcf_3.bin,reverse,FAIL,
x64/windows_x64_custom_reverse_winhttps_eq_nop_bcf_4.bin,reverse,FAIL,
x64/windows_x64_custom_reverse_winhttps_eq_nop_bcf_5.bin,reverse,FAIL,
x64/windows_x64_custom_reverse_winhttps_eq_nop_bcf_6.bin,reverse,FAIL,
x64/windows_x64_custom_reverse_winhttps_eq_nop_bcf_7.bin,reverse,FAIL,
x64/windows_x64_custom_reverse_winhttps_eq_nop_bcf_8.bin,reverse,FAIL,
x64/windows_x64_custom_reverse_winhttps_eq_nop_bcf_9.bin,reverse,FAIL,
x64/windows_x64_custom_reverse_winhttps_eq_nop_ibp_1.bin,reverse,FAIL,
x64/windows_x64_custom_reverse_winhttps_eq_nop_ibp_10.bin,reverse,FAIL,
x64/windows_x64_custom_reverse_winhttps_eq_nop_ibp_2.bin,reverse,FAIL,
x64/windows_x64_custom_reverse_winhttps_eq_nop_ibp_3.bin,reverse,FAIL,
x64/windows_x64_custom_reverse_winhttps_eq_nop_ibp_4.bin,reverse,FAIL,
x64/windows_x64_custom_reverse_winhttps_eq_nop_ibp_5.bin,reverse,FAIL,
x64/windows_x64_custom_reverse_winhttps_eq_nop_ibp_6.bin,reverse,FAIL,
x64/windows_x64_custom_reverse_winhttps_eq_nop_ibp_7.bin,reverse,FAIL,
x64/windows_x64_custom_reverse_winhttps_eq_nop_ibp_8.bin,reverse,FAIL,
x64/windows_x64_custom_reverse_winhttps_eq_nop_ibp_9.bin,reverse,FAIL,
x64/windows_x64_custom_reverse_winhttps_eq_nop_pii_1.bin,reverse,FAIL,
x64/windows_x64_custom_reverse_winhttps_eq_nop_pii_10.bin,reverse,FAIL,
x64/windows_x64_custom_reverse_winhttps_eq_nop_pii_2.bin,reverse,FAIL,
x64/windows_x64_custom_reverse_winhttps_eq_nop_pii_3.bin,reverse,FAIL,
x64/windows_x64_custom_reverse_winhttps_eq_nop_pii_4.bin,reverse,FAIL,
x64/windows_x64_custom_reverse_winhttps_eq_nop_pii_5.bin,reverse,FAIL,
x64/windows_x64_custom_reverse_winhttps_eq_nop_pii_6.bin,reverse,FAIL,
x64/windows_x64_custom_reverse_winhttps_eq_nop_pii_7.bin,reverse,FAIL,
x64/windows_x64_custom_reverse_winhttps_eq_nop_pii_8.bin,reverse,FAIL,
x64/windows_x64_custom_reverse_winhttps_eq_nop_pii_9.bin,reverse,FAIL,
x64/windows_x64_custom_reverse_winhttps_ibp_1.bin,reverse,FAIL,
x64/windows_x64_custom_reverse_winhttps_ibp_10.bin,reverse,FAIL,
x64/windows_x64_custom_reverse_winhttps_ibp_2.bin,reverse,FAIL,
x64/windows_x64_custom_reverse_winhttps_ibp_3.bin,reverse,FAIL,
x64/windows_x64_custom_reverse_winhttps_ibp_4.bin,reverse,FAIL,
x64/windows_x64_custom_reverse_winhttps_ibp_5.bin,reverse,FAIL,
x64/windows_x64_custom_reverse_winhttps_ibp_6.bin,reverse,FAIL,
x64/windows_x64_custom_reverse_winhttps_ibp_7.bin,reverse,FAIL,
x64/windows_x64_custom_reverse_winhttps_ibp_8.bin,reverse,FAIL,
x64/windows_x64_custom_reverse_winhttps_ibp_9.bin,reverse,FAIL,
x64/windows_x64_custom_reverse_winhttps_nop_1.bin,reverse,FAIL,
x64/windows_x64_custom_reverse_winhttps_nop_10.bin,reverse,FAIL,
x64/windows_x64_custom_reverse_winhttps_nop_2.bin,reverse,FAIL,
x64/windows_x64_custom_reverse_winhttps_nop_3.bin,reverse,FAIL,
x64/windows_x64_custom_reverse_winhttps_nop_4.bin,reverse,FAIL,
x64/windows_x64_custom_reverse_winhttps_nop_5.bin,reverse,FAIL,
x64/windows_x64_custom_reverse_winhttps_nop_6.bin,reverse,FAIL,
x64/windows_x64_custom_reverse_winhttps_nop_7.bin,reverse,FAIL,
x64/windows_x64_custom_reverse_winhttps_nop_8.bin,reverse,FAIL,
x64/windows_x64_custom_reverse_winhttps_nop_9.bin,reverse,FAIL,
x64/windows_x64_custom_reverse_winhttps_pii_1.bin,reverse,FAIL,
x64/windows_x64_custom_reverse_winhttps_pii_10.bin,reverse,FAIL,
x64/windows_x64_custom_reverse_winhttps_pii_2.bin,reverse,FAIL,
x64/windows_x64_custom_reverse_winhttps_pii_3.bin,reverse,FAIL,
x64/windows_x64_custom_reverse_winhttps_pii_4.bin,reverse,FAIL,
x64/windows_x64_custom_reverse_winhttps_pii_5.bin,reverse,FAIL,
x64/windows_x64_custom_reverse_winhttps_pii_6.bin,reverse,FAIL,
x64/windows_x64_custom_reverse_winhttps_pii_7.bin,reverse,FAIL,
x64/windows_x64_custom_reverse_winhttps_pii_8.bin,reverse,FAIL,
x64/windows_x64_custom_reverse_winhttps_pii_9.bin,reverse,FAIL,
x64/windows_x64_messagebox_bcf_1.bin,other,FAIL,
x64/windows_x64_messagebox_bcf_10.bin,other,FAIL,
x64/windows_x64_messagebox_bcf_2.bin,other,FAIL,
x64/windows_x64_messagebox_bcf_3.bin,other,FAIL,
x64/windows_x64_messagebox_bcf_4.bin,other,FAIL,
x64/windows_x64_messagebox_bcf_5.bin,other,FAIL,
x64/windows_x64_messagebox_bcf_6.bin,other,FAIL,
x64/windows_x64_messagebox_bcf_7.bin,other,FAIL,
x64/windows_x64_messagebox_bcf_8.bin,other,FAIL,
x64/windows_x64_messagebox_bcf_9.bin,other,FAIL,
x64/windows_x64_messagebox_eq_1.bin,other,FAIL,
x64/windows_x64_messagebox_eq_10.bin,other,FAIL,
x64/windows_x64_messagebox_eq_2.bin,other,FAIL,
x64/windows_x64_messagebox_eq_3.bin,other,FAIL,
x64/windows_x64_messagebox_eq_4.bin,other,FAIL,
x64/windows_x64_messagebox_eq_5.bin,other,FAIL,
x64/windows_x64_messagebox_eq_6.bin,other,FAIL,
x64/windows_x64_messagebox_eq_7.bin,other,FAIL,
x64/windows_x64_messagebox_eq_8.bin,other,FAIL,
x64/windows_x64_messagebox_eq_9.bin,other,FAIL,
x64/windows_x64_messagebox_eq_nop_bcf_1.bin,other,FAIL,
x64/windows_x64_messagebox_eq_nop_bcf_10.bin,other,FAIL,
x64/windows_x64_messagebox_eq_nop_bcf_2.bin,other,FAIL,
x64/windows_x64_messagebox_eq_nop_bcf_3.bin,other,FAIL,
x64/windows_x64_messagebox_eq_nop_bcf_4.bin,other,FAIL,
x64/windows_x64_messagebox_eq_nop_bcf_5.bin,other,FAIL,
x64/windows_x64_messagebox_eq_nop_bcf_6.bin,other,FAIL,
x64/windows_x64_messagebox_eq_nop_bcf_7.bin,other,FAIL,
x64/windows_x64_messagebox_eq_nop_bcf_8.bin,other,FAIL,
x64/windows_x64_messagebox_eq_nop_bcf_9.bin,other,FAIL,
x64/windows_x64_messagebox_eq_nop_ibp_1.bin,other,FAIL,
x64/windows_x64_messagebox_eq_nop_ibp_10.bin,other,FAIL,
x64/windows_x64_messagebox_eq_nop_ibp_2.bin,other,FAIL,
x64/windows_x64_messagebox_eq_nop_ibp_3.bin,other,FAIL,
x64/windows_x64_messagebox_eq_nop_ibp_4.bin,other,FAIL,
x64/windows_x64_messagebox_eq_nop_ibp_5.bin,other,FAIL,
x64/windows_x64_messagebox_eq_nop_ibp_6.bin,other,FAIL,
x64/windows_x64_messagebox_eq_nop_ibp_7.bin,other,FAIL,
x64/windows_x64_messagebox_eq_nop_ibp_8.bin,other,FAIL,
x64/windows_x64_messagebox_eq_nop_ibp_9.bin,other,FAIL,
x64/windows_x64_messagebox_eq_nop_pii_1.bin,other,FAIL,
x64/windows_x64_messagebox_eq_nop_pii_10.bin,other,FAIL,
x64/windows_x64_messagebox_eq_nop_pii_2.bin,other,FAIL,
x64/windows_x64_messagebox_eq_nop_pii_3.bin,other,FAIL,
x64/windows_x64_messagebox_eq_nop_pii_4.bin,other,FAIL,
x64/windows_x64_messagebox_eq_nop_pii_5.bin,other,FAIL,
x64/windows_x64_messagebox_eq_nop_pii_6.bin,other,FAIL,
x64/windows_x64_messagebox_eq_nop_pii_7.bin,other,FAIL,
x64/windows_x64_messagebox_eq_nop_pii_8.bin,other,FAIL,
x64/windows_x64_messagebox_eq_nop_pii_9.bin,other,FAIL,
x64/windows_x64_messagebox_ibp_1.bin,other,FAIL,
x64/windows_x64_messagebox_ibp_10.bin,other,FAIL,
x64/windows_x64_messagebox_ibp_2.bin,other,FAIL,
x64/windows_x64_messagebox_ibp_3.bin,other,FAIL,
x64/windows_x64_messagebox_ibp_4.bin,other,FAIL,
x64/windows_x64_messagebox_ibp_5.bin,other,FAIL,
x64/windows_x64_messagebox_ibp_6.bin,other,FAIL,
x64/windows_x64_messagebox_ibp_7.bin,other,FAIL,
x64/windows_x64_messagebox_ibp_8.bin,other,FAIL,
x64/windows_x64_messagebox_ibp_9.bin,other,FAIL,
x64/windows_x64_messagebox_nop_1.bin,other,FAIL,
x64/windows_x64_messagebox_nop_10.bin,other,FAIL,
x64/windows_x64_messagebox_nop_2.bin,other,FAIL,
x64/windows_x64_messagebox_nop_3.bin,other,FAIL,
x64/windows_x64_messagebox_nop_4.bin,other,FAIL,
x64/windows_x64_messagebox_nop_5.bin,other,FAIL,
x64/windows_x64_messagebox_nop_6.bin,other,FAIL,
x64/windows_x64_messagebox_nop_7.bin,other,FAIL,
x64/windows_x64_messagebox_nop_8.bin,other,FAIL,
x64/windows_x64_messagebox_nop_9.bin,other,FAIL,
x64/windows_x64_messagebox_pii_1.bin,other,FAIL,
x64/windows_x64_messagebox_pii_10.bin,other,FAIL,
x64/windows_x64_messagebox_pii_2.bin,other,FAIL,
x64/windows_x64_messagebox_pii_3.bin,other,FAIL,
x64/windows_x64_messagebox_pii_4.bin,other,FAIL,
x64/windows_x64_messagebox_pii_5.bin,other,FAIL,
x64/windows_x64_messagebox_pii_6.bin,other,FAIL,
x64/windows_x64_messagebox_pii_7.bin,other,FAIL,
x64/windows_x64_messagebox_pii_8.bin,other,FAIL,
x64/windows_x64_messagebox_pii_9.bin,other,FAIL,
x64/windows_x64_meterpreter_bind_tcp_bcf_1.bin,bind,OK,
x64/windows_x64_meterpreter_bind_tcp_bcf_10.bin,bind,OK,
x64/windows_x64_meterpreter_bind_tcp_bcf_2.bin,bind,OK,
x64/windows_x64_meterpreter_bind_tcp_bcf_3.bin,bind,OK,
x64/windows_x64_meterpreter_bind_tcp_bcf_4.bin,bind,OK,
x64/windows_x64_meterpreter_bind_tcp_bcf_5.bin,bind,OK,
x64/windows_x64_meterpreter_bind_tcp_bcf_6.bin,bind,OK,
x64/windows_x64_meterpreter_bind_tcp_bcf_7.bin,bind,OK,
x64/windows_x64_meterpreter_bind_tcp_bcf_8.bin,bind,OK,
x64/windows_x64_meterpreter_bind_tcp_bcf_9.bin,bind,OK,
x64/windows_x64_meterpreter_bind_tcp_eq_1.bin,bind,OK,
x64/windows_x64_meterpreter_bind_tcp_eq_10.bin,bind,OK,
x64/windows_x64_meterpreter_bind_tcp_eq_2.bin,bind,OK,
x64/windows_x64_meterpreter_bind_tcp_eq_3.bin,bind,OK,
x64/windows_x64_meterpreter_bind_tcp_eq_4.bin,bind,OK,
x64/windows_x64_meterpreter_bind_tcp_eq_5.bin,bind,OK,
x64/windows_x64_meterpreter_bind_tcp_eq_6.bin,bind,OK,
x64/windows_x64_meterpreter_bind_tcp_eq_7.bin,bind,OK,
x64/windows_x64_meterpreter_bind_tcp_eq_8.bin,bind,OK,
x64/windows_x64_meterpreter_bind_tcp_eq_9.bin,bind,OK,
x64/windows_x64_meterpreter_bind_tcp_eq_nop_bcf_1.bin,bind,FAIL,
x64/windows_x64_meterpreter_bind_tcp_eq_nop_bcf_10.bin,bind,FAIL,
x64/windows_x64_meterpreter_bind_tcp_eq_nop_bcf_2.bin,bind,FAIL,
x64/windows_x64_meterpreter_bind_tcp_eq_nop_bcf_3.bin,bind,FAIL,
x64/windows_x64_meterpreter_bind_tcp_eq_nop_bcf_4.bin,bind,FAIL,
x64/windows_x64_meterpreter_bind_tcp_eq_nop_bcf_5.bin,bind,FAIL,
x64/windows_x64_meterpreter_bind_tcp_eq_nop_bcf_6.bin,bind,FAIL,
x64/windows_x64_meterpreter_bind_tcp_eq_nop_bcf_7.bin,bind,FAIL,
x64/windows_x64_meterpreter_bind_tcp_eq_nop_bcf_8.bin,bind,FAIL,
x64/windows_x64_meterpreter_bind_tcp_eq_nop_bcf_9.bin,bind,FAIL,
x64/windows_x64_meterpreter_bind_tcp_eq_nop_ibp_1.bin,bind,OK,
x64/windows_x64_meterpreter_bind_tcp_eq_nop_ibp_10.bin,bind,OK,
x64/windows_x64_meterpreter_bind_tcp_eq_nop_ibp_2.bin,bind,OK,
x64/windows_x64_meterpreter_bind_tcp_eq_nop_ibp_3.bin,bind,OK,
x64/windows_x64_meterpreter_bind_tcp_eq_nop_ibp_4.bin,bind,OK,
x64/windows_x64_meterpreter_bind_tcp_eq_nop_ibp_5.bin,bind,OK,
x64/windows_x64_meterpreter_bind_tcp_eq_nop_ibp_6.bin,bind,OK,
x64/windows_x64_meterpreter_bind_tcp_eq_nop_ibp_7.bin,bind,OK,
x64/windows_x64_meterpreter_bind_tcp_eq_nop_ibp_8.bin,bind,OK,
x64/windows_x64_meterpreter_bind_tcp_eq_nop_ibp_9.bin,bind,OK,
x64/windows_x64_meterpreter_bind_tcp_eq_nop_pii_1.bin,bind,OK,
x64/windows_x64_meterpreter_bind_tcp_eq_nop_pii_10.bin,bind,OK,
x64/windows_x64_meterpreter_bind_tcp_eq_nop_pii_2.bin,bind,OK,
x64/windows_x64_meterpreter_bind_tcp_eq_nop_pii_3.bin,bind,OK,
x64/windows_x64_meterpreter_bind_tcp_eq_nop_pii_4.bin,bind,OK,
x64/windows_x64_meterpreter_bind_tcp_eq_nop_pii_5.bin,bind,OK,
x64/windows_x64_meterpreter_bind_tcp_eq_nop_pii_6.bin,bind,OK,
x64/windows_x64_meterpreter_bind_tcp_eq_nop_pii_7.bin,bind,OK,
x64/windows_x64_meterpreter_bind_tcp_eq_nop_pii_8.bin,bind,OK,
x64/windows_x64_meterpreter_bind_tcp_eq_nop_pii_9.bin,bind,OK,
x64/windows_x64_meterpreter_bind_tcp_ibp_1.bin,bind,OK,
x64/windows_x64_meterpreter_bind_tcp_ibp_10.bin,bind,OK,
x64/windows_x64_meterpreter_bind_tcp_ibp_2.bin,bind,OK,
x64/windows_x64_meterpreter_bind_tcp_ibp_3.bin,bind,OK,
x64/windows_x64_meterpreter_bind_tcp_ibp_4.bin,bind,OK,
x64/windows_x64_meterpreter_bind_tcp_ibp_5.bin,bind,OK,
x64/windows_x64_meterpreter_bind_tcp_ibp_6.bin,bind,OK,
x64/windows_x64_meterpreter_bind_tcp_ibp_7.bin,bind,OK,
x64/windows_x64_meterpreter_bind_tcp_ibp_8.bin,bind,OK,
x64/windows_x64_meterpreter_bind_tcp_ibp_9.bin,bind,OK,
x64/windows_x64_meterpreter_bind_tcp_nop_1.bin,bind,OK,
x64/windows_x64_meterpreter_bind_tcp_nop_10.bin,bind,OK,
x64/windows_x64_meterpreter_bind_tcp_nop_2.bin,bind,OK,
x64/windows_x64_meterpreter_bind_tcp_nop_3.bin,bind,OK,
x64/windows_x64_meterpreter_bind_tcp_nop_4.bin,bind,OK,
x64/windows_x64_meterpreter_bind_tcp_nop_5.bin,bind,OK,
x64/windows_x64_meterpreter_bind_tcp_nop_6.bin,bind,OK,
x64/windows_x64_meterpreter_bind_tcp_nop_7.bin,bind,OK,
x64/windows_x64_meterpreter_bind_tcp_nop_8.bin,bind,OK,
x64/windows_x64_meterpreter_bind_tcp_nop_9.bin,bind,OK,
x64/windows_x64_meterpreter_bind_tcp_pii_1.bin,bind,FAIL,
x64/windows_x64_meterpreter_bind_tcp_pii_10.bin,bind,OK,
x64/windows_x64_meterpreter_bind_tcp_pii_2.bin,bind,OK,
x64/windows_x64_meterpreter_bind_tcp_pii_3.bin,bind,OK,
x64/windows_x64_meterpreter_bind_tcp_pii_4.bin,bind,OK,
x64/windows_x64_meterpreter_bind_tcp_pii_5.bin,bind,OK,
x64/windows_x64_meterpreter_bind_tcp_pii_6.bin,bind,OK,
x64/windows_x64_meterpreter_bind_tcp_pii_7.bin,bind,OK,
x64/windows_x64_meterpreter_bind_tcp_pii_8.bin,bind,OK,
x64/windows_x64_meterpreter_bind_tcp_pii_9.bin,bind,OK,
x64/windows_x64_meterpreter_bind_tcp_rc4_bcf_1.bin,bind,OK,
x64/windows_x64_meterpreter_bind_tcp_rc4_bcf_10.bin,bind,OK,
x64/windows_x64_meterpreter_bind_tcp_rc4_bcf_2.bin,bind,OK,
x64/windows_x64_meterpreter_bind_tcp_rc4_bcf_3.bin,bind,OK,
x64/windows_x64_meterpreter_bind_tcp_rc4_bcf_4.bin,bind,OK,
x64/windows_x64_meterpreter_bind_tcp_rc4_bcf_5.bin,bind,OK,
x64/windows_x64_meterpreter_bind_tcp_rc4_bcf_6.bin,bind,OK,
x64/windows_x64_meterpreter_bind_tcp_rc4_bcf_7.bin,bind,OK,
x64/windows_x64_meterpreter_bind_tcp_rc4_bcf_8.bin,bind,OK,
x64/windows_x64_meterpreter_bind_tcp_rc4_bcf_9.bin,bind,OK,
x64/windows_x64_meterpreter_bind_tcp_rc4_eq_1.bin,bind,OK,
x64/windows_x64_meterpreter_bind_tcp_rc4_eq_10.bin,bind,OK,
x64/windows_x64_meterpreter_bind_tcp_rc4_eq_2.bin,bind,OK,
x64/windows_x64_meterpreter_bind_tcp_rc4_eq_3.bin,bind,OK,
x64/windows_x64_meterpreter_bind_tcp_rc4_eq_4.bin,bind,OK,
x64/windows_x64_meterpreter_bind_tcp_rc4_eq_5.bin,bind,OK,
x64/windows_x64_meterpreter_bind_tcp_rc4_eq_6.bin,bind,OK,
x64/windows_x64_meterpreter_bind_tcp_rc4_eq_7.bin,bind,OK,
x64/windows_x64_meterpreter_bind_tcp_rc4_eq_8.bin,bind,OK,
x64/windows_x64_meterpreter_bind_tcp_rc4_eq_9.bin,bind,OK,
x64/windows_x64_meterpreter_bind_tcp_rc4_eq_nop_bcf_1.bin,bind,FAIL,
x64/windows_x64_meterpreter_bind_tcp_rc4_eq_nop_bcf_10.bin,bind,FAIL,
x64/windows_x64_meterpreter_bind_tcp_rc4_eq_nop_bcf_2.bin,bind,FAIL,
x64/windows_x64_meterpreter_bind_tcp_rc4_eq_nop_bcf_3.bin,bind,FAIL,
x64/windows_x64_meterpreter_bind_tcp_rc4_eq_nop_bcf_4.bin,bind,FAIL,
x64/windows_x64_meterpreter_bind_tcp_rc4_eq_nop_bcf_5.bin,bind,FAIL,
x64/windows_x64_meterpreter_bind_tcp_rc4_eq_nop_bcf_6.bin,bind,FAIL,
x64/windows_x64_meterpreter_bind_tcp_rc4_eq_nop_bcf_7.bin,bind,FAIL,
x64/windows_x64_meterpreter_bind_tcp_rc4_eq_nop_bcf_8.bin,bind,FAIL,
x64/windows_x64_meterpreter_bind_tcp_rc4_eq_nop_bcf_9.bin,bind,FAIL,
x64/windows_x64_meterpreter_bind_tcp_rc4_eq_nop_ibp_1.bin,bind,OK,
x64/windows_x64_meterpreter_bind_tcp_rc4_eq_nop_ibp_10.bin,bind,OK,
x64/windows_x64_meterpreter_bind_tcp_rc4_eq_nop_ibp_2.bin,bind,OK,
x64/windows_x64_meterpreter_bind_tcp_rc4_eq_nop_ibp_3.bin,bind,OK,
x64/windows_x64_meterpreter_bind_tcp_rc4_eq_nop_ibp_4.bin,bind,OK,
x64/windows_x64_meterpreter_bind_tcp_rc4_eq_nop_ibp_5.bin,bind,OK,
x64/windows_x64_meterpreter_bind_tcp_rc4_eq_nop_ibp_6.bin,bind,OK,
x64/windows_x64_meterpreter_bind_tcp_rc4_eq_nop_ibp_7.bin,bind,OK,
x64/windows_x64_meterpreter_bind_tcp_rc4_eq_nop_ibp_8.bin,bind,OK,
x64/windows_x64_meterpreter_bind_tcp_rc4_eq_nop_ibp_9.bin,bind,OK,
x64/windows_x64_meterpreter_bind_tcp_rc4_eq_nop_pii_1.bin,bind,OK,
x64/windows_x64_meterpreter_bind_tcp_rc4_eq_nop_pii_10.bin,bind,OK,
x64/windows_x64_meterpreter_bind_tcp_rc4_eq_nop_pii_2.bin,bind,OK,
x64/windows_x64_meterpreter_bind_tcp_rc4_eq_nop_pii_3.bin,bind,OK,
x64/windows_x64_meterpreter_bind_tcp_rc4_eq_nop_pii_4.bin,bind,OK,
x64/windows_x64_meterpreter_bind_tcp_rc4_eq_nop_pii_5.bin,bind,OK,
x64/windows_x64_meterpreter_bind_tcp_rc4_eq_nop_pii_6.bin,bind,OK,
x64/windows_x64_meterpreter_bind_tcp_rc4_eq_nop_pii_7.bin,bind,OK,
x64/windows_x64_meterpreter_bind_tcp_rc4_eq_nop_pii_8.bin,bind,OK,
x64/windows_x64_meterpreter_bind_tcp_rc4_eq_nop_pii_9.bin,bind,OK,
x64/windows_x64_meterpreter_bind_tcp_rc4_ibp_1.bin,bind,OK,
x64/windows_x64_meterpreter_bind_tcp_rc4_ibp_10.bin,bind,OK,
x64/windows_x64_meterpreter_bind_tcp_rc4_ibp_2.bin,bind,OK,
x64/windows_x64_meterpreter_bind_tcp_rc4_ibp_3.bin,bind,OK,
x64/windows_x64_meterpreter_bind_tcp_rc4_ibp_4.bin,bind,OK,
x64/windows_x64_meterpreter_bind_tcp_rc4_ibp_5.bin,bind,OK,
x64/windows_x64_meterpreter_bind_tcp_rc4_ibp_6.bin,bind,OK,
x64/windows_x64_meterpreter_bind_tcp_rc4_ibp_7.bin,bind,OK,
x64/windows_x64_meterpreter_bind_tcp_rc4_ibp_8.bin,bind,OK,
x64/windows_x64_meterpreter_bind_tcp_rc4_ibp_9.bin,bind,OK,
x64/windows_x64_meterpreter_bind_tcp_rc4_nop_1.bin,bind,OK,
x64/windows_x64_meterpreter_bind_tcp_rc4_nop_10.bin,bind,OK,
x64/windows_x64_meterpreter_bind_tcp_rc4_nop_2.bin,bind,OK,
x64/windows_x64_meterpreter_bind_tcp_rc4_nop_3.bin,bind,OK,
x64/windows_x64_meterpreter_bind_tcp_rc4_nop_4.bin,bind,OK,
x64/windows_x64_meterpreter_bind_tcp_rc4_nop_5.bin,bind,OK,
x64/windows_x64_meterpreter_bind_tcp_rc4_nop_6.bin,bind,OK,
x64/windows_x64_meterpreter_bind_tcp_rc4_nop_7.bin,bind,OK,
x64/windows_x64_meterpreter_bind_tcp_rc4_nop_8.bin,bind,OK,
x64/windows_x64_meterpreter_bind_tcp_rc4_nop_9.bin,bind,OK,
x64/windows_x64_meterpreter_bind_tcp_rc4_pii_1.bin,bind,OK,
x64/windows_x64_meterpreter_bind_tcp_rc4_pii_10.bin,bind,OK,
x64/windows_x64_meterpreter_bind_tcp_rc4_pii_2.bin,bind,OK,
x64/windows_x64_meterpreter_bind_tcp_rc4_pii_3.bin,bind,OK,
x64/windows_x64_meterpreter_bind_tcp_rc4_pii_4.bin,bind,FAIL,
x64/windows_x64_meterpreter_bind_tcp_rc4_pii_5.bin,bind,OK,
x64/windows_x64_meterpreter_bind_tcp_rc4_pii_6.bin,bind,OK,
x64/windows_x64_meterpreter_bind_tcp_rc4_pii_7.bin,bind,OK,
x64/windows_x64_meterpreter_bind_tcp_rc4_pii_8.bin,bind,FAIL,
x64/windows_x64_meterpreter_bind_tcp_rc4_pii_9.bin,bind,OK,
x64/windows_x64_meterpreter_bind_tcp_uuid_bcf_1.bin,bind,OK,
x64/windows_x64_meterpreter_bind_tcp_uuid_bcf_10.bin,bind,OK,
x64/windows_x64_meterpreter_bind_tcp_uuid_bcf_2.bin,bind,OK,
x64/windows_x64_meterpreter_bind_tcp_uuid_bcf_3.bin,bind,OK,
x64/windows_x64_meterpreter_bind_tcp_uuid_bcf_4.bin,bind,OK,
x64/windows_x64_meterpreter_bind_tcp_uuid_bcf_5.bin,bind,OK,
x64/windows_x64_meterpreter_bind_tcp_uuid_bcf_6.bin,bind,OK,
x64/windows_x64_meterpreter_bind_tcp_uuid_bcf_7.bin,bind,OK,
x64/windows_x64_meterpreter_bind_tcp_uuid_bcf_8.bin,bind,OK,
x64/windows_x64_meterpreter_bind_tcp_uuid_bcf_9.bin,bind,OK,
x64/windows_x64_meterpreter_bind_tcp_uuid_eq_1.bin,bind,OK,
x64/windows_x64_meterpreter_bind_tcp_uuid_eq_10.bin,bind,OK,
x64/windows_x64_meterpreter_bind_tcp_uuid_eq_2.bin,bind,OK,
x64/windows_x64_meterpreter_bind_tcp_uuid_eq_3.bin,bind,OK,
x64/windows_x64_meterpreter_bind_tcp_uuid_eq_4.bin,bind,OK,
x64/windows_x64_meterpreter_bind_tcp_uuid_eq_5.bin,bind,OK,
x64/windows_x64_meterpreter_bind_tcp_uuid_eq_6.bin,bind,OK,
x64/windows_x64_meterpreter_bind_tcp_uuid_eq_7.bin,bind,OK,
x64/windows_x64_meterpreter_bind_tcp_uuid_eq_8.bin,bind,OK,
x64/windows_x64_meterpreter_bind_tcp_uuid_eq_9.bin,bind,OK,
x64/windows_x64_meterpreter_bind_tcp_uuid_eq_nop_bcf_1.bin,bind,FAIL,
x64/windows_x64_meterpreter_bind_tcp_uuid_eq_nop_bcf_10.bin,bind,FAIL,
x64/windows_x64_meterpreter_bind_tcp_uuid_eq_nop_bcf_2.bin,bind,FAIL,
x64/windows_x64_meterpreter_bind_tcp_uuid_eq_nop_bcf_3.bin,bind,FAIL,
x64/windows_x64_meterpreter_bind_tcp_uuid_eq_nop_bcf_4.bin,bind,FAIL,
x64/windows_x64_meterpreter_bind_tcp_uuid_eq_nop_bcf_5.bin,bind,FAIL,
x64/windows_x64_meterpreter_bind_tcp_uuid_eq_nop_bcf_6.bin,bind,FAIL,
x64/windows_x64_meterpreter_bind_tcp_uuid_eq_nop_bcf_7.bin,bind,FAIL,
x64/windows_x64_meterpreter_bind_tcp_uuid_eq_nop_bcf_8.bin,bind,FAIL,
x64/windows_x64_meterpreter_bind_tcp_uuid_eq_nop_bcf_9.bin,bind,FAIL,
x64/windows_x64_meterpreter_bind_tcp_uuid_eq_nop_ibp_1.bin,bind,OK,
x64/windows_x64_meterpreter_bind_tcp_uuid_eq_nop_ibp_10.bin,bind,OK,
x64/windows_x64_meterpreter_bind_tcp_uuid_eq_nop_ibp_2.bin,bind,OK,
x64/windows_x64_meterpreter_bind_tcp_uuid_eq_nop_ibp_3.bin,bind,OK,
x64/windows_x64_meterpreter_bind_tcp_uuid_eq_nop_ibp_4.bin,bind,OK,
x64/windows_x64_meterpreter_bind_tcp_uuid_eq_nop_ibp_5.bin,bind,OK,
x64/windows_x64_meterpreter_bind_tcp_uuid_eq_nop_ibp_6.bin,bind,OK,
x64/windows_x64_meterpreter_bind_tcp_uuid_eq_nop_ibp_7.bin,bind,OK,
x64/windows_x64_meterpreter_bind_tcp_uuid_eq_nop_ibp_8.bin,bind,OK,
x64/windows_x64_meterpreter_bind_tcp_uuid_eq_nop_ibp_9.bin,bind,OK,
x64/windows_x64_meterpreter_bind_tcp_uuid_eq_nop_pii_1.bin,bind,OK,
x64/windows_x64_meterpreter_bind_tcp_uuid_eq_nop_pii_10.bin,bind,OK,
x64/windows_x64_meterpreter_bind_tcp_uuid_eq_nop_pii_2.bin,bind,OK,
x64/windows_x64_meterpreter_bind_tcp_uuid_eq_nop_pii_3.bin,bind,OK,
x64/windows_x64_meterpreter_bind_tcp_uuid_eq_nop_pii_4.bin,bind,OK,
x64/windows_x64_meterpreter_bind_tcp_uuid_eq_nop_pii_5.bin,bind,OK,
x64/windows_x64_meterpreter_bind_tcp_uuid_eq_nop_pii_6.bin,bind,OK,
x64/windows_x64_meterpreter_bind_tcp_uuid_eq_nop_pii_7.bin,bind,OK,
x64/windows_x64_meterpreter_bind_tcp_uuid_eq_nop_pii_8.bin,bind,OK,
x64/windows_x64_meterpreter_bind_tcp_uuid_eq_nop_pii_9.bin,bind,OK,
x64/windows_x64_meterpreter_bind_tcp_uuid_ibp_1.bin,bind,OK,
x64/windows_x64_meterpreter_bind_tcp_uuid_ibp_10.bin,bind,OK,
x64/windows_x64_meterpreter_bind_tcp_uuid_ibp_2.bin,bind,OK,
x64/windows_x64_meterpreter_bind_tcp_uuid_ibp_3.bin,bind,OK,
x64/windows_x64_meterpreter_bind_tcp_uuid_ibp_4.bin,bind,OK,
x64/windows_x64_meterpreter_bind_tcp_uuid_ibp_5.bin,bind,OK,
x64/windows_x64_meterpreter_bind_tcp_uuid_ibp_6.bin,bind,OK,
x64/windows_x64_meterpreter_bind_tcp_uuid_ibp_7.bin,bind,OK,
x64/windows_x64_meterpreter_bind_tcp_uuid_ibp_8.bin,bind,OK,
x64/windows_x64_meterpreter_bind_tcp_uuid_ibp_9.bin,bind,OK,
x64/windows_x64_meterpreter_bind_tcp_uuid_nop_1.bin,bind,OK,
x64/windows_x64_meterpreter_bind_tcp_uuid_nop_10.bin,bind,OK,
x64/windows_x64_meterpreter_bind_tcp_uuid_nop_2.bin,bind,OK,
x64/windows_x64_meterpreter_bind_tcp_uuid_nop_3.bin,bind,OK,
x64/windows_x64_meterpreter_bind_tcp_uuid_nop_4.bin,bind,OK,
x64/windows_x64_meterpreter_bind_tcp_uuid_nop_5.bin,bind,OK,
x64/windows_x64_meterpreter_bind_tcp_uuid_nop_6.bin,bind,OK,
x64/windows_x64_meterpreter_bind_tcp_uuid_nop_7.bin,bind,OK,
x64/windows_x64_meterpreter_bind_tcp_uuid_nop_8.bin,bind,OK,
x64/windows_x64_meterpreter_bind_tcp_uuid_nop_9.bin,bind,OK,
x64/windows_x64_meterpreter_bind_tcp_uuid_pii_1.bin,bind,FAIL,
x64/windows_x64_meterpreter_bind_tcp_uuid_pii_10.bin,bind,FAIL,
x64/windows_x64_meterpreter_bind_tcp_uuid_pii_2.bin,bind,OK,
x64/windows_x64_meterpreter_bind_tcp_uuid_pii_3.bin,bind,OK,
x64/windows_x64_meterpreter_bind_tcp_uuid_pii_4.bin,bind,OK,
x64/windows_x64_meterpreter_bind_tcp_uuid_pii_5.bin,bind,OK,
x64/windows_x64_meterpreter_bind_tcp_uuid_pii_6.bin,bind,OK,
x64/windows_x64_meterpreter_bind_tcp_uuid_pii_7.bin,bind,OK,
x64/windows_x64_meterpreter_bind_tcp_uuid_pii_8.bin,bind,FAIL,
x64/windows_x64_meterpreter_bind_tcp_uuid_pii_9.bin,bind,OK,
x64/windows_x64_meterpreter_reverse_http_bcf_1.bin,reverse,FAIL,
x64/windows_x64_meterpreter_reverse_http_bcf_10.bin,reverse,FAIL,
x64/windows_x64_meterpreter_reverse_http_bcf_2.bin,reverse,FAIL,
x64/windows_x64_meterpreter_reverse_http_bcf_3.bin,reverse,FAIL,
x64/windows_x64_meterpreter_reverse_http_bcf_4.bin,reverse,FAIL,
x64/windows_x64_meterpreter_reverse_http_bcf_5.bin,reverse,FAIL,
x64/windows_x64_meterpreter_reverse_http_bcf_6.bin,reverse,FAIL,
x64/windows_x64_meterpreter_reverse_http_bcf_7.bin,reverse,FAIL,
x64/windows_x64_meterpreter_reverse_http_bcf_8.bin,reverse,FAIL,
x64/windows_x64_meterpreter_reverse_http_bcf_9.bin,reverse,FAIL,
x64/windows_x64_meterpreter_reverse_http_eq_1.bin,reverse,FAIL,
x64/windows_x64_meterpreter_reverse_http_eq_10.bin,reverse,FAIL,
x64/windows_x64_meterpreter_reverse_http_eq_2.bin,reverse,FAIL,
x64/windows_x64_meterpreter_reverse_http_eq_3.bin,reverse,FAIL,
x64/windows_x64_meterpreter_reverse_http_eq_4.bin,reverse,FAIL,
x64/windows_x64_meterpreter_reverse_http_eq_5.bin,reverse,FAIL,
x64/windows_x64_meterpreter_reverse_http_eq_6.bin,reverse,FAIL,
x64/windows_x64_meterpreter_reverse_http_eq_7.bin,reverse,FAIL,
x64/windows_x64_meterpreter_reverse_http_eq_8.bin,reverse,FAIL,
x64/windows_x64_meterpreter_reverse_http_eq_9.bin,reverse,FAIL,
x64/windows_x64_meterpreter_reverse_http_eq_nop_bcf_1.bin,reverse,FAIL,
x64/windows_x64_meterpreter_reverse_http_eq_nop_bcf_10.bin,reverse,FAIL,
x64/windows_x64_meterpreter_reverse_http_eq_nop_bcf_2.bin,reverse,FAIL,
x64/windows_x64_meterpreter_reverse_http_eq_nop_bcf_3.bin,reverse,FAIL,
x64/windows_x64_meterpreter_reverse_http_eq_nop_bcf_4.bin,reverse,FAIL,
x64/windows_x64_meterpreter_reverse_http_eq_nop_bcf_5.bin,reverse,FAIL,
x64/windows_x64_meterpreter_reverse_http_eq_nop_bcf_6.bin,reverse,FAIL,
x64/windows_x64_meterpreter_reverse_http_eq_nop_bcf_7.bin,reverse,FAIL,
x64/windows_x64_meterpreter_reverse_http_eq_nop_bcf_8.bin,reverse,FAIL,
x64/windows_x64_meterpreter_reverse_http_eq_nop_bcf_9.bin,reverse,FAIL,
x64/windows_x64_meterpreter_reverse_http_eq_nop_ibp_1.bin,reverse,FAIL,
x64/windows_x64_meterpreter_reverse_http_eq_nop_ibp_10.bin,reverse,FAIL,
x64/windows_x64_meterpreter_reverse_http_eq_nop_ibp_2.bin,reverse,FAIL,
x64/windows_x64_meterpreter_reverse_http_eq_nop_ibp_3.bin,reverse,FAIL,
x64/windows_x64_meterpreter_reverse_http_eq_nop_ibp_4.bin,reverse,FAIL,
x64/windows_x64_meterpreter_reverse_http_eq_nop_ibp_5.bin,reverse,FAIL,
x64/windows_x64_meterpreter_reverse_http_eq_nop_ibp_6.bin,reverse,FAIL,
x64/windows_x64_meterpreter_reverse_http_eq_nop_ibp_7.bin,reverse,FAIL,
x64/windows_x64_meterpreter_reverse_http_eq_nop_ibp_8.bin,reverse,FAIL,
x64/windows_x64_meterpreter_reverse_http_eq_nop_ibp_9.bin,reverse,FAIL,
x64/windows_x64_meterpreter_reverse_http_eq_nop_pii_1.bin,reverse,FAIL,
x64/windows_x64_meterpreter_reverse_http_eq_nop_pii_10.bin,reverse,FAIL,
x64/windows_x64_meterpreter_reverse_http_eq_nop_pii_2.bin,reverse,FAIL,
x64/windows_x64_meterpreter_reverse_http_eq_nop_pii_3.bin,reverse,FAIL,
x64/windows_x64_meterpreter_reverse_http_eq_nop_pii_4.bin,reverse,FAIL,
x64/windows_x64_meterpreter_reverse_http_eq_nop_pii_5.bin,reverse,FAIL,
x64/windows_x64_meterpreter_reverse_http_eq_nop_pii_6.bin,reverse,FAIL,
x64/windows_x64_meterpreter_reverse_http_eq_nop_pii_7.bin,reverse,FAIL,
x64/windows_x64_meterpreter_reverse_http_eq_nop_pii_8.bin,reverse,FAIL,
x64/windows_x64_meterpreter_reverse_http_eq_nop_pii_9.bin,reverse,FAIL,
x64/windows_x64_meterpreter_reverse_http_ibp_1.bin,reverse,FAIL,
x64/windows_x64_meterpreter_reverse_http_ibp_10.bin,reverse,FAIL,
x64/windows_x64_meterpreter_reverse_http_ibp_2.bin,reverse,FAIL,
x64/windows_x64_meterpreter_reverse_http_ibp_3.bin,reverse,FAIL,
x64/windows_x64_meterpreter_reverse_http_ibp_4.bin,reverse,FAIL,
x64/windows_x64_meterpreter_reverse_http_ibp_5.bin,reverse,FAIL,
x64/windows_x64_meterpreter_reverse_http_ibp_6.bin,reverse,FAIL,
x64/windows_x64_meterpreter_reverse_http_ibp_7.bin,reverse,FAIL,
x64/windows_x64_meterpreter_reverse_http_ibp_8.bin,reverse,FAIL,
x64/windows_x64_meterpreter_reverse_http_ibp_9.bin,reverse,FAIL,
x64/windows_x64_meterpreter_reverse_http_nop_1.bin,reverse,FAIL,
x64/windows_x64_meterpreter_reverse_http_nop_10.bin,reverse,FAIL,
x64/windows_x64_meterpreter_reverse_http_nop_2.bin,reverse,FAIL,
x64/windows_x64_meterpreter_reverse_http_nop_3.bin,reverse,FAIL,
x64/windows_x64_meterpreter_reverse_http_nop_4.bin,reverse,FAIL,
x64/windows_x64_meterpreter_reverse_http_nop_5.bin,reverse,FAIL,
x64/windows_x64_meterpreter_reverse_http_nop_6.bin,reverse,FAIL,
x64/windows_x64_meterpreter_reverse_http_nop_7.bin,reverse,FAIL,
x64/windows_x64_meterpreter_reverse_http_nop_8.bin,reverse,FAIL,
x64/windows_x64_meterpreter_reverse_http_nop_9.bin,reverse,FAIL,
x64/windows_x64_meterpreter_reverse_http_pii_1.bin,reverse,FAIL,
x64/windows_x64_meterpreter_reverse_http_pii_10.bin,reverse,FAIL,
x64/windows_x64_meterpreter_reverse_http_pii_2.bin,reverse,FAIL,
x64/windows_x64_meterpreter_reverse_http_pii_3.bin,reverse,FAIL,
x64/windows_x64_meterpreter_reverse_http_pii_4.bin,reverse,FAIL,
x64/windows_x64_meterpreter_reverse_http_pii_5.bin,reverse,FAIL,
x64/windows_x64_meterpreter_reverse_http_pii_6.bin,reverse,FAIL,
x64/windows_x64_meterpreter_reverse_http_pii_7.bin,reverse,FAIL,
x64/windows_x64_meterpreter_reverse_http_pii_8.bin,reverse,FAIL,
x64/windows_x64_meterpreter_reverse_http_pii_9.bin,reverse,FAIL,
x64/windows_x64_meterpreter_reverse_https_bcf_1.bin,reverse,FAIL,
x64/windows_x64_meterpreter_reverse_https_bcf_10.bin,reverse,FAIL,
x64/windows_x64_meterpreter_reverse_https_bcf_2.bin,reverse,FAIL,
x64/windows_x64_meterpreter_reverse_https_bcf_3.bin,reverse,FAIL,
x64/windows_x64_meterpreter_reverse_https_bcf_4.bin,reverse,FAIL,
x64/windows_x64_meterpreter_reverse_https_bcf_5.bin,reverse,FAIL,
x64/windows_x64_meterpreter_reverse_https_bcf_6.bin,reverse,FAIL,
x64/windows_x64_meterpreter_reverse_https_bcf_7.bin,reverse,FAIL,
x64/windows_x64_meterpreter_reverse_https_bcf_8.bin,reverse,FAIL,
x64/windows_x64_meterpreter_reverse_https_bcf_9.bin,reverse,FAIL,
x64/windows_x64_meterpreter_reverse_https_eq_1.bin,reverse,FAIL,
x64/windows_x64_meterpreter_reverse_https_eq_10.bin,reverse,FAIL,
x64/windows_x64_meterpreter_reverse_https_eq_2.bin,reverse,FAIL,
x64/windows_x64_meterpreter_reverse_https_eq_3.bin,reverse,FAIL,
x64/windows_x64_meterpreter_reverse_https_eq_4.bin,reverse,FAIL,
x64/windows_x64_meterpreter_reverse_https_eq_5.bin,reverse,FAIL,
x64/windows_x64_meterpreter_reverse_https_eq_6.bin,reverse,FAIL,
x64/windows_x64_meterpreter_reverse_https_eq_7.bin,reverse,FAIL,
x64/windows_x64_meterpreter_reverse_https_eq_8.bin,reverse,FAIL,
x64/windows_x64_meterpreter_reverse_https_eq_9.bin,reverse,FAIL,
x64/windows_x64_meterpreter_reverse_https_eq_nop_bcf_1.bin,reverse,FAIL,
x64/windows_x64_meterpreter_reverse_https_eq_nop_bcf_10.bin,reverse,FAIL,
x64/windows_x64_meterpreter_reverse_https_eq_nop_bcf_2.bin,reverse,FAIL,
x64/windows_x64_meterpreter_reverse_https_eq_nop_bcf_3.bin,reverse,FAIL,
x64/windows_x64_meterpreter_reverse_https_eq_nop_bcf_4.bin,reverse,FAIL,
x64/windows_x64_meterpreter_reverse_https_eq_nop_bcf_5.bin,reverse,FAIL,
x64/windows_x64_meterpreter_reverse_https_eq_nop_bcf_6.bin,reverse,FAIL,
x64/windows_x64_meterpreter_reverse_https_eq_nop_bcf_7.bin,reverse,FAIL,
x64/windows_x64_meterpreter_reverse_https_eq_nop_bcf_8.bin,reverse,FAIL,
x64/windows_x64_meterpreter_reverse_https_eq_nop_bcf_9.bin,reverse,FAIL,
x64/windows_x64_meterpreter_reverse_https_eq_nop_ibp_1.bin,reverse,FAIL,
x64/windows_x64_meterpreter_reverse_https_eq_nop_ibp_10.bin,reverse,FAIL,
x64/windows_x64_meterpreter_reverse_https_eq_nop_ibp_2.bin,reverse,FAIL,
x64/windows_x64_meterpreter_reverse_https_eq_nop_ibp_3.bin,reverse,FAIL,
x64/windows_x64_meterpreter_reverse_https_eq_nop_ibp_4.bin,reverse,FAIL,
x64/windows_x64_meterpreter_reverse_https_eq_nop_ibp_5.bin,reverse,FAIL,
x64/windows_x64_meterpreter_reverse_https_eq_nop_ibp_6.bin,reverse,FAIL,
x64/windows_x64_meterpreter_reverse_https_eq_nop_ibp_7.bin,reverse,FAIL,
x64/windows_x64_meterpreter_reverse_https_eq_nop_ibp_8.bin,reverse,FAIL,
x64/windows_x64_meterpreter_reverse_https_eq_nop_ibp_9.bin,reverse,FAIL,
x64/windows_x64_meterpreter_reverse_https_eq_nop_pii_1.bin,reverse,FAIL,
x64/windows_x64_meterpreter_reverse_https_eq_nop_pii_10.bin,reverse,FAIL,
x64/windows_x64_meterpreter_reverse_https_eq_nop_pii_2.bin,reverse,FAIL,
x64/windows_x64_meterpreter_reverse_https_eq_nop_pii_3.bin,reverse,FAIL,
x64/windows_x64_meterpreter_reverse_https_eq_nop_pii_4.bin,reverse,FAIL,
x64/windows_x64_meterpreter_reverse_https_eq_nop_pii_5.bin,reverse,FAIL,
x64/windows_x64_meterpreter_reverse_https_eq_nop_pii_6.bin,reverse,FAIL,
x64/windows_x64_meterpreter_reverse_https_eq_nop_pii_7.bin,reverse,FAIL,
x64/windows_x64_meterpreter_reverse_https_eq_nop_pii_8.bin,reverse,FAIL,
x64/windows_x64_meterpreter_reverse_https_eq_nop_pii_9.bin,reverse,FAIL,
x64/windows_x64_meterpreter_reverse_https_ibp_1.bin,reverse,FAIL,
x64/windows_x64_meterpreter_reverse_https_ibp_10.bin,reverse,FAIL,
x64/windows_x64_meterpreter_reverse_https_ibp_2.bin,reverse,FAIL,
x64/windows_x64_meterpreter_reverse_https_ibp_3.bin,reverse,FAIL,
x64/windows_x64_meterpreter_reverse_https_ibp_4.bin,reverse,FAIL,
x64/windows_x64_meterpreter_reverse_https_ibp_5.bin,reverse,FAIL,
x64/windows_x64_meterpreter_reverse_https_ibp_6.bin,reverse,FAIL,
x64/windows_x64_meterpreter_reverse_https_ibp_7.bin,reverse,FAIL,
x64/windows_x64_meterpreter_reverse_https_ibp_8.bin,reverse,FAIL,
x64/windows_x64_meterpreter_reverse_https_ibp_9.bin,reverse,FAIL,
x64/windows_x64_meterpreter_reverse_https_nop_1.bin,reverse,FAIL,
x64/windows_x64_meterpreter_reverse_https_nop_10.bin,reverse,FAIL,
x64/windows_x64_meterpreter_reverse_https_nop_2.bin,reverse,FAIL,
x64/windows_x64_meterpreter_reverse_https_nop_3.bin,reverse,FAIL,
x64/windows_x64_meterpreter_reverse_https_nop_4.bin,reverse,FAIL,
x64/windows_x64_meterpreter_reverse_https_nop_5.bin,reverse,FAIL,
x64/windows_x64_meterpreter_reverse_https_nop_6.bin,reverse,FAIL,
x64/windows_x64_meterpreter_reverse_https_nop_7.bin,reverse,FAIL,
x64/windows_x64_meterpreter_reverse_https_nop_8.bin,reverse,FAIL,
x64/windows_x64_meterpreter_reverse_https_nop_9.bin,reverse,FAIL,
x64/windows_x64_meterpreter_reverse_https_pii_1.bin,reverse,FAIL,
x64/windows_x64_meterpreter_reverse_https_pii_10.bin,reverse,FAIL,
x64/windows_x64_meterpreter_reverse_https_pii_2.bin,reverse,FAIL,
x64/windows_x64_meterpreter_reverse_https_pii_3.bin,reverse,FAIL,
x64/windows_x64_meterpreter_reverse_https_pii_4.bin,reverse,FAIL,
x64/windows_x64_meterpreter_reverse_https_pii_5.bin,reverse,FAIL,
x64/windows_x64_meterpreter_reverse_https_pii_6.bin,reverse,FAIL,
x64/windows_x64_meterpreter_reverse_https_pii_7.bin,reverse,FAIL,
x64/windows_x64_meterpreter_reverse_https_pii_8.bin,reverse,FAIL,
x64/windows_x64_meterpreter_reverse_https_pii_9.bin,reverse,FAIL,
x64/windows_x64_meterpreter_reverse_tcp_bcf_1.bin,reverse,OK,
x64/windows_x64_meterpreter_reverse_tcp_bcf_10.bin,reverse,OK,
x64/windows_x64_meterpreter_reverse_tcp_bcf_2.bin,reverse,OK,
x64/windows_x64_meterpreter_reverse_tcp_bcf_3.bin,reverse,OK,
x64/windows_x64_meterpreter_reverse_tcp_bcf_4.bin,reverse,OK,
x64/windows_x64_meterpreter_reverse_tcp_bcf_5.bin,reverse,OK,
x64/windows_x64_meterpreter_reverse_tcp_bcf_6.bin,reverse,OK,
x64/windows_x64_meterpreter_reverse_tcp_bcf_7.bin,reverse,OK,
x64/windows_x64_meterpreter_reverse_tcp_bcf_8.bin,reverse,OK,
x64/windows_x64_meterpreter_reverse_tcp_bcf_9.bin,reverse,OK,
x64/windows_x64_meterpreter_reverse_tcp_eq_1.bin,reverse,OK,
x64/windows_x64_meterpreter_reverse_tcp_eq_10.bin,reverse,OK,
x64/windows_x64_meterpreter_reverse_tcp_eq_2.bin,reverse,OK,
x64/windows_x64_meterpreter_reverse_tcp_eq_3.bin,reverse,OK,
x64/windows_x64_meterpreter_reverse_tcp_eq_4.bin,reverse,OK,
x64/windows_x64_meterpreter_reverse_tcp_eq_5.bin,reverse,OK,
x64/windows_x64_meterpreter_reverse_tcp_eq_6.bin,reverse,OK,
x64/windows_x64_meterpreter_reverse_tcp_eq_7.bin,reverse,OK,
x64/windows_x64_meterpreter_reverse_tcp_eq_8.bin,reverse,OK,
x64/windows_x64_meterpreter_reverse_tcp_eq_9.bin,reverse,OK,
x64/windows_x64_meterpreter_reverse_tcp_eq_nop_bcf_1.bin,reverse,FAIL,
x64/windows_x64_meterpreter_reverse_tcp_eq_nop_bcf_10.bin,reverse,FAIL,
x64/windows_x64_meterpreter_reverse_tcp_eq_nop_bcf_2.bin,reverse,FAIL,
x64/windows_x64_meterpreter_reverse_tcp_eq_nop_bcf_3.bin,reverse,FAIL,
x64/windows_x64_meterpreter_reverse_tcp_eq_nop_bcf_4.bin,reverse,FAIL,
x64/windows_x64_meterpreter_reverse_tcp_eq_nop_bcf_5.bin,reverse,FAIL,
x64/windows_x64_meterpreter_reverse_tcp_eq_nop_bcf_6.bin,reverse,FAIL,
x64/windows_x64_meterpreter_reverse_tcp_eq_nop_bcf_7.bin,reverse,FAIL,
x64/windows_x64_meterpreter_reverse_tcp_eq_nop_bcf_8.bin,reverse,FAIL,
x64/windows_x64_meterpreter_reverse_tcp_eq_nop_bcf_9.bin,reverse,FAIL,
x64/windows_x64_meterpreter_reverse_tcp_eq_nop_ibp_1.bin,reverse,OK,
x64/windows_x64_meterpreter_reverse_tcp_eq_nop_ibp_10.bin,reverse,OK,
x64/windows_x64_meterpreter_reverse_tcp_eq_nop_ibp_2.bin,reverse,OK,
x64/windows_x64_meterpreter_reverse_tcp_eq_nop_ibp_3.bin,reverse,OK,
x64/windows_x64_meterpreter_reverse_tcp_eq_nop_ibp_4.bin,reverse,OK,
x64/windows_x64_meterpreter_reverse_tcp_eq_nop_ibp_5.bin,reverse,OK,
x64/windows_x64_meterpreter_reverse_tcp_eq_nop_ibp_6.bin,reverse,OK,
x64/windows_x64_meterpreter_reverse_tcp_eq_nop_ibp_7.bin,reverse,OK,
x64/windows_x64_meterpreter_reverse_tcp_eq_nop_ibp_8.bin,reverse,OK,
x64/windows_x64_meterpreter_reverse_tcp_eq_nop_ibp_9.bin,reverse,OK,
x64/windows_x64_meterpreter_reverse_tcp_eq_nop_pii_1.bin,reverse,OK,
x64/windows_x64_meterpreter_reverse_tcp_eq_nop_pii_10.bin,reverse,OK,
x64/windows_x64_meterpreter_reverse_tcp_eq_nop_pii_2.bin,reverse,OK,
x64/windows_x64_meterpreter_reverse_tcp_eq_nop_pii_3.bin,reverse,OK,
x64/windows_x64_meterpreter_reverse_tcp_eq_nop_pii_4.bin,reverse,OK,
x64/windows_x64_meterpreter_reverse_tcp_eq_nop_pii_5.bin,reverse,OK,
x64/windows_x64_meterpreter_reverse_tcp_eq_nop_pii_6.bin,reverse,OK,
x64/windows_x64_meterpreter_reverse_tcp_eq_nop_pii_7.bin,reverse,OK,
x64/windows_x64_meterpreter_reverse_tcp_eq_nop_pii_8.bin,reverse,OK,
x64/windows_x64_meterpreter_reverse_tcp_eq_nop_pii_9.bin,reverse,OK,
x64/windows_x64_meterpreter_reverse_tcp_ibp_1.bin,reverse,OK,
x64/windows_x64_meterpreter_reverse_tcp_ibp_10.bin,reverse,OK,
x64/windows_x64_meterpreter_reverse_tcp_ibp_2.bin,reverse,OK,
x64/windows_x64_meterpreter_reverse_tcp_ibp_3.bin,reverse,OK,
x64/windows_x64_meterpreter_reverse_tcp_ibp_4.bin,reverse,OK,
x64/windows_x64_meterpreter_reverse_tcp_ibp_5.bin,reverse,OK,
x64/windows_x64_meterpreter_reverse_tcp_ibp_6.bin,reverse,OK,
x64/windows_x64_meterpreter_reverse_tcp_ibp_7.bin,reverse,OK,
x64/windows_x64_meterpreter_reverse_tcp_ibp_8.bin,reverse,OK,
x64/windows_x64_meterpreter_reverse_tcp_ibp_9.bin,reverse,OK,
x64/windows_x64_meterpreter_reverse_tcp_nop_1.bin,reverse,OK,
x64/windows_x64_meterpreter_reverse_tcp_nop_10.bin,reverse,OK,
x64/windows_x64_meterpreter_reverse_tcp_nop_2.bin,reverse,OK,
x64/windows_x64_meterpreter_reverse_tcp_nop_3.bin,reverse,OK,
x64/windows_x64_meterpreter_reverse_tcp_nop_4.bin,reverse,OK,
x64/windows_x64_meterpreter_reverse_tcp_nop_5.bin,reverse,OK,
x64/windows_x64_meterpreter_reverse_tcp_nop_6.bin,reverse,OK,
x64/windows_x64_meterpreter_reverse_tcp_nop_7.bin,reverse,OK,
x64/windows_x64_meterpreter_reverse_tcp_nop_8.bin,reverse,OK,
x64/windows_x64_meterpreter_reverse_tcp_nop_9.bin,reverse,OK,
x64/windows_x64_meterpreter_reverse_tcp_pii_1.bin,reverse,OK,
x64/windows_x64_meterpreter_reverse_tcp_pii_10.bin,reverse,OK,
x64/windows_x64_meterpreter_reverse_tcp_pii_2.bin,reverse,OK,
x64/windows_x64_meterpreter_reverse_tcp_pii_3.bin,reverse,OK,
x64/windows_x64_meterpreter_reverse_tcp_pii_4.bin,reverse,OK,
x64/windows_x64_meterpreter_reverse_tcp_pii_5.bin,reverse,OK,
x64/windows_x64_meterpreter_reverse_tcp_pii_6.bin,reverse,OK,
x64/windows_x64_meterpreter_reverse_tcp_pii_7.bin,reverse,OK,
x64/windows_x64_meterpreter_reverse_tcp_pii_8.bin,reverse,OK,
x64/windows_x64_meterpreter_reverse_tcp_pii_9.bin,reverse,OK,
x64/windows_x64_meterpreter_reverse_tcp_rc4_bcf_1.bin,reverse,OK,
x64/windows_x64_meterpreter_reverse_tcp_rc4_bcf_10.bin,reverse,OK,
x64/windows_x64_meterpreter_reverse_tcp_rc4_bcf_2.bin,reverse,OK,
x64/windows_x64_meterpreter_reverse_tcp_rc4_bcf_3.bin,reverse,OK,
x64/windows_x64_meterpreter_reverse_tcp_rc4_bcf_4.bin,reverse,OK,
x64/windows_x64_meterpreter_reverse_tcp_rc4_bcf_5.bin,reverse,OK,
x64/windows_x64_meterpreter_reverse_tcp_rc4_bcf_6.bin,reverse,OK,
x64/windows_x64_meterpreter_reverse_tcp_rc4_bcf_7.bin,reverse,OK,
x64/windows_x64_meterpreter_reverse_tcp_rc4_bcf_8.bin,reverse,OK,
x64/windows_x64_meterpreter_reverse_tcp_rc4_bcf_9.bin,reverse,OK,
x64/windows_x64_meterpreter_reverse_tcp_rc4_eq_1.bin,reverse,OK,
x64/windows_x64_meterpreter_reverse_tcp_rc4_eq_10.bin,reverse,OK,
x64/windows_x64_meterpreter_reverse_tcp_rc4_eq_2.bin,reverse,OK,
x64/windows_x64_meterpreter_reverse_tcp_rc4_eq_3.bin,reverse,OK,
x64/windows_x64_meterpreter_reverse_tcp_rc4_eq_4.bin,reverse,OK,
x64/windows_x64_meterpreter_reverse_tcp_rc4_eq_5.bin,reverse,OK,
x64/windows_x64_meterpreter_reverse_tcp_rc4_eq_6.bin,reverse,OK,
x64/windows_x64_meterpreter_reverse_tcp_rc4_eq_7.bin,reverse,OK,
x64/windows_x64_meterpreter_reverse_tcp_rc4_eq_8.bin,reverse,OK,
x64/windows_x64_meterpreter_reverse_tcp_rc4_eq_9.bin,reverse,OK,
x64/windows_x64_meterpreter_reverse_tcp_rc4_eq_nop_bcf_1.bin,reverse,FAIL,
x64/windows_x64_meterpreter_reverse_tcp_rc4_eq_nop_bcf_10.bin,reverse,FAIL,
x64/windows_x64_meterpreter_reverse_tcp_rc4_eq_nop_bcf_2.bin,reverse,FAIL,
x64/windows_x64_meterpreter_reverse_tcp_rc4_eq_nop_bcf_3.bin,reverse,FAIL,
x64/windows_x64_meterpreter_reverse_tcp_rc4_eq_nop_bcf_4.bin,reverse,FAIL,
x64/windows_x64_meterpreter_reverse_tcp_rc4_eq_nop_bcf_5.bin,reverse,FAIL,
x64/windows_x64_meterpreter_reverse_tcp_rc4_eq_nop_bcf_6.bin,reverse,FAIL,
x64/windows_x64_meterpreter_reverse_tcp_rc4_eq_nop_bcf_7.bin,reverse,FAIL,
x64/windows_x64_meterpreter_reverse_tcp_rc4_eq_nop_bcf_8.bin,reverse,FAIL,
x64/windows_x64_meterpreter_reverse_tcp_rc4_eq_nop_bcf_9.bin,reverse,FAIL,
x64/windows_x64_meterpreter_reverse_tcp_rc4_eq_nop_ibp_1.bin,reverse,OK,
x64/windows_x64_meterpreter_reverse_tcp_rc4_eq_nop_ibp_10.bin,reverse,OK,
x64/windows_x64_meterpreter_reverse_tcp_rc4_eq_nop_ibp_2.bin,reverse,OK,
x64/windows_x64_meterpreter_reverse_tcp_rc4_eq_nop_ibp_3.bin,reverse,OK,
x64/windows_x64_meterpreter_reverse_tcp_rc4_eq_nop_ibp_4.bin,reverse,OK,
x64/windows_x64_meterpreter_reverse_tcp_rc4_eq_nop_ibp_5.bin,reverse,OK,
x64/windows_x64_meterpreter_reverse_tcp_rc4_eq_nop_ibp_6.bin,reverse,OK,
x64/windows_x64_meterpreter_reverse_tcp_rc4_eq_nop_ibp_7.bin,reverse,OK,
x64/windows_x64_meterpreter_reverse_tcp_rc4_eq_nop_ibp_8.bin,reverse,OK,
x64/windows_x64_meterpreter_reverse_tcp_rc4_eq_nop_ibp_9.bin,reverse,OK,
x64/windows_x64_meterpreter_reverse_tcp_rc4_eq_nop_pii_1.bin,reverse,OK,
x64/windows_x64_meterpreter_reverse_tcp_rc4_eq_nop_pii_10.bin,reverse,OK,
x64/windows_x64_meterpreter_reverse_tcp_rc4_eq_nop_pii_2.bin,reverse,OK,
x64/windows_x64_meterpreter_reverse_tcp_rc4_eq_nop_pii_3.bin,reverse,OK,
x64/windows_x64_meterpreter_reverse_tcp_rc4_eq_nop_pii_4.bin,reverse,OK,
x64/windows_x64_meterpreter_reverse_tcp_rc4_eq_nop_pii_5.bin,reverse,OK,
x64/windows_x64_meterpreter_reverse_tcp_rc4_eq_nop_pii_6.bin,reverse,OK,
x64/windows_x64_meterpreter_reverse_tcp_rc4_eq_nop_pii_7.bin,reverse,OK,
x64/windows_x64_meterpreter_reverse_tcp_rc4_eq_nop_pii_8.bin,reverse,OK,
x64/windows_x64_meterpreter_reverse_tcp_rc4_eq_nop_pii_9.bin,reverse,OK,
x64/windows_x64_meterpreter_reverse_tcp_rc4_ibp_1.bin,reverse,OK,
x64/windows_x64_meterpreter_reverse_tcp_rc4_ibp_10.bin,reverse,OK,
x64/windows_x64_meterpreter_reverse_tcp_rc4_ibp_2.bin,reverse,OK,
x64/windows_x64_meterpreter_reverse_tcp_rc4_ibp_3.bin,reverse,OK,
x64/windows_x64_meterpreter_reverse_tcp_rc4_ibp_4.bin,reverse,OK,
x64/windows_x64_meterpreter_reverse_tcp_rc4_ibp_5.bin,reverse,OK,
x64/windows_x64_meterpreter_reverse_tcp_rc4_ibp_6.bin,reverse,OK,
x64/windows_x64_meterpreter_reverse_tcp_rc4_ibp_7.bin,reverse,OK,
x64/windows_x64_meterpreter_reverse_tcp_rc4_ibp_8.bin,reverse,OK,
x64/windows_x64_meterpreter_reverse_tcp_rc4_ibp_9.bin,reverse,OK,
x64/windows_x64_meterpreter_reverse_tcp_rc4_nop_1.bin,reverse,OK,
x64/windows_x64_meterpreter_reverse_tcp_rc4_nop_10.bin,reverse,OK,
x64/windows_x64_meterpreter_reverse_tcp_rc4_nop_2.bin,reverse,OK,
x64/windows_x64_meterpreter_reverse_tcp_rc4_nop_3.bin,reverse,OK,
x64/windows_x64_meterpreter_reverse_tcp_rc4_nop_4.bin,reverse,OK,
x64/windows_x64_meterpreter_reverse_tcp_rc4_nop_5.bin,reverse,OK,
x64/windows_x64_meterpreter_reverse_tcp_rc4_nop_6.bin,reverse,OK,
x64/windows_x64_meterpreter_reverse_tcp_rc4_nop_7.bin,reverse,OK,
x64/windows_x64_meterpreter_reverse_tcp_rc4_nop_8.bin,reverse,OK,
x64/windows_x64_meterpreter_reverse_tcp_rc4_nop_9.bin,reverse,OK,
x64/windows_x64_meterpreter_reverse_tcp_rc4_pii_1.bin,reverse,OK,
x64/windows_x64_meterpreter_reverse_tcp_rc4_pii_10.bin,reverse,OK,
x64/windows_x64_meterpreter_reverse_tcp_rc4_pii_2.bin,reverse,OK,
x64/windows_x64_meterpreter_reverse_tcp_rc4_pii_3.bin,reverse,OK,
x64/windows_x64_meterpreter_reverse_tcp_rc4_pii_4.bin,reverse,OK,
x64/windows_x64_meterpreter_reverse_tcp_rc4_pii_5.bin,reverse,OK,
x64/windows_x64_meterpreter_reverse_tcp_rc4_pii_6.bin,reverse,OK,
x64/windows_x64_meterpreter_reverse_tcp_rc4_pii_7.bin,reverse,OK,
x64/windows_x64_meterpreter_reverse_tcp_rc4_pii_8.bin,reverse,OK,
x64/windows_x64_meterpreter_reverse_tcp_rc4_pii_9.bin,reverse,OK,
x64/windows_x64_meterpreter_reverse_tcp_uuid_bcf_1.bin,reverse,OK,
x64/windows_x64_meterpreter_reverse_tcp_uuid_bcf_10.bin,reverse,OK,
x64/windows_x64_meterpreter_reverse_tcp_uuid_bcf_2.bin,reverse,OK,
x64/windows_x64_meterpreter_reverse_tcp_uuid_bcf_3.bin,reverse,OK,
x64/windows_x64_meterpreter_reverse_tcp_uuid_bcf_4.bin,reverse,OK,
x64/windows_x64_meterpreter_reverse_tcp_uuid_bcf_5.bin,reverse,OK,
x64/windows_x64_meterpreter_reverse_tcp_uuid_bcf_6.bin,reverse,OK,
x64/windows_x64_meterpreter_reverse_tcp_uuid_bcf_7.bin,reverse,OK,
x64/windows_x64_meterpreter_reverse_tcp_uuid_bcf_8.bin,reverse,OK,
x64/windows_x64_meterpreter_reverse_tcp_uuid_bcf_9.bin,reverse,OK,
x64/windows_x64_meterpreter_reverse_tcp_uuid_eq_1.bin,reverse,OK,
x64/windows_x64_meterpreter_reverse_tcp_uuid_eq_10.bin,reverse,OK,
x64/windows_x64_meterpreter_reverse_tcp_uuid_eq_2.bin,reverse,OK,
x64/windows_x64_meterpreter_reverse_tcp_uuid_eq_3.bin,reverse,OK,
x64/windows_x64_meterpreter_reverse_tcp_uuid_eq_4.bin,reverse,OK,
x64/windows_x64_meterpreter_reverse_tcp_uuid_eq_5.bin,reverse,OK,
x64/windows_x64_meterpreter_reverse_tcp_uuid_eq_6.bin,reverse,OK,
x64/windows_x64_meterpreter_reverse_tcp_uuid_eq_7.bin,reverse,OK,
x64/windows_x64_meterpreter_reverse_tcp_uuid_eq_8.bin,reverse,OK,
x64/windows_x64_meterpreter_reverse_tcp_uuid_eq_9.bin,reverse,OK,
x64/windows_x64_meterpreter_reverse_tcp_uuid_eq_nop_bcf_1.bin,reverse,FAIL,
x64/windows_x64_meterpreter_reverse_tcp_uuid_eq_nop_bcf_10.bin,reverse,FAIL,
x64/windows_x64_meterpreter_reverse_tcp_uuid_eq_nop_bcf_2.bin,reverse,FAIL,
x64/windows_x64_meterpreter_reverse_tcp_uuid_eq_nop_bcf_3.bin,reverse,FAIL,
x64/windows_x64_meterpreter_reverse_tcp_uuid_eq_nop_bcf_4.bin,reverse,FAIL,
x64/windows_x64_meterpreter_reverse_tcp_uuid_eq_nop_bcf_5.bin,reverse,FAIL,
x64/windows_x64_meterpreter_reverse_tcp_uuid_eq_nop_bcf_6.bin,reverse,FAIL,
x64/windows_x64_meterpreter_reverse_tcp_uuid_eq_nop_bcf_7.bin,reverse,FAIL,
x64/windows_x64_meterpreter_reverse_tcp_uuid_eq_nop_bcf_8.bin,reverse,FAIL,
x64/windows_x64_meterpreter_reverse_tcp_uuid_eq_nop_bcf_9.bin,reverse,FAIL,
x64/windows_x64_meterpreter_reverse_tcp_uuid_eq_nop_ibp_1.bin,reverse,OK,
x64/windows_x64_meterpreter_reverse_tcp_uuid_eq_nop_ibp_10.bin,reverse,OK,
x64/windows_x64_meterpreter_reverse_tcp_uuid_eq_nop_ibp_2.bin,reverse,OK,
x64/windows_x64_meterpreter_reverse_tcp_uuid_eq_nop_ibp_3.bin,reverse,OK,
x64/windows_x64_meterpreter_reverse_tcp_uuid_eq_nop_ibp_4.bin,reverse,OK,
x64/windows_x64_meterpreter_reverse_tcp_uuid_eq_nop_ibp_5.bin,reverse,OK,
x64/windows_x64_meterpreter_reverse_tcp_uuid_eq_nop_ibp_6.bin,reverse,OK,
x64/windows_x64_meterpreter_reverse_tcp_uuid_eq_nop_ibp_7.bin,reverse,OK,
x64/windows_x64_meterpreter_reverse_tcp_uuid_eq_nop_ibp_8.bin,reverse,OK,
x64/windows_x64_meterpreter_reverse_tcp_uuid_eq_nop_ibp_9.bin,reverse,OK,
x64/windows_x64_meterpreter_reverse_tcp_uuid_eq_nop_pii_1.bin,reverse,OK,
x64/windows_x64_meterpreter_reverse_tcp_uuid_eq_nop_pii_10.bin,reverse,OK,
x64/windows_x64_meterpreter_reverse_tcp_uuid_eq_nop_pii_2.bin,reverse,OK,
x64/windows_x64_meterpreter_reverse_tcp_uuid_eq_nop_pii_3.bin,reverse,OK,
x64/windows_x64_meterpreter_reverse_tcp_uuid_eq_nop_pii_4.bin,reverse,OK,
x64/windows_x64_meterpreter_reverse_tcp_uuid_eq_nop_pii_5.bin,reverse,OK,
x64/windows_x64_meterpreter_reverse_tcp_uuid_eq_nop_pii_6.bin,reverse,OK,
x64/windows_x64_meterpreter_reverse_tcp_uuid_eq_nop_pii_7.bin,reverse,OK,
x64/windows_x64_meterpreter_reverse_tcp_uuid_eq_nop_pii_8.bin,reverse,OK,
x64/windows_x64_meterpreter_reverse_tcp_uuid_eq_nop_pii_9.bin,reverse,OK,
x64/windows_x64_meterpreter_reverse_tcp_uuid_ibp_1.bin,reverse,OK,
x64/windows_x64_meterpreter_reverse_tcp_uuid_ibp_10.bin,reverse,OK,
x64/windows_x64_meterpreter_reverse_tcp_uuid_ibp_2.bin,reverse,OK,
x64/windows_x64_meterpreter_reverse_tcp_uuid_ibp_3.bin,reverse,OK,
x64/windows_x64_meterpreter_reverse_tcp_uuid_ibp_4.bin,reverse,OK,
x64/windows_x64_meterpreter_reverse_tcp_uuid_ibp_5.bin,reverse,OK,
x64/windows_x64_meterpreter_reverse_tcp_uuid_ibp_6.bin,reverse,OK,
x64/windows_x64_meterpreter_reverse_tcp_uuid_ibp_7.bin,reverse,OK,
x64/windows_x64_meterpreter_reverse_tcp_uuid_ibp_8.bin,reverse,OK,
x64/windows_x64_meterpreter_reverse_tcp_uuid_ibp_9.bin,reverse,OK,
x64/windows_x64_meterpreter_reverse_tcp_uuid_nop_1.bin,reverse,OK,
x64/windows_x64_meterpreter_reverse_tcp_uuid_nop_10.bin,reverse,OK,
x64/windows_x64_meterpreter_reverse_tcp_uuid_nop_2.bin,reverse,OK,
x64/windows_x64_meterpreter_reverse_tcp_uuid_nop_3.bin,reverse,OK,
x64/windows_x64_meterpreter_reverse_tcp_uuid_nop_4.bin,reverse,OK,
x64/windows_x64_meterpreter_reverse_tcp_uuid_nop_5.bin,reverse,OK,
x64/windows_x64_meterpreter_reverse_tcp_uuid_nop_6.bin,reverse,OK,
x64/windows_x64_meterpreter_reverse_tcp_uuid_nop_7.bin,reverse,OK,
x64/windows_x64_meterpreter_reverse_tcp_uuid_nop_8.bin,reverse,OK,
x64/windows_x64_meterpreter_reverse_tcp_uuid_nop_9.bin,reverse,OK,
x64/windows_x64_meterpreter_reverse_tcp_uuid_pii_1.bin,reverse,OK,
x64/windows_x64_meterpreter_reverse_tcp_uuid_pii_10.bin,reverse,OK,
x64/windows_x64_meterpreter_reverse_tcp_uuid_pii_2.bin,reverse,OK,
x64/windows_x64_meterpreter_reverse_tcp_uuid_pii_3.bin,reverse,OK,
x64/windows_x64_meterpreter_reverse_tcp_uuid_pii_4.bin,reverse,OK,
x64/windows_x64_meterpreter_reverse_tcp_uuid_pii_5.bin,reverse,OK,
x64/windows_x64_meterpreter_reverse_tcp_uuid_pii_6.bin,reverse,OK,
x64/windows_x64_meterpreter_reverse_tcp_uuid_pii_7.bin,reverse,OK,
x64/windows_x64_meterpreter_reverse_tcp_uuid_pii_8.bin,reverse,OK,
x64/windows_x64_meterpreter_reverse_tcp_uuid_pii_9.bin,reverse,OK,
x64/windows_x64_meterpreter_reverse_winhttp_bcf_1.bin,reverse,FAIL,
x64/windows_x64_meterpreter_reverse_winhttp_bcf_10.bin,reverse,FAIL,
x64/windows_x64_meterpreter_reverse_winhttp_bcf_2.bin,reverse,FAIL,
x64/windows_x64_meterpreter_reverse_winhttp_bcf_3.bin,reverse,FAIL,
x64/windows_x64_meterpreter_reverse_winhttp_bcf_4.bin,reverse,FAIL,
x64/windows_x64_meterpreter_reverse_winhttp_bcf_5.bin,reverse,FAIL,
x64/windows_x64_meterpreter_reverse_winhttp_bcf_6.bin,reverse,FAIL,
x64/windows_x64_meterpreter_reverse_winhttp_bcf_7.bin,reverse,FAIL,
x64/windows_x64_meterpreter_reverse_winhttp_bcf_8.bin,reverse,FAIL,
x64/windows_x64_meterpreter_reverse_winhttp_bcf_9.bin,reverse,FAIL,
x64/windows_x64_meterpreter_reverse_winhttp_eq_1.bin,reverse,FAIL,
x64/windows_x64_meterpreter_reverse_winhttp_eq_10.bin,reverse,FAIL,
x64/windows_x64_meterpreter_reverse_winhttp_eq_2.bin,reverse,FAIL,
x64/windows_x64_meterpreter_reverse_winhttp_eq_3.bin,reverse,FAIL,
x64/windows_x64_meterpreter_reverse_winhttp_eq_4.bin,reverse,FAIL,
x64/windows_x64_meterpreter_reverse_winhttp_eq_5.bin,reverse,FAIL,
x64/windows_x64_meterpreter_reverse_winhttp_eq_6.bin,reverse,FAIL,
x64/windows_x64_meterpreter_reverse_winhttp_eq_7.bin,reverse,FAIL,
x64/windows_x64_meterpreter_reverse_winhttp_eq_8.bin,reverse,FAIL,
x64/windows_x64_meterpreter_reverse_winhttp_eq_9.bin,reverse,FAIL,
x64/windows_x64_meterpreter_reverse_winhttp_eq_nop_bcf_1.bin,reverse,FAIL,
x64/windows_x64_meterpreter_reverse_winhttp_eq_nop_bcf_10.bin,reverse,FAIL,
x64/windows_x64_meterpreter_reverse_winhttp_eq_nop_bcf_2.bin,reverse,FAIL,
x64/windows_x64_meterpreter_reverse_winhttp_eq_nop_bcf_3.bin,reverse,FAIL,
x64/windows_x64_meterpreter_reverse_winhttp_eq_nop_bcf_4.bin,reverse,FAIL,
x64/windows_x64_meterpreter_reverse_winhttp_eq_nop_bcf_5.bin,reverse,FAIL,
x64/windows_x64_meterpreter_reverse_winhttp_eq_nop_bcf_6.bin,reverse,FAIL,
x64/windows_x64_meterpreter_reverse_winhttp_eq_nop_bcf_7.bin,reverse,FAIL,
x64/windows_x64_meterpreter_reverse_winhttp_eq_nop_bcf_8.bin,reverse,FAIL,
x64/windows_x64_meterpreter_reverse_winhttp_eq_nop_bcf_9.bin,reverse,FAIL,
x64/windows_x64_meterpreter_reverse_winhttp_eq_nop_ibp_1.bin,reverse,FAIL,
x64/windows_x64_meterpreter_reverse_winhttp_eq_nop_ibp_10.bin,reverse,FAIL,
x64/windows_x64_meterpreter_reverse_winhttp_eq_nop_ibp_2.bin,reverse,FAIL,
x64/windows_x64_meterpreter_reverse_winhttp_eq_nop_ibp_3.bin,reverse,FAIL,
x64/windows_x64_meterpreter_reverse_winhttp_eq_nop_ibp_4.bin,reverse,FAIL,
x64/windows_x64_meterpreter_reverse_winhttp_eq_nop_ibp_5.bin,reverse,FAIL,
x64/windows_x64_meterpreter_reverse_winhttp_eq_nop_ibp_6.bin,reverse,FAIL,
x64/windows_x64_meterpreter_reverse_winhttp_eq_nop_ibp_7.bin,reverse,FAIL,
x64/windows_x64_meterpreter_reverse_winhttp_eq_nop_ibp_8.bin,reverse,FAIL,
x64/windows_x64_meterpreter_reverse_winhttp_eq_nop_ibp_9.bin,reverse,FAIL,
x64/windows_x64_meterpreter_reverse_winhttp_eq_nop_pii_1.bin,reverse,FAIL,
x64/windows_x64_meterpreter_reverse_winhttp_eq_nop_pii_10.bin,reverse,FAIL,
x64/windows_x64_meterpreter_reverse_winhttp_eq_nop_pii_2.bin,reverse,FAIL,
x64/windows_x64_meterpreter_reverse_winhttp_eq_nop_pii_3.bin,reverse,FAIL,
x64/windows_x64_meterpreter_reverse_winhttp_eq_nop_pii_4.bin,reverse,FAIL,
x64/windows_x64_meterpreter_reverse_winhttp_eq_nop_pii_5.bin,reverse,FAIL,
x64/windows_x64_meterpreter_reverse_winhttp_eq_nop_pii_6.bin,reverse,FAIL,
x64/windows_x64_meterpreter_reverse_winhttp_eq_nop_pii_7.bin,reverse,FAIL,
x64/windows_x64_meterpreter_reverse_winhttp_eq_nop_pii_8.bin,reverse,FAIL,
x64/windows_x64_meterpreter_reverse_winhttp_eq_nop_pii_9.bin,reverse,FAIL,
x64/windows_x64_meterpreter_reverse_winhttp_ibp_1.bin,reverse,FAIL,
x64/windows_x64_meterpreter_reverse_winhttp_ibp_10.bin,reverse,FAIL,
x64/windows_x64_meterpreter_reverse_winhttp_ibp_2.bin,reverse,FAIL,
x64/windows_x64_meterpreter_reverse_winhttp_ibp_3.bin,reverse,FAIL,
x64/windows_x64_meterpreter_reverse_winhttp_ibp_4.bin,reverse,FAIL,
x64/windows_x64_meterpreter_reverse_winhttp_ibp_5.bin,reverse,FAIL,
x64/windows_x64_meterpreter_reverse_winhttp_ibp_6.bin,reverse,FAIL,
x64/windows_x64_meterpreter_reverse_winhttp_ibp_7.bin,reverse,FAIL,
x64/windows_x64_meterpreter_reverse_winhttp_ibp_8.bin,reverse,FAIL,
x64/windows_x64_meterpreter_reverse_winhttp_ibp_9.bin,reverse,FAIL,
x64/windows_x64_meterpreter_reverse_winhttp_nop_1.bin,reverse,FAIL,
x64/windows_x64_meterpreter_reverse_winhttp_nop_10.bin,reverse,FAIL,
x64/windows_x64_meterpreter_reverse_winhttp_nop_2.bin,reverse,FAIL,
x64/windows_x64_meterpreter_reverse_winhttp_nop_3.bin,reverse,FAIL,
x64/windows_x64_meterpreter_reverse_winhttp_nop_4.bin,reverse,FAIL,
x64/windows_x64_meterpreter_reverse_winhttp_nop_5.bin,reverse,FAIL,
x64/windows_x64_meterpreter_reverse_winhttp_nop_6.bin,reverse,FAIL,
x64/windows_x64_meterpreter_reverse_winhttp_nop_7.bin,reverse,FAIL,
x64/windows_x64_meterpreter_reverse_winhttp_nop_8.bin,reverse,FAIL,
x64/windows_x64_meterpreter_reverse_winhttp_nop_9.bin,reverse,FAIL,
x64/windows_x64_meterpreter_reverse_winhttp_pii_1.bin,reverse,FAIL,
x64/windows_x64_meterpreter_reverse_winhttp_pii_10.bin,reverse,FAIL,
x64/windows_x64_meterpreter_reverse_winhttp_pii_2.bin,reverse,FAIL,
x64/windows_x64_meterpreter_reverse_winhttp_pii_3.bin,reverse,FAIL,
x64/windows_x64_meterpreter_reverse_winhttp_pii_4.bin,reverse,FAIL,
x64/windows_x64_meterpreter_reverse_winhttp_pii_5.bin,reverse,FAIL,
x64/windows_x64_meterpreter_reverse_winhttp_pii_6.bin,reverse,FAIL,
x64/windows_x64_meterpreter_reverse_winhttp_pii_7.bin,reverse,FAIL,
x64/windows_x64_meterpreter_reverse_winhttp_pii_8.bin,reverse,FAIL,
x64/windows_x64_meterpreter_reverse_winhttp_pii_9.bin,reverse,FAIL,
x64/windows_x64_meterpreter_reverse_winhttps_bcf_1.bin,reverse,FAIL,
x64/windows_x64_meterpreter_reverse_winhttps_bcf_10.bin,reverse,FAIL,
x64/windows_x64_meterpreter_reverse_winhttps_bcf_2.bin,reverse,FAIL,
x64/windows_x64_meterpreter_reverse_winhttps_bcf_3.bin,reverse,FAIL,
x64/windows_x64_meterpreter_reverse_winhttps_bcf_4.bin,reverse,FAIL,
x64/windows_x64_meterpreter_reverse_winhttps_bcf_5.bin,reverse,FAIL,
x64/windows_x64_meterpreter_reverse_winhttps_bcf_6.bin,reverse,FAIL,
x64/windows_x64_meterpreter_reverse_winhttps_bcf_7.bin,reverse,FAIL,
x64/windows_x64_meterpreter_reverse_winhttps_bcf_8.bin,reverse,FAIL,
x64/windows_x64_meterpreter_reverse_winhttps_bcf_9.bin,reverse,FAIL,
x64/windows_x64_meterpreter_reverse_winhttps_eq_1.bin,reverse,FAIL,
x64/windows_x64_meterpreter_reverse_winhttps_eq_10.bin,reverse,FAIL,
x64/windows_x64_meterpreter_reverse_winhttps_eq_2.bin,reverse,FAIL,
x64/windows_x64_meterpreter_reverse_winhttps_eq_3.bin,reverse,FAIL,
x64/windows_x64_meterpreter_reverse_winhttps_eq_4.bin,reverse,FAIL,
x64/windows_x64_meterpreter_reverse_winhttps_eq_5.bin,reverse,FAIL,
x64/windows_x64_meterpreter_reverse_winhttps_eq_6.bin,reverse,FAIL,
x64/windows_x64_meterpreter_reverse_winhttps_eq_7.bin,reverse,FAIL,
x64/windows_x64_meterpreter_reverse_winhttps_eq_8.bin,reverse,FAIL,
x64/windows_x64_meterpreter_reverse_winhttps_eq_9.bin,reverse,FAIL,
x64/windows_x64_meterpreter_reverse_winhttps_eq_nop_bcf_1.bin,reverse,FAIL,
x64/windows_x64_meterpreter_reverse_winhttps_eq_nop_bcf_10.bin,reverse,FAIL,
x64/windows_x64_meterpreter_reverse_winhttps_eq_nop_bcf_2.bin,reverse,FAIL,
x64/windows_x64_meterpreter_reverse_winhttps_eq_nop_bcf_3.bin,reverse,FAIL,
x64/windows_x64_meterpreter_reverse_winhttps_eq_nop_bcf_4.bin,reverse,FAIL,
x64/windows_x64_meterpreter_reverse_winhttps_eq_nop_bcf_5.bin,reverse,FAIL,
x64/windows_x64_meterpreter_reverse_winhttps_eq_nop_bcf_6.bin,reverse,FAIL,
x64/windows_x64_meterpreter_reverse_winhttps_eq_nop_bcf_7.bin,reverse,FAIL,
x64/windows_x64_meterpreter_reverse_winhttps_eq_nop_bcf_8.bin,reverse,FAIL,
x64/windows_x64_meterpreter_reverse_winhttps_eq_nop_bcf_9.bin,reverse,FAIL,
x64/windows_x64_meterpreter_reverse_winhttps_eq_nop_ibp_1.bin,reverse,FAIL,
x64/windows_x64_meterpreter_reverse_winhttps_eq_nop_ibp_10.bin,reverse,FAIL,
x64/windows_x64_meterpreter_reverse_winhttps_eq_nop_ibp_2.bin,reverse,FAIL,
x64/windows_x64_meterpreter_reverse_winhttps_eq_nop_ibp_3.bin,reverse,FAIL,
x64/windows_x64_meterpreter_reverse_winhttps_eq_nop_ibp_4.bin,reverse,FAIL,
x64/windows_x64_meterpreter_reverse_winhttps_eq_nop_ibp_5.bin,reverse,FAIL,
x64/windows_x64_meterpreter_reverse_winhttps_eq_nop_ibp_6.bin,reverse,FAIL,
x64/windows_x64_meterpreter_reverse_winhttps_eq_nop_ibp_7.bin,reverse,FAIL,
x64/windows_x64_meterpreter_reverse_winhttps_eq_nop_ibp_8.bin,reverse,FAIL,
x64/windows_x64_meterpreter_reverse_winhttps_eq_nop_ibp_9.bin,reverse,FAIL,
x64/windows_x64_meterpreter_reverse_winhttps_eq_nop_pii_1.bin,reverse,FAIL,
x64/windows_x64_meterpreter_reverse_winhttps_eq_nop_pii_10.bin,reverse,FAIL,
x64/windows_x64_meterpreter_reverse_winhttps_eq_nop_pii_2.bin,reverse,FAIL,
x64/windows_x64_meterpreter_reverse_winhttps_eq_nop_pii_3.bin,reverse,FAIL,
x64/windows_x64_meterpreter_reverse_winhttps_eq_nop_pii_4.bin,reverse,FAIL,
x64/windows_x64_meterpreter_reverse_winhttps_eq_nop_pii_5.bin,reverse,FAIL,
x64/windows_x64_meterpreter_reverse_winhttps_eq_nop_pii_6.bin,reverse,FAIL,
x64/windows_x64_meterpreter_reverse_winhttps_eq_nop_pii_7.bin,reverse,FAIL,
x64/windows_x64_meterpreter_reverse_winhttps_eq_nop_pii_8.bin,reverse,FAIL,
x64/windows_x64_meterpreter_reverse_winhttps_eq_nop_pii_9.bin,reverse,FAIL,
x64/windows_x64_meterpreter_reverse_winhttps_ibp_1.bin,reverse,FAIL,
x64/windows_x64_meterpreter_reverse_winhttps_ibp_10.bin,reverse,FAIL,
x64/windows_x64_meterpreter_reverse_winhttps_ibp_2.bin,reverse,FAIL,
x64/windows_x64_meterpreter_reverse_winhttps_ibp_3.bin,reverse,FAIL,
x64/windows_x64_meterpreter_reverse_winhttps_ibp_4.bin,reverse,FAIL,
x64/windows_x64_meterpreter_reverse_winhttps_ibp_5.bin,reverse,FAIL,
x64/windows_x64_meterpreter_reverse_winhttps_ibp_6.bin,reverse,FAIL,
x64/windows_x64_meterpreter_reverse_winhttps_ibp_7.bin,reverse,FAIL,
x64/windows_x64_meterpreter_reverse_winhttps_ibp_8.bin,reverse,FAIL,
x64/windows_x64_meterpreter_reverse_winhttps_ibp_9.bin,reverse,FAIL,
x64/windows_x64_meterpreter_reverse_winhttps_nop_1.bin,reverse,FAIL,
x64/windows_x64_meterpreter_reverse_winhttps_nop_10.bin,reverse,FAIL,
x64/windows_x64_meterpreter_reverse_winhttps_nop_2.bin,reverse,FAIL,
x64/windows_x64_meterpreter_reverse_winhttps_nop_3.bin,reverse,FAIL,
x64/windows_x64_meterpreter_reverse_winhttps_nop_4.bin,reverse,FAIL,
x64/windows_x64_meterpreter_reverse_winhttps_nop_5.bin,reverse,FAIL,
x64/windows_x64_meterpreter_reverse_winhttps_nop_6.bin,reverse,FAIL,
x64/windows_x64_meterpreter_reverse_winhttps_nop_7.bin,reverse,FAIL,
x64/windows_x64_meterpreter_reverse_winhttps_nop_8.bin,reverse,FAIL,
x64/windows_x64_meterpreter_reverse_winhttps_nop_9.bin,reverse,FAIL,
x64/windows_x64_meterpreter_reverse_winhttps_pii_1.bin,reverse,FAIL,
x64/windows_x64_meterpreter_reverse_winhttps_pii_10.bin,reverse,FAIL,
x64/windows_x64_meterpreter_reverse_winhttps_pii_2.bin,reverse,FAIL,
x64/windows_x64_meterpreter_reverse_winhttps_pii_3.bin,reverse,FAIL,
x64/windows_x64_meterpreter_reverse_winhttps_pii_4.bin,reverse,FAIL,
x64/windows_x64_meterpreter_reverse_winhttps_pii_5.bin,reverse,FAIL,
x64/windows_x64_meterpreter_reverse_winhttps_pii_6.bin,reverse,FAIL,
x64/windows_x64_meterpreter_reverse_winhttps_pii_7.bin,reverse,FAIL,
x64/windows_x64_meterpreter_reverse_winhttps_pii_8.bin,reverse,FAIL,
x64/windows_x64_meterpreter_reverse_winhttps_pii_9.bin,reverse,FAIL,
x64/windows_x64_pingback_reverse_tcp_bcf_1.bin,reverse,OK,
x64/windows_x64_pingback_reverse_tcp_bcf_10.bin,reverse,OK,
x64/windows_x64_pingback_reverse_tcp_bcf_2.bin,reverse,OK,
x64/windows_x64_pingback_reverse_tcp_bcf_3.bin,reverse,OK,
x64/windows_x64_pingback_reverse_tcp_bcf_4.bin,reverse,OK,
x64/windows_x64_pingback_reverse_tcp_bcf_5.bin,reverse,OK,
x64/windows_x64_pingback_reverse_tcp_bcf_6.bin,reverse,OK,
x64/windows_x64_pingback_reverse_tcp_bcf_7.bin,reverse,OK,
x64/windows_x64_pingback_reverse_tcp_bcf_8.bin,reverse,OK,
x64/windows_x64_pingback_reverse_tcp_bcf_9.bin,reverse,OK,
x64/windows_x64_pingback_reverse_tcp_eq_1.bin,reverse,OK,
x64/windows_x64_pingback_reverse_tcp_eq_10.bin,reverse,OK,
x64/windows_x64_pingback_reverse_tcp_eq_2.bin,reverse,OK,
x64/windows_x64_pingback_reverse_tcp_eq_3.bin,reverse,OK,
x64/windows_x64_pingback_reverse_tcp_eq_4.bin,reverse,OK,
x64/windows_x64_pingback_reverse_tcp_eq_5.bin,reverse,OK,
x64/windows_x64_pingback_reverse_tcp_eq_6.bin,reverse,OK,
x64/windows_x64_pingback_reverse_tcp_eq_7.bin,reverse,OK,
x64/windows_x64_pingback_reverse_tcp_eq_8.bin,reverse,OK,
x64/windows_x64_pingback_reverse_tcp_eq_9.bin,reverse,OK,
x64/windows_x64_pingback_reverse_tcp_eq_nop_bcf_1.bin,reverse,FAIL,
x64/windows_x64_pingback_reverse_tcp_eq_nop_bcf_10.bin,reverse,FAIL,
x64/windows_x64_pingback_reverse_tcp_eq_nop_bcf_2.bin,reverse,FAIL,
x64/windows_x64_pingback_reverse_tcp_eq_nop_bcf_3.bin,reverse,FAIL,
x64/windows_x64_pingback_reverse_tcp_eq_nop_bcf_4.bin,reverse,FAIL,
x64/windows_x64_pingback_reverse_tcp_eq_nop_bcf_5.bin,reverse,FAIL,
x64/windows_x64_pingback_reverse_tcp_eq_nop_bcf_6.bin,reverse,FAIL,
x64/windows_x64_pingback_reverse_tcp_eq_nop_bcf_7.bin,reverse,FAIL,
x64/windows_x64_pingback_reverse_tcp_eq_nop_bcf_8.bin,reverse,FAIL,
x64/windows_x64_pingback_reverse_tcp_eq_nop_bcf_9.bin,reverse,FAIL,
x64/windows_x64_pingback_reverse_tcp_eq_nop_ibp_1.bin,reverse,OK,
x64/windows_x64_pingback_reverse_tcp_eq_nop_ibp_10.bin,reverse,OK,
x64/windows_x64_pingback_reverse_tcp_eq_nop_ibp_2.bin,reverse,OK,
x64/windows_x64_pingback_reverse_tcp_eq_nop_ibp_3.bin,reverse,OK,
x64/windows_x64_pingback_reverse_tcp_eq_nop_ibp_4.bin,reverse,OK,
x64/windows_x64_pingback_reverse_tcp_eq_nop_ibp_5.bin,reverse,OK,
x64/windows_x64_pingback_reverse_tcp_eq_nop_ibp_6.bin,reverse,OK,
x64/windows_x64_pingback_reverse_tcp_eq_nop_ibp_7.bin,reverse,OK,
x64/windows_x64_pingback_reverse_tcp_eq_nop_ibp_8.bin,reverse,OK,
x64/windows_x64_pingback_reverse_tcp_eq_nop_ibp_9.bin,reverse,OK,
x64/windows_x64_pingback_reverse_tcp_eq_nop_pii_1.bin,reverse,OK,
x64/windows_x64_pingback_reverse_tcp_eq_nop_pii_10.bin,reverse,OK,
x64/windows_x64_pingback_reverse_tcp_eq_nop_pii_2.bin,reverse,OK,
x64/windows_x64_pingback_reverse_tcp_eq_nop_pii_3.bin,reverse,OK,
x64/windows_x64_pingback_reverse_tcp_eq_nop_pii_4.bin,reverse,OK,
x64/windows_x64_pingback_reverse_tcp_eq_nop_pii_5.bin,reverse,OK,
x64/windows_x64_pingback_reverse_tcp_eq_nop_pii_6.bin,reverse,OK,
x64/windows_x64_pingback_reverse_tcp_eq_nop_pii_7.bin,reverse,OK,
x64/windows_x64_pingback_reverse_tcp_eq_nop_pii_8.bin,reverse,OK,
x64/windows_x64_pingback_reverse_tcp_eq_nop_pii_9.bin,reverse,OK,
x64/windows_x64_pingback_reverse_tcp_ibp_1.bin,reverse,OK,
x64/windows_x64_pingback_reverse_tcp_ibp_10.bin,reverse,OK,
x64/windows_x64_pingback_reverse_tcp_ibp_2.bin,reverse,OK,
x64/windows_x64_pingback_reverse_tcp_ibp_3.bin,reverse,OK,
x64/windows_x64_pingback_reverse_tcp_ibp_4.bin,reverse,OK,
x64/windows_x64_pingback_reverse_tcp_ibp_5.bin,reverse,OK,
x64/windows_x64_pingback_reverse_tcp_ibp_6.bin,reverse,OK,
x64/windows_x64_pingback_reverse_tcp_ibp_7.bin,reverse,OK,
x64/windows_x64_pingback_reverse_tcp_ibp_8.bin,reverse,OK,
x64/windows_x64_pingback_reverse_tcp_ibp_9.bin,reverse,OK,
x64/windows_x64_pingback_reverse_tcp_nop_1.bin,reverse,OK,
x64/windows_x64_pingback_reverse_tcp_nop_10.bin,reverse,OK,
x64/windows_x64_pingback_reverse_tcp_nop_2.bin,reverse,OK,
x64/windows_x64_pingback_reverse_tcp_nop_3.bin,reverse,OK,
x64/windows_x64_pingback_reverse_tcp_nop_4.bin,reverse,OK,
x64/windows_x64_pingback_reverse_tcp_nop_5.bin,reverse,OK,
x64/windows_x64_pingback_reverse_tcp_nop_6.bin,reverse,OK,
x64/windows_x64_pingback_reverse_tcp_nop_7.bin,reverse,OK,
x64/windows_x64_pingback_reverse_tcp_nop_8.bin,reverse,OK,
x64/windows_x64_pingback_reverse_tcp_nop_9.bin,reverse,OK,
x64/windows_x64_pingback_reverse_tcp_pii_1.bin,reverse,FAIL,
x64/windows_x64_pingback_reverse_tcp_pii_10.bin,reverse,OK,
x64/windows_x64_pingback_reverse_tcp_pii_2.bin,reverse,OK,
x64/windows_x64_pingback_reverse_tcp_pii_3.bin,reverse,OK,
x64/windows_x64_pingback_reverse_tcp_pii_4.bin,reverse,FAIL,
x64/windows_x64_pingback_reverse_tcp_pii_5.bin,reverse,OK,
x64/windows_x64_pingback_reverse_tcp_pii_6.bin,reverse,OK,
x64/windows_x64_pingback_reverse_tcp_pii_7.bin,reverse,OK,
x64/windows_x64_pingback_reverse_tcp_pii_8.bin,reverse,OK,
x64/windows_x64_pingback_reverse_tcp_pii_9.bin,reverse,OK,
x64/windows_x64_shell_bind_tcp_bcf_1.bin,bind,OK,
x64/windows_x64_shell_bind_tcp_bcf_10.bin,bind,OK,
x64/windows_x64_shell_bind_tcp_bcf_2.bin,bind,OK,
x64/windows_x64_shell_bind_tcp_bcf_3.bin,bind,OK,
x64/windows_x64_shell_bind_tcp_bcf_4.bin,bind,OK,
x64/windows_x64_shell_bind_tcp_bcf_5.bin,bind,OK,
x64/windows_x64_shell_bind_tcp_bcf_6.bin,bind,OK,
x64/windows_x64_shell_bind_tcp_bcf_7.bin,bind,OK,
x64/windows_x64_shell_bind_tcp_bcf_8.bin,bind,OK,
x64/windows_x64_shell_bind_tcp_bcf_9.bin,bind,OK,
x64/windows_x64_shell_bind_tcp_eq_1.bin,bind,OK,
x64/windows_x64_shell_bind_tcp_eq_10.bin,bind,OK,
x64/windows_x64_shell_bind_tcp_eq_2.bin,bind,OK,
x64/windows_x64_shell_bind_tcp_eq_3.bin,bind,OK,
x64/windows_x64_shell_bind_tcp_eq_4.bin,bind,OK,
x64/windows_x64_shell_bind_tcp_eq_5.bin,bind,OK,
x64/windows_x64_shell_bind_tcp_eq_6.bin,bind,OK,
x64/windows_x64_shell_bind_tcp_eq_7.bin,bind,OK,
x64/windows_x64_shell_bind_tcp_eq_8.bin,bind,OK,
x64/windows_x64_shell_bind_tcp_eq_9.bin,bind,OK,
x64/windows_x64_shell_bind_tcp_eq_nop_bcf_1.bin,bind,OK,
x64/windows_x64_shell_bind_tcp_eq_nop_bcf_10.bin,bind,FAIL,
x64/windows_x64_shell_bind_tcp_eq_nop_bcf_2.bin,bind,FAIL,
x64/windows_x64_shell_bind_tcp_eq_nop_bcf_3.bin,bind,FAIL,
x64/windows_x64_shell_bind_tcp_eq_nop_bcf_4.bin,bind,FAIL,
x64/windows_x64_shell_bind_tcp_eq_nop_bcf_5.bin,bind,FAIL,
x64/windows_x64_shell_bind_tcp_eq_nop_bcf_6.bin,bind,FAIL,
x64/windows_x64_shell_bind_tcp_eq_nop_bcf_7.bin,bind,FAIL,
x64/windows_x64_shell_bind_tcp_eq_nop_bcf_8.bin,bind,FAIL,
x64/windows_x64_shell_bind_tcp_eq_nop_bcf_9.bin,bind,FAIL,
x64/windows_x64_shell_bind_tcp_eq_nop_ibp_1.bin,bind,OK,
x64/windows_x64_shell_bind_tcp_eq_nop_ibp_10.bin,bind,OK,
x64/windows_x64_shell_bind_tcp_eq_nop_ibp_2.bin,bind,OK,
x64/windows_x64_shell_bind_tcp_eq_nop_ibp_3.bin,bind,OK,
x64/windows_x64_shell_bind_tcp_eq_nop_ibp_4.bin,bind,OK,
x64/windows_x64_shell_bind_tcp_eq_nop_ibp_5.bin,bind,OK,
x64/windows_x64_shell_bind_tcp_eq_nop_ibp_6.bin,bind,OK,
x64/windows_x64_shell_bind_tcp_eq_nop_ibp_7.bin,bind,OK,
x64/windows_x64_shell_bind_tcp_eq_nop_ibp_8.bin,bind,OK,
x64/windows_x64_shell_bind_tcp_eq_nop_ibp_9.bin,bind,OK,
x64/windows_x64_shell_bind_tcp_eq_nop_pii_1.bin,bind,OK,
x64/windows_x64_shell_bind_tcp_eq_nop_pii_10.bin,bind,OK,
x64/windows_x64_shell_bind_tcp_eq_nop_pii_2.bin,bind,OK,
x64/windows_x64_shell_bind_tcp_eq_nop_pii_3.bin,bind,OK,
x64/windows_x64_shell_bind_tcp_eq_nop_pii_4.bin,bind,OK,
x64/windows_x64_shell_bind_tcp_eq_nop_pii_5.bin,bind,OK,
x64/windows_x64_shell_bind_tcp_eq_nop_pii_6.bin,bind,OK,
x64/windows_x64_shell_bind_tcp_eq_nop_pii_7.bin,bind,OK,
x64/windows_x64_shell_bind_tcp_eq_nop_pii_8.bin,bind,OK,
x64/windows_x64_shell_bind_tcp_eq_nop_pii_9.bin,bind,OK,
x64/windows_x64_shell_bind_tcp_ibp_1.bin,bind,OK,
x64/windows_x64_shell_bind_tcp_ibp_10.bin,bind,OK,
x64/windows_x64_shell_bind_tcp_ibp_2.bin,bind,OK,
x64/windows_x64_shell_bind_tcp_ibp_3.bin,bind,OK,
x64/windows_x64_shell_bind_tcp_ibp_4.bin,bind,OK,
x64/windows_x64_shell_bind_tcp_ibp_5.bin,bind,OK,
x64/windows_x64_shell_bind_tcp_ibp_6.bin,bind,OK,
x64/windows_x64_shell_bind_tcp_ibp_7.bin,bind,OK,
x64/windows_x64_shell_bind_tcp_ibp_8.bin,bind,OK,
x64/windows_x64_shell_bind_tcp_ibp_9.bin,bind,OK,
x64/windows_x64_shell_bind_tcp_nop_1.bin,bind,OK,
x64/windows_x64_shell_bind_tcp_nop_10.bin,bind,OK,
x64/windows_x64_shell_bind_tcp_nop_2.bin,bind,OK,
x64/windows_x64_shell_bind_tcp_nop_3.bin,bind,OK,
x64/windows_x64_shell_bind_tcp_nop_4.bin,bind,OK,
x64/windows_x64_shell_bind_tcp_nop_5.bin,bind,OK,
x64/windows_x64_shell_bind_tcp_nop_6.bin,bind,OK,
x64/windows_x64_shell_bind_tcp_nop_7.bin,bind,OK,
x64/windows_x64_shell_bind_tcp_nop_8.bin,bind,OK,
x64/windows_x64_shell_bind_tcp_nop_9.bin,bind,OK,
x64/windows_x64_shell_bind_tcp_pii_1.bin,bind,OK,
x64/windows_x64_shell_bind_tcp_pii_10.bin,bind,OK,
x64/windows_x64_shell_bind_tcp_pii_2.bin,bind,OK,
x64/windows_x64_shell_bind_tcp_pii_3.bin,bind,OK,
x64/windows_x64_shell_bind_tcp_pii_4.bin,bind,OK,
x64/windows_x64_shell_bind_tcp_pii_5.bin,bind,OK,
x64/windows_x64_shell_bind_tcp_pii_6.bin,bind,OK,
x64/windows_x64_shell_bind_tcp_pii_7.bin,bind,OK,
x64/windows_x64_shell_bind_tcp_pii_8.bin,bind,OK,
x64/windows_x64_shell_bind_tcp_pii_9.bin,bind,OK,
x64/windows_x64_shell_bind_tcp_rc4_bcf_1.bin,bind,OK,
x64/windows_x64_shell_bind_tcp_rc4_bcf_10.bin,bind,OK,
x64/windows_x64_shell_bind_tcp_rc4_bcf_2.bin,bind,OK,
x64/windows_x64_shell_bind_tcp_rc4_bcf_3.bin,bind,OK,
x64/windows_x64_shell_bind_tcp_rc4_bcf_4.bin,bind,OK,
x64/windows_x64_shell_bind_tcp_rc4_bcf_5.bin,bind,OK,
x64/windows_x64_shell_bind_tcp_rc4_bcf_6.bin,bind,OK,
x64/windows_x64_shell_bind_tcp_rc4_bcf_7.bin,bind,OK,
x64/windows_x64_shell_bind_tcp_rc4_bcf_8.bin,bind,OK,
x64/windows_x64_shell_bind_tcp_rc4_bcf_9.bin,bind,OK,
x64/windows_x64_shell_bind_tcp_rc4_eq_1.bin,bind,OK,
x64/windows_x64_shell_bind_tcp_rc4_eq_10.bin,bind,OK,
x64/windows_x64_shell_bind_tcp_rc4_eq_2.bin,bind,OK,
x64/windows_x64_shell_bind_tcp_rc4_eq_3.bin,bind,OK,
x64/windows_x64_shell_bind_tcp_rc4_eq_4.bin,bind,OK,
x64/windows_x64_shell_bind_tcp_rc4_eq_5.bin,bind,OK,
x64/windows_x64_shell_bind_tcp_rc4_eq_6.bin,bind,OK,
x64/windows_x64_shell_bind_tcp_rc4_eq_7.bin,bind,OK,
x64/windows_x64_shell_bind_tcp_rc4_eq_8.bin,bind,OK,
x64/windows_x64_shell_bind_tcp_rc4_eq_9.bin,bind,OK,
x64/windows_x64_shell_bind_tcp_rc4_eq_nop_bcf_1.bin,bind,FAIL,
x64/windows_x64_shell_bind_tcp_rc4_eq_nop_bcf_10.bin,bind,FAIL,
x64/windows_x64_shell_bind_tcp_rc4_eq_nop_bcf_2.bin,bind,FAIL,
x64/windows_x64_shell_bind_tcp_rc4_eq_nop_bcf_3.bin,bind,FAIL,
x64/windows_x64_shell_bind_tcp_rc4_eq_nop_bcf_4.bin,bind,FAIL,
x64/windows_x64_shell_bind_tcp_rc4_eq_nop_bcf_5.bin,bind,FAIL,
x64/windows_x64_shell_bind_tcp_rc4_eq_nop_bcf_6.bin,bind,FAIL,
x64/windows_x64_shell_bind_tcp_rc4_eq_nop_bcf_7.bin,bind,FAIL,
x64/windows_x64_shell_bind_tcp_rc4_eq_nop_bcf_8.bin,bind,FAIL,
x64/windows_x64_shell_bind_tcp_rc4_eq_nop_bcf_9.bin,bind,FAIL,
x64/windows_x64_shell_bind_tcp_rc4_eq_nop_ibp_1.bin,bind,OK,
x64/windows_x64_shell_bind_tcp_rc4_eq_nop_ibp_10.bin,bind,OK,
x64/windows_x64_shell_bind_tcp_rc4_eq_nop_ibp_2.bin,bind,OK,
x64/windows_x64_shell_bind_tcp_rc4_eq_nop_ibp_3.bin,bind,OK,
x64/windows_x64_shell_bind_tcp_rc4_eq_nop_ibp_4.bin,bind,OK,
x64/windows_x64_shell_bind_tcp_rc4_eq_nop_ibp_5.bin,bind,OK,
x64/windows_x64_shell_bind_tcp_rc4_eq_nop_ibp_6.bin,bind,OK,
x64/windows_x64_shell_bind_tcp_rc4_eq_nop_ibp_7.bin,bind,OK,
x64/windows_x64_shell_bind_tcp_rc4_eq_nop_ibp_8.bin,bind,OK,
x64/windows_x64_shell_bind_tcp_rc4_eq_nop_ibp_9.bin,bind,OK,
x64/windows_x64_shell_bind_tcp_rc4_eq_nop_pii_1.bin,bind,OK,
x64/windows_x64_shell_bind_tcp_rc4_eq_nop_pii_10.bin,bind,OK,
x64/windows_x64_shell_bind_tcp_rc4_eq_nop_pii_2.bin,bind,OK,
x64/windows_x64_shell_bind_tcp_rc4_eq_nop_pii_3.bin,bind,OK,
x64/windows_x64_shell_bind_tcp_rc4_eq_nop_pii_4.bin,bind,OK,
x64/windows_x64_shell_bind_tcp_rc4_eq_nop_pii_5.bin,bind,OK,
x64/windows_x64_shell_bind_tcp_rc4_eq_nop_pii_6.bin,bind,OK,
x64/windows_x64_shell_bind_tcp_rc4_eq_nop_pii_7.bin,bind,OK,
x64/windows_x64_shell_bind_tcp_rc4_eq_nop_pii_8.bin,bind,OK,
x64/windows_x64_shell_bind_tcp_rc4_eq_nop_pii_9.bin,bind,OK,
x64/windows_x64_shell_bind_tcp_rc4_ibp_1.bin,bind,OK,
x64/windows_x64_shell_bind_tcp_rc4_ibp_10.bin,bind,OK,
x64/windows_x64_shell_bind_tcp_rc4_ibp_2.bin,bind,OK,
x64/windows_x64_shell_bind_tcp_rc4_ibp_3.bin,bind,OK,
x64/windows_x64_shell_bind_tcp_rc4_ibp_4.bin,bind,OK,
x64/windows_x64_shell_bind_tcp_rc4_ibp_5.bin,bind,OK,
x64/windows_x64_shell_bind_tcp_rc4_ibp_6.bin,bind,OK,
x64/windows_x64_shell_bind_tcp_rc4_ibp_7.bin,bind,OK,
x64/windows_x64_shell_bind_tcp_rc4_ibp_8.bin,bind,OK,
x64/windows_x64_shell_bind_tcp_rc4_ibp_9.bin,bind,OK,
x64/windows_x64_shell_bind_tcp_rc4_nop_1.bin,bind,OK,
x64/windows_x64_shell_bind_tcp_rc4_nop_10.bin,bind,OK,
x64/windows_x64_shell_bind_tcp_rc4_nop_2.bin,bind,OK,
x64/windows_x64_shell_bind_tcp_rc4_nop_3.bin,bind,OK,
x64/windows_x64_shell_bind_tcp_rc4_nop_4.bin,bind,OK,
x64/windows_x64_shell_bind_tcp_rc4_nop_5.bin,bind,OK,
x64/windows_x64_shell_bind_tcp_rc4_nop_6.bin,bind,OK,
x64/windows_x64_shell_bind_tcp_rc4_nop_7.bin,bind,OK,
x64/windows_x64_shell_bind_tcp_rc4_nop_8.bin,bind,OK,
x64/windows_x64_shell_bind_tcp_rc4_nop_9.bin,bind,OK,
x64/windows_x64_shell_bind_tcp_rc4_pii_1.bin,bind,OK,
x64/windows_x64_shell_bind_tcp_rc4_pii_10.bin,bind,OK,
x64/windows_x64_shell_bind_tcp_rc4_pii_2.bin,bind,FAIL,
x64/windows_x64_shell_bind_tcp_rc4_pii_3.bin,bind,OK,
x64/windows_x64_shell_bind_tcp_rc4_pii_4.bin,bind,OK,
x64/windows_x64_shell_bind_tcp_rc4_pii_5.bin,bind,OK,
x64/windows_x64_shell_bind_tcp_rc4_pii_6.bin,bind,OK,
x64/windows_x64_shell_bind_tcp_rc4_pii_7.bin,bind,OK,
x64/windows_x64_shell_bind_tcp_rc4_pii_8.bin,bind,OK,
x64/windows_x64_shell_bind_tcp_rc4_pii_9.bin,bind,OK,
x64/windows_x64_shell_bind_tcp_uuid_bcf_1.bin,bind,OK,
x64/windows_x64_shell_bind_tcp_uuid_bcf_10.bin,bind,OK,
x64/windows_x64_shell_bind_tcp_uuid_bcf_2.bin,bind,OK,
x64/windows_x64_shell_bind_tcp_uuid_bcf_3.bin,bind,OK,
x64/windows_x64_shell_bind_tcp_uuid_bcf_4.bin,bind,OK,
x64/windows_x64_shell_bind_tcp_uuid_bcf_5.bin,bind,OK,
x64/windows_x64_shell_bind_tcp_uuid_bcf_6.bin,bind,OK,
x64/windows_x64_shell_bind_tcp_uuid_bcf_7.bin,bind,OK,
x64/windows_x64_shell_bind_tcp_uuid_bcf_8.bin,bind,OK,
x64/windows_x64_shell_bind_tcp_uuid_bcf_9.bin,bind,OK,
x64/windows_x64_shell_bind_tcp_uuid_eq_1.bin,bind,OK,
x64/windows_x64_shell_bind_tcp_uuid_eq_10.bin,bind,OK,
x64/windows_x64_shell_bind_tcp_uuid_eq_2.bin,bind,OK,
x64/windows_x64_shell_bind_tcp_uuid_eq_3.bin,bind,OK,
x64/windows_x64_shell_bind_tcp_uuid_eq_4.bin,bind,OK,
x64/windows_x64_shell_bind_tcp_uuid_eq_5.bin,bind,OK,
x64/windows_x64_shell_bind_tcp_uuid_eq_6.bin,bind,OK,
x64/windows_x64_shell_bind_tcp_uuid_eq_7.bin,bind,OK,
x64/windows_x64_shell_bind_tcp_uuid_eq_8.bin,bind,OK,
x64/windows_x64_shell_bind_tcp_uuid_eq_9.bin,bind,OK,
x64/windows_x64_shell_bind_tcp_uuid_eq_nop_bcf_1.bin,bind,FAIL,
x64/windows_x64_shell_bind_tcp_uuid_eq_nop_bcf_10.bin,bind,FAIL,
x64/windows_x64_shell_bind_tcp_uuid_eq_nop_bcf_2.bin,bind,FAIL,
x64/windows_x64_shell_bind_tcp_uuid_eq_nop_bcf_3.bin,bind,FAIL,
x64/windows_x64_shell_bind_tcp_uuid_eq_nop_bcf_4.bin,bind,FAIL,
x64/windows_x64_shell_bind_tcp_uuid_eq_nop_bcf_5.bin,bind,FAIL,
x64/windows_x64_shell_bind_tcp_uuid_eq_nop_bcf_6.bin,bind,FAIL,
x64/windows_x64_shell_bind_tcp_uuid_eq_nop_bcf_7.bin,bind,FAIL,
x64/windows_x64_shell_bind_tcp_uuid_eq_nop_bcf_8.bin,bind,FAIL,
x64/windows_x64_shell_bind_tcp_uuid_eq_nop_bcf_9.bin,bind,FAIL,
x64/windows_x64_shell_bind_tcp_uuid_eq_nop_ibp_1.bin,bind,OK,
x64/windows_x64_shell_bind_tcp_uuid_eq_nop_ibp_10.bin,bind,OK,
x64/windows_x64_shell_bind_tcp_uuid_eq_nop_ibp_2.bin,bind,OK,
x64/windows_x64_shell_bind_tcp_uuid_eq_nop_ibp_3.bin,bind,OK,
x64/windows_x64_shell_bind_tcp_uuid_eq_nop_ibp_4.bin,bind,OK,
x64/windows_x64_shell_bind_tcp_uuid_eq_nop_ibp_5.bin,bind,OK,
x64/windows_x64_shell_bind_tcp_uuid_eq_nop_ibp_6.bin,bind,OK,
x64/windows_x64_shell_bind_tcp_uuid_eq_nop_ibp_7.bin,bind,OK,
x64/windows_x64_shell_bind_tcp_uuid_eq_nop_ibp_8.bin,bind,OK,
x64/windows_x64_shell_bind_tcp_uuid_eq_nop_ibp_9.bin,bind,OK,
x64/windows_x64_shell_bind_tcp_uuid_eq_nop_pii_1.bin,bind,OK,
x64/windows_x64_shell_bind_tcp_uuid_eq_nop_pii_10.bin,bind,OK,
x64/windows_x64_shell_bind_tcp_uuid_eq_nop_pii_2.bin,bind,OK,
x64/windows_x64_shell_bind_tcp_uuid_eq_nop_pii_3.bin,bind,OK,
x64/windows_x64_shell_bind_tcp_uuid_eq_nop_pii_4.bin,bind,OK,
x64/windows_x64_shell_bind_tcp_uuid_eq_nop_pii_5.bin,bind,OK,
x64/windows_x64_shell_bind_tcp_uuid_eq_nop_pii_6.bin,bind,OK,
x64/windows_x64_shell_bind_tcp_uuid_eq_nop_pii_7.bin,bind,OK,
x64/windows_x64_shell_bind_tcp_uuid_eq_nop_pii_8.bin,bind,OK,
x64/windows_x64_shell_bind_tcp_uuid_eq_nop_pii_9.bin,bind,OK,
x64/windows_x64_shell_bind_tcp_uuid_ibp_1.bin,bind,OK,
x64/windows_x64_shell_bind_tcp_uuid_ibp_10.bin,bind,OK,
x64/windows_x64_shell_bind_tcp_uuid_ibp_2.bin,bind,OK,
x64/windows_x64_shell_bind_tcp_uuid_ibp_3.bin,bind,OK,
x64/windows_x64_shell_bind_tcp_uuid_ibp_4.bin,bind,OK,
x64/windows_x64_shell_bind_tcp_uuid_ibp_5.bin,bind,OK,
x64/windows_x64_shell_bind_tcp_uuid_ibp_6.bin,bind,OK,
x64/windows_x64_shell_bind_tcp_uuid_ibp_7.bin,bind,OK,
x64/windows_x64_shell_bind_tcp_uuid_ibp_8.bin,bind,OK,
x64/windows_x64_shell_bind_tcp_uuid_ibp_9.bin,bind,OK,
x64/windows_x64_shell_bind_tcp_uuid_nop_1.bin,bind,OK,
x64/windows_x64_shell_bind_tcp_uuid_nop_10.bin,bind,OK,
x64/windows_x64_shell_bind_tcp_uuid_nop_2.bin,bind,OK,
x64/windows_x64_shell_bind_tcp_uuid_nop_3.bin,bind,OK,
x64/windows_x64_shell_bind_tcp_uuid_nop_4.bin,bind,OK,
x64/windows_x64_shell_bind_tcp_uuid_nop_5.bin,bind,OK,
x64/windows_x64_shell_bind_tcp_uuid_nop_6.bin,bind,OK,
x64/windows_x64_shell_bind_tcp_uuid_nop_7.bin,bind,OK,
x64/windows_x64_shell_bind_tcp_uuid_nop_8.bin,bind,OK,
x64/windows_x64_shell_bind_tcp_uuid_nop_9.bin,bind,OK,
x64/windows_x64_shell_bind_tcp_uuid_pii_1.bin,bind,FAIL,
x64/windows_x64_shell_bind_tcp_uuid_pii_10.bin,bind,OK,
x64/windows_x64_shell_bind_tcp_uuid_pii_2.bin,bind,OK,
x64/windows_x64_shell_bind_tcp_uuid_pii_3.bin,bind,OK,
x64/windows_x64_shell_bind_tcp_uuid_pii_4.bin,bind,OK,
x64/windows_x64_shell_bind_tcp_uuid_pii_5.bin,bind,OK,
x64/windows_x64_shell_bind_tcp_uuid_pii_6.bin,bind,FAIL,
x64/windows_x64_shell_bind_tcp_uuid_pii_7.bin,bind,OK,
x64/windows_x64_shell_bind_tcp_uuid_pii_8.bin,bind,OK,
x64/windows_x64_shell_bind_tcp_uuid_pii_9.bin,bind,OK,
x64/windows_x64_shell_reverse_tcp_bcf_1.bin,reverse,OK,
x64/windows_x64_shell_reverse_tcp_bcf_10.bin,reverse,OK,
x64/windows_x64_shell_reverse_tcp_bcf_2.bin,reverse,OK,
x64/windows_x64_shell_reverse_tcp_bcf_3.bin,reverse,OK,
x64/windows_x64_shell_reverse_tcp_bcf_4.bin,reverse,OK,
x64/windows_x64_shell_reverse_tcp_bcf_5.bin,reverse,OK,
x64/windows_x64_shell_reverse_tcp_bcf_6.bin,reverse,OK,
x64/windows_x64_shell_reverse_tcp_bcf_7.bin,reverse,OK,
x64/windows_x64_shell_reverse_tcp_bcf_8.bin,reverse,OK,
x64/windows_x64_shell_reverse_tcp_bcf_9.bin,reverse,OK,
x64/windows_x64_shell_reverse_tcp_eq_1.bin,reverse,OK,
x64/windows_x64_shell_reverse_tcp_eq_10.bin,reverse,OK,
x64/windows_x64_shell_reverse_tcp_eq_2.bin,reverse,OK,
x64/windows_x64_shell_reverse_tcp_eq_3.bin,reverse,OK,
x64/windows_x64_shell_reverse_tcp_eq_4.bin,reverse,OK,
x64/windows_x64_shell_reverse_tcp_eq_5.bin,reverse,OK,
x64/windows_x64_shell_reverse_tcp_eq_6.bin,reverse,OK,
x64/windows_x64_shell_reverse_tcp_eq_7.bin,reverse,OK,
x64/windows_x64_shell_reverse_tcp_eq_8.bin,reverse,OK,
x64/windows_x64_shell_reverse_tcp_eq_9.bin,reverse,OK,
x64/windows_x64_shell_reverse_tcp_eq_nop_bcf_1.bin,reverse,FAIL,
x64/windows_x64_shell_reverse_tcp_eq_nop_bcf_10.bin,reverse,FAIL,
x64/windows_x64_shell_reverse_tcp_eq_nop_bcf_2.bin,reverse,FAIL,
x64/windows_x64_shell_reverse_tcp_eq_nop_bcf_3.bin,reverse,FAIL,
x64/windows_x64_shell_reverse_tcp_eq_nop_bcf_4.bin,reverse,FAIL,
x64/windows_x64_shell_reverse_tcp_eq_nop_bcf_5.bin,reverse,FAIL,
x64/windows_x64_shell_reverse_tcp_eq_nop_bcf_6.bin,reverse,FAIL,
x64/windows_x64_shell_reverse_tcp_eq_nop_bcf_7.bin,reverse,OK,
x64/windows_x64_shell_reverse_tcp_eq_nop_bcf_8.bin,reverse,FAIL,
x64/windows_x64_shell_reverse_tcp_eq_nop_bcf_9.bin,reverse,FAIL,
x64/windows_x64_shell_reverse_tcp_eq_nop_ibp_1.bin,reverse,OK,
x64/windows_x64_shell_reverse_tcp_eq_nop_ibp_10.bin,reverse,OK,
x64/windows_x64_shell_reverse_tcp_eq_nop_ibp_2.bin,reverse,OK,
x64/windows_x64_shell_reverse_tcp_eq_nop_ibp_3.bin,reverse,OK,
x64/windows_x64_shell_reverse_tcp_eq_nop_ibp_4.bin,reverse,OK,
x64/windows_x64_shell_reverse_tcp_eq_nop_ibp_5.bin,reverse,OK,
x64/windows_x64_shell_reverse_tcp_eq_nop_ibp_6.bin,reverse,OK,
x64/windows_x64_shell_reverse_tcp_eq_nop_ibp_7.bin,reverse,OK,
x64/windows_x64_shell_reverse_tcp_eq_nop_ibp_8.bin,reverse,OK,
x64/windows_x64_shell_reverse_tcp_eq_nop_ibp_9.bin,reverse,OK,
x64/windows_x64_shell_reverse_tcp_eq_nop_pii_1.bin,reverse,OK,
x64/windows_x64_shell_reverse_tcp_eq_nop_pii_10.bin,reverse,OK,
x64/windows_x64_shell_reverse_tcp_eq_nop_pii_2.bin,reverse,OK,
x64/windows_x64_shell_reverse_tcp_eq_nop_pii_3.bin,reverse,OK,
x64/windows_x64_shell_reverse_tcp_eq_nop_pii_4.bin,reverse,OK,
x64/windows_x64_shell_reverse_tcp_eq_nop_pii_5.bin,reverse,FAIL,
x64/windows_x64_shell_reverse_tcp_eq_nop_pii_6.bin,reverse,OK,
x64/windows_x64_shell_reverse_tcp_eq_nop_pii_7.bin,reverse,OK,
x64/windows_x64_shell_reverse_tcp_eq_nop_pii_8.bin,reverse,OK,
x64/windows_x64_shell_reverse_tcp_eq_nop_pii_9.bin,reverse,OK,
x64/windows_x64_shell_reverse_tcp_ibp_1.bin,reverse,OK,
x64/windows_x64_shell_reverse_tcp_ibp_10.bin,reverse,OK,
x64/windows_x64_shell_reverse_tcp_ibp_2.bin,reverse,OK,
x64/windows_x64_shell_reverse_tcp_ibp_3.bin,reverse,OK,
x64/windows_x64_shell_reverse_tcp_ibp_4.bin,reverse,OK,
x64/windows_x64_shell_reverse_tcp_ibp_5.bin,reverse,OK,
x64/windows_x64_shell_reverse_tcp_ibp_6.bin,reverse,OK,
x64/windows_x64_shell_reverse_tcp_ibp_7.bin,reverse,OK,
x64/windows_x64_shell_reverse_tcp_ibp_8.bin,reverse,OK,
x64/windows_x64_shell_reverse_tcp_ibp_9.bin,reverse,OK,
x64/windows_x64_shell_reverse_tcp_nop_1.bin,reverse,OK,
x64/windows_x64_shell_reverse_tcp_nop_10.bin,reverse,OK,
x64/windows_x64_shell_reverse_tcp_nop_2.bin,reverse,OK,
x64/windows_x64_shell_reverse_tcp_nop_3.bin,reverse,OK,
x64/windows_x64_shell_reverse_tcp_nop_4.bin,reverse,OK,
x64/windows_x64_shell_reverse_tcp_nop_5.bin,reverse,OK,
x64/windows_x64_shell_reverse_tcp_nop_6.bin,reverse,OK,
x64/windows_x64_shell_reverse_tcp_nop_7.bin,reverse,OK,
x64/windows_x64_shell_reverse_tcp_nop_8.bin,reverse,OK,
x64/windows_x64_shell_reverse_tcp_nop_9.bin,reverse,OK,
x64/windows_x64_shell_reverse_tcp_pii_1.bin,reverse,OK,
x64/windows_x64_shell_reverse_tcp_pii_10.bin,reverse,OK,
x64/windows_x64_shell_reverse_tcp_pii_2.bin,reverse,OK,
x64/windows_x64_shell_reverse_tcp_pii_3.bin,reverse,OK,
x64/windows_x64_shell_reverse_tcp_pii_4.bin,reverse,OK,
x64/windows_x64_shell_reverse_tcp_pii_5.bin,reverse,OK,
x64/windows_x64_shell_reverse_tcp_pii_6.bin,reverse,OK,
x64/windows_x64_shell_reverse_tcp_pii_7.bin,reverse,OK,
x64/windows_x64_shell_reverse_tcp_pii_8.bin,reverse,OK,
x64/windows_x64_shell_reverse_tcp_pii_9.bin,reverse,FAIL,
x64/windows_x64_shell_reverse_tcp_rc4_bcf_1.bin,reverse,OK,
x64/windows_x64_shell_reverse_tcp_rc4_bcf_10.bin,reverse,OK,
x64/windows_x64_shell_reverse_tcp_rc4_bcf_2.bin,reverse,OK,
x64/windows_x64_shell_reverse_tcp_rc4_bcf_3.bin,reverse,OK,
x64/windows_x64_shell_reverse_tcp_rc4_bcf_4.bin,reverse,OK,
x64/windows_x64_shell_reverse_tcp_rc4_bcf_5.bin,reverse,OK,
x64/windows_x64_shell_reverse_tcp_rc4_bcf_6.bin,reverse,OK,
x64/windows_x64_shell_reverse_tcp_rc4_bcf_7.bin,reverse,OK,
x64/windows_x64_shell_reverse_tcp_rc4_bcf_8.bin,reverse,OK,
x64/windows_x64_shell_reverse_tcp_rc4_bcf_9.bin,reverse,OK,
x64/windows_x64_shell_reverse_tcp_rc4_eq_1.bin,reverse,OK,
x64/windows_x64_shell_reverse_tcp_rc4_eq_10.bin,reverse,OK,
x64/windows_x64_shell_reverse_tcp_rc4_eq_2.bin,reverse,OK,
x64/windows_x64_shell_reverse_tcp_rc4_eq_3.bin,reverse,OK,
x64/windows_x64_shell_reverse_tcp_rc4_eq_4.bin,reverse,OK,
x64/windows_x64_shell_reverse_tcp_rc4_eq_5.bin,reverse,OK,
x64/windows_x64_shell_reverse_tcp_rc4_eq_6.bin,reverse,OK,
x64/windows_x64_shell_reverse_tcp_rc4_eq_7.bin,reverse,OK,
x64/windows_x64_shell_reverse_tcp_rc4_eq_8.bin,reverse,OK,
x64/windows_x64_shell_reverse_tcp_rc4_eq_9.bin,reverse,OK,
x64/windows_x64_shell_reverse_tcp_rc4_eq_nop_bcf_1.bin,reverse,FAIL,
x64/windows_x64_shell_reverse_tcp_rc4_eq_nop_bcf_10.bin,reverse,FAIL,
x64/windows_x64_shell_reverse_tcp_rc4_eq_nop_bcf_2.bin,reverse,FAIL,
x64/windows_x64_shell_reverse_tcp_rc4_eq_nop_bcf_3.bin,reverse,FAIL,
x64/windows_x64_shell_reverse_tcp_rc4_eq_nop_bcf_4.bin,reverse,FAIL,
x64/windows_x64_shell_reverse_tcp_rc4_eq_nop_bcf_5.bin,reverse,FAIL,
x64/windows_x64_shell_reverse_tcp_rc4_eq_nop_bcf_6.bin,reverse,FAIL,
x64/windows_x64_shell_reverse_tcp_rc4_eq_nop_bcf_7.bin,reverse,FAIL,
x64/windows_x64_shell_reverse_tcp_rc4_eq_nop_bcf_8.bin,reverse,FAIL,
x64/windows_x64_shell_reverse_tcp_rc4_eq_nop_bcf_9.bin,reverse,FAIL,
x64/windows_x64_shell_reverse_tcp_rc4_eq_nop_ibp_1.bin,reverse,OK,
x64/windows_x64_shell_reverse_tcp_rc4_eq_nop_ibp_10.bin,reverse,OK,
x64/windows_x64_shell_reverse_tcp_rc4_eq_nop_ibp_2.bin,reverse,OK,
x64/windows_x64_shell_reverse_tcp_rc4_eq_nop_ibp_3.bin,reverse,OK,
x64/windows_x64_shell_reverse_tcp_rc4_eq_nop_ibp_4.bin,reverse,OK,
x64/windows_x64_shell_reverse_tcp_rc4_eq_nop_ibp_5.bin,reverse,OK,
x64/windows_x64_shell_reverse_tcp_rc4_eq_nop_ibp_6.bin,reverse,OK,
x64/windows_x64_shell_reverse_tcp_rc4_eq_nop_ibp_7.bin,reverse,OK,
x64/windows_x64_shell_reverse_tcp_rc4_eq_nop_ibp_8.bin,reverse,OK,
x64/windows_x64_shell_reverse_tcp_rc4_eq_nop_ibp_9.bin,reverse,OK,
x64/windows_x64_shell_reverse_tcp_rc4_eq_nop_pii_1.bin,reverse,OK,
x64/windows_x64_shell_reverse_tcp_rc4_eq_nop_pii_10.bin,reverse,OK,
x64/windows_x64_shell_reverse_tcp_rc4_eq_nop_pii_2.bin,reverse,OK,
x64/windows_x64_shell_reverse_tcp_rc4_eq_nop_pii_3.bin,reverse,OK,
x64/windows_x64_shell_reverse_tcp_rc4_eq_nop_pii_4.bin,reverse,OK,
x64/windows_x64_shell_reverse_tcp_rc4_eq_nop_pii_5.bin,reverse,FAIL,
x64/windows_x64_shell_reverse_tcp_rc4_eq_nop_pii_6.bin,reverse,OK,
x64/windows_x64_shell_reverse_tcp_rc4_eq_nop_pii_7.bin,reverse,OK,
x64/windows_x64_shell_reverse_tcp_rc4_eq_nop_pii_8.bin,reverse,OK,
x64/windows_x64_shell_reverse_tcp_rc4_eq_nop_pii_9.bin,reverse,OK,
x64/windows_x64_shell_reverse_tcp_rc4_ibp_1.bin,reverse,OK,
x64/windows_x64_shell_reverse_tcp_rc4_ibp_10.bin,reverse,OK,
x64/windows_x64_shell_reverse_tcp_rc4_ibp_2.bin,reverse,OK,
x64/windows_x64_shell_reverse_tcp_rc4_ibp_3.bin,reverse,OK,
x64/windows_x64_shell_reverse_tcp_rc4_ibp_4.bin,reverse,OK,
x64/windows_x64_shell_reverse_tcp_rc4_ibp_5.bin,reverse,OK,
x64/windows_x64_shell_reverse_tcp_rc4_ibp_6.bin,reverse,OK,
x64/windows_x64_shell_reverse_tcp_rc4_ibp_7.bin,reverse,OK,
x64/windows_x64_shell_reverse_tcp_rc4_ibp_8.bin,reverse,OK,
x64/windows_x64_shell_reverse_tcp_rc4_ibp_9.bin,reverse,OK,
x64/windows_x64_shell_reverse_tcp_rc4_nop_1.bin,reverse,OK,
x64/windows_x64_shell_reverse_tcp_rc4_nop_10.bin,reverse,OK,
x64/windows_x64_shell_reverse_tcp_rc4_nop_2.bin,reverse,OK,
x64/windows_x64_shell_reverse_tcp_rc4_nop_3.bin,reverse,OK,
x64/windows_x64_shell_reverse_tcp_rc4_nop_4.bin,reverse,OK,
x64/windows_x64_shell_reverse_tcp_rc4_nop_5.bin,reverse,OK,
x64/windows_x64_shell_reverse_tcp_rc4_nop_6.bin,reverse,OK,
x64/windows_x64_shell_reverse_tcp_rc4_nop_7.bin,reverse,OK,
x64/windows_x64_shell_reverse_tcp_rc4_nop_8.bin,reverse,OK,
x64/windows_x64_shell_reverse_tcp_rc4_nop_9.bin,reverse,OK,
x64/windows_x64_shell_reverse_tcp_rc4_pii_1.bin,reverse,OK,
x64/windows_x64_shell_reverse_tcp_rc4_pii_10.bin,reverse,OK,
x64/windows_x64_shell_reverse_tcp_rc4_pii_2.bin,reverse,OK,
x64/windows_x64_shell_reverse_tcp_rc4_pii_3.bin,reverse,OK,
x64/windows_x64_shell_reverse_tcp_rc4_pii_4.bin,reverse,OK,
x64/windows_x64_shell_reverse_tcp_rc4_pii_5.bin,reverse,OK,
x64/windows_x64_shell_reverse_tcp_rc4_pii_6.bin,reverse,OK,
x64/windows_x64_shell_reverse_tcp_rc4_pii_7.bin,reverse,OK,
x64/windows_x64_shell_reverse_tcp_rc4_pii_8.bin,reverse,OK,
x64/windows_x64_shell_reverse_tcp_rc4_pii_9.bin,reverse,OK,
x64/windows_x64_shell_reverse_tcp_uuid_bcf_1.bin,reverse,OK,
x64/windows_x64_shell_reverse_tcp_uuid_bcf_10.bin,reverse,OK,
x64/windows_x64_shell_reverse_tcp_uuid_bcf_2.bin,reverse,OK,
x64/windows_x64_shell_reverse_tcp_uuid_bcf_3.bin,reverse,OK,
x64/windows_x64_shell_reverse_tcp_uuid_bcf_4.bin,reverse,OK,
x64/windows_x64_shell_reverse_tcp_uuid_bcf_5.bin,reverse,OK,
x64/windows_x64_shell_reverse_tcp_uuid_bcf_6.bin,reverse,OK,
x64/windows_x64_shell_reverse_tcp_uuid_bcf_7.bin,reverse,OK,
x64/windows_x64_shell_reverse_tcp_uuid_bcf_8.bin,reverse,OK,
x64/windows_x64_shell_reverse_tcp_uuid_bcf_9.bin,reverse,OK,
x64/windows_x64_shell_reverse_tcp_uuid_eq_1.bin,reverse,OK,
x64/windows_x64_shell_reverse_tcp_uuid_eq_10.bin,reverse,OK,
x64/windows_x64_shell_reverse_tcp_uuid_eq_2.bin,reverse,OK,
x64/windows_x64_shell_reverse_tcp_uuid_eq_3.bin,reverse,OK,
x64/windows_x64_shell_reverse_tcp_uuid_eq_4.bin,reverse,OK,
x64/windows_x64_shell_reverse_tcp_uuid_eq_5.bin,reverse,OK,
x64/windows_x64_shell_reverse_tcp_uuid_eq_6.bin,reverse,OK,
x64/windows_x64_shell_reverse_tcp_uuid_eq_7.bin,reverse,OK,
x64/windows_x64_shell_reverse_tcp_uuid_eq_8.bin,reverse,OK,
x64/windows_x64_shell_reverse_tcp_uuid_eq_9.bin,reverse,OK,
x64/windows_x64_shell_reverse_tcp_uuid_eq_nop_bcf_1.bin,reverse,FAIL,
x64/windows_x64_shell_reverse_tcp_uuid_eq_nop_bcf_10.bin,reverse,FAIL,
x64/windows_x64_shell_reverse_tcp_uuid_eq_nop_bcf_2.bin,reverse,FAIL,
x64/windows_x64_shell_reverse_tcp_uuid_eq_nop_bcf_3.bin,reverse,OK,
x64/windows_x64_shell_reverse_tcp_uuid_eq_nop_bcf_4.bin,reverse,FAIL,
x64/windows_x64_shell_reverse_tcp_uuid_eq_nop_bcf_5.bin,reverse,FAIL,
x64/windows_x64_shell_reverse_tcp_uuid_eq_nop_bcf_6.bin,reverse,FAIL,
x64/windows_x64_shell_reverse_tcp_uuid_eq_nop_bcf_7.bin,reverse,FAIL,
x64/windows_x64_shell_reverse_tcp_uuid_eq_nop_bcf_8.bin,reverse,FAIL,
x64/windows_x64_shell_reverse_tcp_uuid_eq_nop_bcf_9.bin,reverse,FAIL,
x64/windows_x64_shell_reverse_tcp_uuid_eq_nop_ibp_1.bin,reverse,OK,
x64/windows_x64_shell_reverse_tcp_uuid_eq_nop_ibp_10.bin,reverse,OK,
x64/windows_x64_shell_reverse_tcp_uuid_eq_nop_ibp_2.bin,reverse,OK,
x64/windows_x64_shell_reverse_tcp_uuid_eq_nop_ibp_3.bin,reverse,OK,
x64/windows_x64_shell_reverse_tcp_uuid_eq_nop_ibp_4.bin,reverse,OK,
x64/windows_x64_shell_reverse_tcp_uuid_eq_nop_ibp_5.bin,reverse,OK,
x64/windows_x64_shell_reverse_tcp_uuid_eq_nop_ibp_6.bin,reverse,OK,
x64/windows_x64_shell_reverse_tcp_uuid_eq_nop_ibp_7.bin,reverse,OK,
x64/windows_x64_shell_reverse_tcp_uuid_eq_nop_ibp_8.bin,reverse,OK,
x64/windows_x64_shell_reverse_tcp_uuid_eq_nop_ibp_9.bin,reverse,OK,
x64/windows_x64_shell_reverse_tcp_uuid_eq_nop_pii_1.bin,reverse,OK,
x64/windows_x64_shell_reverse_tcp_uuid_eq_nop_pii_10.bin,reverse,OK,
x64/windows_x64_shell_reverse_tcp_uuid_eq_nop_pii_2.bin,reverse,OK,
x64/windows_x64_shell_reverse_tcp_uuid_eq_nop_pii_3.bin,reverse,OK,
x64/windows_x64_shell_reverse_tcp_uuid_eq_nop_pii_4.bin,reverse,OK,
x64/windows_x64_shell_reverse_tcp_uuid_eq_nop_pii_5.bin,reverse,FAIL,
x64/windows_x64_shell_reverse_tcp_uuid_eq_nop_pii_6.bin,reverse,OK,
x64/windows_x64_shell_reverse_tcp_uuid_eq_nop_pii_7.bin,reverse,OK,
x64/windows_x64_shell_reverse_tcp_uuid_eq_nop_pii_8.bin,reverse,OK,
x64/windows_x64_shell_reverse_tcp_uuid_eq_nop_pii_9.bin,reverse,OK,
x64/windows_x64_shell_reverse_tcp_uuid_ibp_1.bin,reverse,OK,
x64/windows_x64_shell_reverse_tcp_uuid_ibp_10.bin,reverse,OK,
x64/windows_x64_shell_reverse_tcp_uuid_ibp_2.bin,reverse,OK,
x64/windows_x64_shell_reverse_tcp_uuid_ibp_3.bin,reverse,OK,
x64/windows_x64_shell_reverse_tcp_uuid_ibp_4.bin,reverse,OK,
x64/windows_x64_shell_reverse_tcp_uuid_ibp_5.bin,reverse,OK,
x64/windows_x64_shell_reverse_tcp_uuid_ibp_6.bin,reverse,OK,
x64/windows_x64_shell_reverse_tcp_uuid_ibp_7.bin,reverse,OK,
x64/windows_x64_shell_reverse_tcp_uuid_ibp_8.bin,reverse,OK,
x64/windows_x64_shell_reverse_tcp_uuid_ibp_9.bin,reverse,OK,
x64/windows_x64_shell_reverse_tcp_uuid_nop_1.bin,reverse,OK,
x64/windows_x64_shell_reverse_tcp_uuid_nop_10.bin,reverse,OK,
x64/windows_x64_shell_reverse_tcp_uuid_nop_2.bin,reverse,OK,
x64/windows_x64_shell_reverse_tcp_uuid_nop_3.bin,reverse,OK,
x64/windows_x64_shell_reverse_tcp_uuid_nop_4.bin,reverse,OK,
x64/windows_x64_shell_reverse_tcp_uuid_nop_5.bin,reverse,OK,
x64/windows_x64_shell_reverse_tcp_uuid_nop_6.bin,reverse,OK,
x64/windows_x64_shell_reverse_tcp_uuid_nop_7.bin,reverse,OK,
x64/windows_x64_shell_reverse_tcp_uuid_nop_8.bin,reverse,OK,
x64/windows_x64_shell_reverse_tcp_uuid_nop_9.bin,reverse,OK,
x64/windows_x64_shell_reverse_tcp_uuid_pii_1.bin,reverse,OK,
x64/windows_x64_shell_reverse_tcp_uuid_pii_10.bin,reverse,OK,
x64/windows_x64_shell_reverse_tcp_uuid_pii_2.bin,reverse,OK,
x64/windows_x64_shell_reverse_tcp_uuid_pii_3.bin,reverse,OK,
x64/windows_x64_shell_reverse_tcp_uuid_pii_4.bin,reverse,OK,
x64/windows_x64_shell_reverse_tcp_uuid_pii_5.bin,reverse,OK,
x64/windows_x64_shell_reverse_tcp_uuid_pii_6.bin,reverse,OK,
x64/windows_x64_shell_reverse_tcp_uuid_pii_7.bin,reverse,OK,
x64/windows_x64_shell_reverse_tcp_uuid_pii_8.bin,reverse,OK,
x64/windows_x64_shell_reverse_tcp_uuid_pii_9.bin,reverse,OK,
x64/windows_x64_vncinject_bind_tcp_bcf_1.bin,bind,OK,
x64/windows_x64_vncinject_bind_tcp_bcf_10.bin,bind,OK,
x64/windows_x64_vncinject_bind_tcp_bcf_2.bin,bind,OK,
x64/windows_x64_vncinject_bind_tcp_bcf_3.bin,bind,OK,
x64/windows_x64_vncinject_bind_tcp_bcf_4.bin,bind,OK,
x64/windows_x64_vncinject_bind_tcp_bcf_5.bin,bind,OK,
x64/windows_x64_vncinject_bind_tcp_bcf_6.bin,bind,OK,
x64/windows_x64_vncinject_bind_tcp_bcf_7.bin,bind,OK,
x64/windows_x64_vncinject_bind_tcp_bcf_8.bin,bind,OK,
x64/windows_x64_vncinject_bind_tcp_bcf_9.bin,bind,OK,
x64/windows_x64_vncinject_bind_tcp_eq_1.bin,bind,OK,
x64/windows_x64_vncinject_bind_tcp_eq_10.bin,bind,OK,
x64/windows_x64_vncinject_bind_tcp_eq_2.bin,bind,OK,
x64/windows_x64_vncinject_bind_tcp_eq_3.bin,bind,OK,
x64/windows_x64_vncinject_bind_tcp_eq_4.bin,bind,OK,
x64/windows_x64_vncinject_bind_tcp_eq_5.bin,bind,OK,
x64/windows_x64_vncinject_bind_tcp_eq_6.bin,bind,OK,
x64/windows_x64_vncinject_bind_tcp_eq_7.bin,bind,OK,
x64/windows_x64_vncinject_bind_tcp_eq_8.bin,bind,OK,
x64/windows_x64_vncinject_bind_tcp_eq_9.bin,bind,OK,
x64/windows_x64_vncinject_bind_tcp_eq_nop_bcf_1.bin,bind,FAIL,
x64/windows_x64_vncinject_bind_tcp_eq_nop_bcf_10.bin,bind,FAIL,
x64/windows_x64_vncinject_bind_tcp_eq_nop_bcf_2.bin,bind,FAIL,
x64/windows_x64_vncinject_bind_tcp_eq_nop_bcf_3.bin,bind,FAIL,
x64/windows_x64_vncinject_bind_tcp_eq_nop_bcf_4.bin,bind,FAIL,
x64/windows_x64_vncinject_bind_tcp_eq_nop_bcf_5.bin,bind,FAIL,
x64/windows_x64_vncinject_bind_tcp_eq_nop_bcf_6.bin,bind,FAIL,
x64/windows_x64_vncinject_bind_tcp_eq_nop_bcf_7.bin,bind,FAIL,
x64/windows_x64_vncinject_bind_tcp_eq_nop_bcf_8.bin,bind,FAIL,
x64/windows_x64_vncinject_bind_tcp_eq_nop_bcf_9.bin,bind,FAIL,
x64/windows_x64_vncinject_bind_tcp_eq_nop_ibp_1.bin,bind,OK,
x64/windows_x64_vncinject_bind_tcp_eq_nop_ibp_10.bin,bind,OK,
x64/windows_x64_vncinject_bind_tcp_eq_nop_ibp_2.bin,bind,OK,
x64/windows_x64_vncinject_bind_tcp_eq_nop_ibp_3.bin,bind,OK,
x64/windows_x64_vncinject_bind_tcp_eq_nop_ibp_4.bin,bind,OK,
x64/windows_x64_vncinject_bind_tcp_eq_nop_ibp_5.bin,bind,OK,
x64/windows_x64_vncinject_bind_tcp_eq_nop_ibp_6.bin,bind,OK,
x64/windows_x64_vncinject_bind_tcp_eq_nop_ibp_7.bin,bind,OK,
x64/windows_x64_vncinject_bind_tcp_eq_nop_ibp_8.bin,bind,OK,
x64/windows_x64_vncinject_bind_tcp_eq_nop_ibp_9.bin,bind,OK,
x64/windows_x64_vncinject_bind_tcp_eq_nop_pii_1.bin,bind,OK,
x64/windows_x64_vncinject_bind_tcp_eq_nop_pii_10.bin,bind,OK,
x64/windows_x64_vncinject_bind_tcp_eq_nop_pii_2.bin,bind,OK,
x64/windows_x64_vncinject_bind_tcp_eq_nop_pii_3.bin,bind,OK,
x64/windows_x64_vncinject_bind_tcp_eq_nop_pii_4.bin,bind,OK,
x64/windows_x64_vncinject_bind_tcp_eq_nop_pii_5.bin,bind,OK,
x64/windows_x64_vncinject_bind_tcp_eq_nop_pii_6.bin,bind,OK,
x64/windows_x64_vncinject_bind_tcp_eq_nop_pii_7.bin,bind,OK,
x64/windows_x64_vncinject_bind_tcp_eq_nop_pii_8.bin,bind,OK,
x64/windows_x64_vncinject_bind_tcp_eq_nop_pii_9.bin,bind,OK,
x64/windows_x64_vncinject_bind_tcp_ibp_1.bin,bind,OK,
x64/windows_x64_vncinject_bind_tcp_ibp_10.bin,bind,OK,
x64/windows_x64_vncinject_bind_tcp_ibp_2.bin,bind,OK,
x64/windows_x64_vncinject_bind_tcp_ibp_3.bin,bind,OK,
x64/windows_x64_vncinject_bind_tcp_ibp_4.bin,bind,OK,
x64/windows_x64_vncinject_bind_tcp_ibp_5.bin,bind,OK,
x64/windows_x64_vncinject_bind_tcp_ibp_6.bin,bind,OK,
x64/windows_x64_vncinject_bind_tcp_ibp_7.bin,bind,OK,
x64/windows_x64_vncinject_bind_tcp_ibp_8.bin,bind,OK,
x64/windows_x64_vncinject_bind_tcp_ibp_9.bin,bind,OK,
x64/windows_x64_vncinject_bind_tcp_nop_1.bin,bind,OK,
x64/windows_x64_vncinject_bind_tcp_nop_10.bin,bind,OK,
x64/windows_x64_vncinject_bind_tcp_nop_2.bin,bind,OK,
x64/windows_x64_vncinject_bind_tcp_nop_3.bin,bind,OK,
x64/windows_x64_vncinject_bind_tcp_nop_4.bin,bind,OK,
x64/windows_x64_vncinject_bind_tcp_nop_5.bin,bind,OK,
x64/windows_x64_vncinject_bind_tcp_nop_6.bin,bind,OK,
x64/windows_x64_vncinject_bind_tcp_nop_7.bin,bind,OK,
x64/windows_x64_vncinject_bind_tcp_nop_8.bin,bind,OK,
x64/windows_x64_vncinject_bind_tcp_nop_9.bin,bind,OK,
x64/windows_x64_vncinject_bind_tcp_pii_1.bin,bind,FAIL,
x64/windows_x64_vncinject_bind_tcp_pii_10.bin,bind,OK,
x64/windows_x64_vncinject_bind_tcp_pii_2.bin,bind,OK,
x64/windows_x64_vncinject_bind_tcp_pii_3.bin,bind,OK,
x64/windows_x64_vncinject_bind_tcp_pii_4.bin,bind,OK,
x64/windows_x64_vncinject_bind_tcp_pii_5.bin,bind,OK,
x64/windows_x64_vncinject_bind_tcp_pii_6.bin,bind,OK,
x64/windows_x64_vncinject_bind_tcp_pii_7.bin,bind,OK,
x64/windows_x64_vncinject_bind_tcp_pii_8.bin,bind,FAIL,
x64/windows_x64_vncinject_bind_tcp_pii_9.bin,bind,OK,
x64/windows_x64_vncinject_bind_tcp_rc4_bcf_1.bin,bind,OK,
x64/windows_x64_vncinject_bind_tcp_rc4_bcf_10.bin,bind,OK,
x64/windows_x64_vncinject_bind_tcp_rc4_bcf_2.bin,bind,OK,
x64/windows_x64_vncinject_bind_tcp_rc4_bcf_3.bin,bind,OK,
x64/windows_x64_vncinject_bind_tcp_rc4_bcf_4.bin,bind,OK,
x64/windows_x64_vncinject_bind_tcp_rc4_bcf_5.bin,bind,OK,
x64/windows_x64_vncinject_bind_tcp_rc4_bcf_6.bin,bind,OK,
x64/windows_x64_vncinject_bind_tcp_rc4_bcf_7.bin,bind,OK,
x64/windows_x64_vncinject_bind_tcp_rc4_bcf_8.bin,bind,OK,
x64/windows_x64_vncinject_bind_tcp_rc4_bcf_9.bin,bind,OK,
x64/windows_x64_vncinject_bind_tcp_rc4_eq_1.bin,bind,OK,
x64/windows_x64_vncinject_bind_tcp_rc4_eq_10.bin,bind,OK,
x64/windows_x64_vncinject_bind_tcp_rc4_eq_2.bin,bind,OK,
x64/windows_x64_vncinject_bind_tcp_rc4_eq_3.bin,bind,OK,
x64/windows_x64_vncinject_bind_tcp_rc4_eq_4.bin,bind,OK,
x64/windows_x64_vncinject_bind_tcp_rc4_eq_5.bin,bind,OK,
x64/windows_x64_vncinject_bind_tcp_rc4_eq_6.bin,bind,OK,
x64/windows_x64_vncinject_bind_tcp_rc4_eq_7.bin,bind,OK,
x64/windows_x64_vncinject_bind_tcp_rc4_eq_8.bin,bind,OK,
x64/windows_x64_vncinject_bind_tcp_rc4_eq_9.bin,bind,OK,
x64/windows_x64_vncinject_bind_tcp_rc4_eq_nop_bcf_1.bin,bind,FAIL,
x64/windows_x64_vncinject_bind_tcp_rc4_eq_nop_bcf_10.bin,bind,FAIL,
x64/windows_x64_vncinject_bind_tcp_rc4_eq_nop_bcf_2.bin,bind,FAIL,
x64/windows_x64_vncinject_bind_tcp_rc4_eq_nop_bcf_3.bin,bind,FAIL,
x64/windows_x64_vncinject_bind_tcp_rc4_eq_nop_bcf_4.bin,bind,FAIL,
x64/windows_x64_vncinject_bind_tcp_rc4_eq_nop_bcf_5.bin,bind,FAIL,
x64/windows_x64_vncinject_bind_tcp_rc4_eq_nop_bcf_6.bin,bind,FAIL,
x64/windows_x64_vncinject_bind_tcp_rc4_eq_nop_bcf_7.bin,bind,FAIL,
x64/windows_x64_vncinject_bind_tcp_rc4_eq_nop_bcf_8.bin,bind,FAIL,
x64/windows_x64_vncinject_bind_tcp_rc4_eq_nop_bcf_9.bin,bind,FAIL,
x64/windows_x64_vncinject_bind_tcp_rc4_eq_nop_ibp_1.bin,bind,OK,
x64/windows_x64_vncinject_bind_tcp_rc4_eq_nop_ibp_10.bin,bind,OK,
x64/windows_x64_vncinject_bind_tcp_rc4_eq_nop_ibp_2.bin,bind,OK,
x64/windows_x64_vncinject_bind_tcp_rc4_eq_nop_ibp_3.bin,bind,OK,
x64/windows_x64_vncinject_bind_tcp_rc4_eq_nop_ibp_4.bin,bind,OK,
x64/windows_x64_vncinject_bind_tcp_rc4_eq_nop_ibp_5.bin,bind,OK,
x64/windows_x64_vncinject_bind_tcp_rc4_eq_nop_ibp_6.bin,bind,OK,
x64/windows_x64_vncinject_bind_tcp_rc4_eq_nop_ibp_7.bin,bind,OK,
x64/windows_x64_vncinject_bind_tcp_rc4_eq_nop_ibp_8.bin,bind,OK,
x64/windows_x64_vncinject_bind_tcp_rc4_eq_nop_ibp_9.bin,bind,OK,
x64/windows_x64_vncinject_bind_tcp_rc4_eq_nop_pii_1.bin,bind,OK,
x64/windows_x64_vncinject_bind_tcp_rc4_eq_nop_pii_10.bin,bind,OK,
x64/windows_x64_vncinject_bind_tcp_rc4_eq_nop_pii_2.bin,bind,OK,
x64/windows_x64_vncinject_bind_tcp_rc4_eq_nop_pii_3.bin,bind,OK,
x64/windows_x64_vncinject_bind_tcp_rc4_eq_nop_pii_4.bin,bind,OK,
x64/windows_x64_vncinject_bind_tcp_rc4_eq_nop_pii_5.bin,bind,OK,
x64/windows_x64_vncinject_bind_tcp_rc4_eq_nop_pii_6.bin,bind,OK,
x64/windows_x64_vncinject_bind_tcp_rc4_eq_nop_pii_7.bin,bind,OK,
x64/windows_x64_vncinject_bind_tcp_rc4_eq_nop_pii_8.bin,bind,OK,
x64/windows_x64_vncinject_bind_tcp_rc4_eq_nop_pii_9.bin,bind,OK,
x64/windows_x64_vncinject_bind_tcp_rc4_ibp_1.bin,bind,OK,
x64/windows_x64_vncinject_bind_tcp_rc4_ibp_10.bin,bind,OK,
x64/windows_x64_vncinject_bind_tcp_rc4_ibp_2.bin,bind,OK,
x64/windows_x64_vncinject_bind_tcp_rc4_ibp_3.bin,bind,OK,
x64/windows_x64_vncinject_bind_tcp_rc4_ibp_4.bin,bind,OK,
x64/windows_x64_vncinject_bind_tcp_rc4_ibp_5.bin,bind,OK,
x64/windows_x64_vncinject_bind_tcp_rc4_ibp_6.bin,bind,OK,
x64/windows_x64_vncinject_bind_tcp_rc4_ibp_7.bin,bind,OK,
x64/windows_x64_vncinject_bind_tcp_rc4_ibp_8.bin,bind,OK,
x64/windows_x64_vncinject_bind_tcp_rc4_ibp_9.bin,bind,OK,
x64/windows_x64_vncinject_bind_tcp_rc4_nop_1.bin,bind,OK,
x64/windows_x64_vncinject_bind_tcp_rc4_nop_10.bin,bind,OK,
x64/windows_x64_vncinject_bind_tcp_rc4_nop_2.bin,bind,OK,
x64/windows_x64_vncinject_bind_tcp_rc4_nop_3.bin,bind,OK,
x64/windows_x64_vncinject_bind_tcp_rc4_nop_4.bin,bind,OK,
x64/windows_x64_vncinject_bind_tcp_rc4_nop_5.bin,bind,OK,
x64/windows_x64_vncinject_bind_tcp_rc4_nop_6.bin,bind,OK,
x64/windows_x64_vncinject_bind_tcp_rc4_nop_7.bin,bind,OK,
x64/windows_x64_vncinject_bind_tcp_rc4_nop_8.bin,bind,OK,
x64/windows_x64_vncinject_bind_tcp_rc4_nop_9.bin,bind,OK,
x64/windows_x64_vncinject_bind_tcp_rc4_pii_1.bin,bind,OK,
x64/windows_x64_vncinject_bind_tcp_rc4_pii_10.bin,bind,OK,
x64/windows_x64_vncinject_bind_tcp_rc4_pii_2.bin,bind,OK,
x64/windows_x64_vncinject_bind_tcp_rc4_pii_3.bin,bind,OK,
x64/windows_x64_vncinject_bind_tcp_rc4_pii_4.bin,bind,OK,
x64/windows_x64_vncinject_bind_tcp_rc4_pii_5.bin,bind,OK,
x64/windows_x64_vncinject_bind_tcp_rc4_pii_6.bin,bind,OK,
x64/windows_x64_vncinject_bind_tcp_rc4_pii_7.bin,bind,OK,
x64/windows_x64_vncinject_bind_tcp_rc4_pii_8.bin,bind,OK,
x64/windows_x64_vncinject_bind_tcp_rc4_pii_9.bin,bind,OK,
x64/windows_x64_vncinject_bind_tcp_uuid_bcf_1.bin,bind,OK,
x64/windows_x64_vncinject_bind_tcp_uuid_bcf_10.bin,bind,OK,
x64/windows_x64_vncinject_bind_tcp_uuid_bcf_2.bin,bind,OK,
x64/windows_x64_vncinject_bind_tcp_uuid_bcf_3.bin,bind,OK,
x64/windows_x64_vncinject_bind_tcp_uuid_bcf_4.bin,bind,OK,
x64/windows_x64_vncinject_bind_tcp_uuid_bcf_5.bin,bind,OK,
x64/windows_x64_vncinject_bind_tcp_uuid_bcf_6.bin,bind,OK,
x64/windows_x64_vncinject_bind_tcp_uuid_bcf_7.bin,bind,OK,
x64/windows_x64_vncinject_bind_tcp_uuid_bcf_8.bin,bind,OK,
x64/windows_x64_vncinject_bind_tcp_uuid_bcf_9.bin,bind,OK,
x64/windows_x64_vncinject_bind_tcp_uuid_eq_1.bin,bind,OK,
x64/windows_x64_vncinject_bind_tcp_uuid_eq_10.bin,bind,OK,
x64/windows_x64_vncinject_bind_tcp_uuid_eq_2.bin,bind,OK,
x64/windows_x64_vncinject_bind_tcp_uuid_eq_3.bin,bind,OK,
x64/windows_x64_vncinject_bind_tcp_uuid_eq_4.bin,bind,OK,
x64/windows_x64_vncinject_bind_tcp_uuid_eq_5.bin,bind,OK,
x64/windows_x64_vncinject_bind_tcp_uuid_eq_6.bin,bind,OK,
x64/windows_x64_vncinject_bind_tcp_uuid_eq_7.bin,bind,OK,
x64/windows_x64_vncinject_bind_tcp_uuid_eq_8.bin,bind,OK,
x64/windows_x64_vncinject_bind_tcp_uuid_eq_9.bin,bind,OK,
x64/windows_x64_vncinject_bind_tcp_uuid_eq_nop_bcf_1.bin,bind,FAIL,
x64/windows_x64_vncinject_bind_tcp_uuid_eq_nop_bcf_10.bin,bind,FAIL,
x64/windows_x64_vncinject_bind_tcp_uuid_eq_nop_bcf_2.bin,bind,FAIL,
x64/windows_x64_vncinject_bind_tcp_uuid_eq_nop_bcf_3.bin,bind,FAIL,
x64/windows_x64_vncinject_bind_tcp_uuid_eq_nop_bcf_4.bin,bind,FAIL,
x64/windows_x64_vncinject_bind_tcp_uuid_eq_nop_bcf_5.bin,bind,FAIL,
x64/windows_x64_vncinject_bind_tcp_uuid_eq_nop_bcf_6.bin,bind,FAIL,
x64/windows_x64_vncinject_bind_tcp_uuid_eq_nop_bcf_7.bin,bind,FAIL,
x64/windows_x64_vncinject_bind_tcp_uuid_eq_nop_bcf_8.bin,bind,FAIL,
x64/windows_x64_vncinject_bind_tcp_uuid_eq_nop_bcf_9.bin,bind,FAIL,
x64/windows_x64_vncinject_bind_tcp_uuid_eq_nop_ibp_1.bin,bind,OK,
x64/windows_x64_vncinject_bind_tcp_uuid_eq_nop_ibp_10.bin,bind,OK,
x64/windows_x64_vncinject_bind_tcp_uuid_eq_nop_ibp_2.bin,bind,OK,
x64/windows_x64_vncinject_bind_tcp_uuid_eq_nop_ibp_3.bin,bind,OK,
x64/windows_x64_vncinject_bind_tcp_uuid_eq_nop_ibp_4.bin,bind,OK,
x64/windows_x64_vncinject_bind_tcp_uuid_eq_nop_ibp_5.bin,bind,OK,
x64/windows_x64_vncinject_bind_tcp_uuid_eq_nop_ibp_6.bin,bind,OK,
x64/windows_x64_vncinject_bind_tcp_uuid_eq_nop_ibp_7.bin,bind,OK,
x64/windows_x64_vncinject_bind_tcp_uuid_eq_nop_ibp_8.bin,bind,OK,
x64/windows_x64_vncinject_bind_tcp_uuid_eq_nop_ibp_9.bin,bind,OK,
x64/windows_x64_vncinject_bind_tcp_uuid_eq_nop_pii_1.bin,bind,OK,
x64/windows_x64_vncinject_bind_tcp_uuid_eq_nop_pii_10.bin,bind,OK,
x64/windows_x64_vncinject_bind_tcp_uuid_eq_nop_pii_2.bin,bind,OK,
x64/windows_x64_vncinject_bind_tcp_uuid_eq_nop_pii_3.bin,bind,OK,
x64/windows_x64_vncinject_bind_tcp_uuid_eq_nop_pii_4.bin,bind,OK,
x64/windows_x64_vncinject_bind_tcp_uuid_eq_nop_pii_5.bin,bind,OK,
x64/windows_x64_vncinject_bind_tcp_uuid_eq_nop_pii_6.bin,bind,OK,
x64/windows_x64_vncinject_bind_tcp_uuid_eq_nop_pii_7.bin,bind,OK,
x64/windows_x64_vncinject_bind_tcp_uuid_eq_nop_pii_8.bin,bind,OK,
x64/windows_x64_vncinject_bind_tcp_uuid_eq_nop_pii_9.bin,bind,OK,
x64/windows_x64_vncinject_bind_tcp_uuid_ibp_1.bin,bind,OK,
x64/windows_x64_vncinject_bind_tcp_uuid_ibp_10.bin,bind,OK,
x64/windows_x64_vncinject_bind_tcp_uuid_ibp_2.bin,bind,OK,
x64/windows_x64_vncinject_bind_tcp_uuid_ibp_3.bin,bind,OK,
x64/windows_x64_vncinject_bind_tcp_uuid_ibp_4.bin,bind,OK,
x64/windows_x64_vncinject_bind_tcp_uuid_ibp_5.bin,bind,OK,
x64/windows_x64_vncinject_bind_tcp_uuid_ibp_6.bin,bind,OK,
x64/windows_x64_vncinject_bind_tcp_uuid_ibp_7.bin,bind,OK,
x64/windows_x64_vncinject_bind_tcp_uuid_ibp_8.bin,bind,OK,
x64/windows_x64_vncinject_bind_tcp_uuid_ibp_9.bin,bind,OK,
x64/windows_x64_vncinject_bind_tcp_uuid_nop_1.bin,bind,OK,
x64/windows_x64_vncinject_bind_tcp_uuid_nop_10.bin,bind,OK,
x64/windows_x64_vncinject_bind_tcp_uuid_nop_2.bin,bind,OK,
x64/windows_x64_vncinject_bind_tcp_uuid_nop_3.bin,bind,OK,
x64/windows_x64_vncinject_bind_tcp_uuid_nop_4.bin,bind,OK,
x64/windows_x64_vncinject_bind_tcp_uuid_nop_5.bin,bind,OK,
x64/windows_x64_vncinject_bind_tcp_uuid_nop_6.bin,bind,OK,
x64/windows_x64_vncinject_bind_tcp_uuid_nop_7.bin,bind,OK,
x64/windows_x64_vncinject_bind_tcp_uuid_nop_8.bin,bind,FAIL,
x64/windows_x64_vncinject_bind_tcp_uuid_nop_9.bin,bind,OK,
x64/windows_x64_vncinject_bind_tcp_uuid_pii_1.bin,bind,OK,
x64/windows_x64_vncinject_bind_tcp_uuid_pii_10.bin,bind,OK,
x64/windows_x64_vncinject_bind_tcp_uuid_pii_2.bin,bind,OK,
x64/windows_x64_vncinject_bind_tcp_uuid_pii_3.bin,bind,OK,
x64/windows_x64_vncinject_bind_tcp_uuid_pii_4.bin,bind,OK,
x64/windows_x64_vncinject_bind_tcp_uuid_pii_5.bin,bind,OK,
x64/windows_x64_vncinject_bind_tcp_uuid_pii_6.bin,bind,OK,
x64/windows_x64_vncinject_bind_tcp_uuid_pii_7.bin,bind,OK,
x64/windows_x64_vncinject_bind_tcp_uuid_pii_8.bin,bind,OK,
x64/windows_x64_vncinject_bind_tcp_uuid_pii_9.bin,bind,OK,
x64/windows_x64_vncinject_reverse_http_bcf_1.bin,reverse,FAIL,
x64/windows_x64_vncinject_reverse_http_bcf_10.bin,reverse,FAIL,
x64/windows_x64_vncinject_reverse_http_bcf_2.bin,reverse,FAIL,
x64/windows_x64_vncinject_reverse_http_bcf_3.bin,reverse,FAIL,
x64/windows_x64_vncinject_reverse_http_bcf_4.bin,reverse,FAIL,
x64/windows_x64_vncinject_reverse_http_bcf_5.bin,reverse,FAIL,
x64/windows_x64_vncinject_reverse_http_bcf_6.bin,reverse,FAIL,
x64/windows_x64_vncinject_reverse_http_bcf_7.bin,reverse,FAIL,
x64/windows_x64_vncinject_reverse_http_bcf_8.bin,reverse,FAIL,
x64/windows_x64_vncinject_reverse_http_bcf_9.bin,reverse,FAIL,
x64/windows_x64_vncinject_reverse_http_eq_1.bin,reverse,FAIL,
x64/windows_x64_vncinject_reverse_http_eq_10.bin,reverse,FAIL,
x64/windows_x64_vncinject_reverse_http_eq_2.bin,reverse,FAIL,
x64/windows_x64_vncinject_reverse_http_eq_3.bin,reverse,FAIL,
x64/windows_x64_vncinject_reverse_http_eq_4.bin,reverse,FAIL,
x64/windows_x64_vncinject_reverse_http_eq_5.bin,reverse,FAIL,
x64/windows_x64_vncinject_reverse_http_eq_6.bin,reverse,FAIL,
x64/windows_x64_vncinject_reverse_http_eq_7.bin,reverse,FAIL,
x64/windows_x64_vncinject_reverse_http_eq_8.bin,reverse,FAIL,
x64/windows_x64_vncinject_reverse_http_eq_9.bin,reverse,FAIL,
x64/windows_x64_vncinject_reverse_http_eq_nop_bcf_1.bin,reverse,FAIL,
x64/windows_x64_vncinject_reverse_http_eq_nop_bcf_10.bin,reverse,FAIL,
x64/windows_x64_vncinject_reverse_http_eq_nop_bcf_2.bin,reverse,FAIL,
x64/windows_x64_vncinject_reverse_http_eq_nop_bcf_3.bin,reverse,FAIL,
x64/windows_x64_vncinject_reverse_http_eq_nop_bcf_4.bin,reverse,FAIL,
x64/windows_x64_vncinject_reverse_http_eq_nop_bcf_5.bin,reverse,FAIL,
x64/windows_x64_vncinject_reverse_http_eq_nop_bcf_6.bin,reverse,FAIL,
x64/windows_x64_vncinject_reverse_http_eq_nop_bcf_7.bin,reverse,FAIL,
x64/windows_x64_vncinject_reverse_http_eq_nop_bcf_8.bin,reverse,FAIL,
x64/windows_x64_vncinject_reverse_http_eq_nop_bcf_9.bin,reverse,FAIL,
x64/windows_x64_vncinject_reverse_http_eq_nop_ibp_1.bin,reverse,FAIL,
x64/windows_x64_vncinject_reverse_http_eq_nop_ibp_10.bin,reverse,FAIL,
x64/windows_x64_vncinject_reverse_http_eq_nop_ibp_2.bin,reverse,FAIL,
x64/windows_x64_vncinject_reverse_http_eq_nop_ibp_3.bin,reverse,FAIL,
x64/windows_x64_vncinject_reverse_http_eq_nop_ibp_4.bin,reverse,FAIL,
x64/windows_x64_vncinject_reverse_http_eq_nop_ibp_5.bin,reverse,FAIL,
x64/windows_x64_vncinject_reverse_http_eq_nop_ibp_6.bin,reverse,FAIL,
x64/windows_x64_vncinject_reverse_http_eq_nop_ibp_7.bin,reverse,FAIL,
x64/windows_x64_vncinject_reverse_http_eq_nop_ibp_8.bin,reverse,FAIL,
x64/windows_x64_vncinject_reverse_http_eq_nop_ibp_9.bin,reverse,FAIL,
x64/windows_x64_vncinject_reverse_http_eq_nop_pii_1.bin,reverse,FAIL,
x64/windows_x64_vncinject_reverse_http_eq_nop_pii_10.bin,reverse,FAIL,
x64/windows_x64_vncinject_reverse_http_eq_nop_pii_2.bin,reverse,FAIL,
x64/windows_x64_vncinject_reverse_http_eq_nop_pii_3.bin,reverse,FAIL,
x64/windows_x64_vncinject_reverse_http_eq_nop_pii_4.bin,reverse,FAIL,
x64/windows_x64_vncinject_reverse_http_eq_nop_pii_5.bin,reverse,FAIL,
x64/windows_x64_vncinject_reverse_http_eq_nop_pii_6.bin,reverse,FAIL,
x64/windows_x64_vncinject_reverse_http_eq_nop_pii_7.bin,reverse,FAIL,
x64/windows_x64_vncinject_reverse_http_eq_nop_pii_8.bin,reverse,FAIL,
x64/windows_x64_vncinject_reverse_http_eq_nop_pii_9.bin,reverse,FAIL,
x64/windows_x64_vncinject_reverse_http_ibp_1.bin,reverse,FAIL,
x64/windows_x64_vncinject_reverse_http_ibp_10.bin,reverse,FAIL,
x64/windows_x64_vncinject_reverse_http_ibp_2.bin,reverse,FAIL,
x64/windows_x64_vncinject_reverse_http_ibp_3.bin,reverse,FAIL,
x64/windows_x64_vncinject_reverse_http_ibp_4.bin,reverse,FAIL,
x64/windows_x64_vncinject_reverse_http_ibp_5.bin,reverse,FAIL,
x64/windows_x64_vncinject_reverse_http_ibp_6.bin,reverse,FAIL,
x64/windows_x64_vncinject_reverse_http_ibp_7.bin,reverse,FAIL,
x64/windows_x64_vncinject_reverse_http_ibp_8.bin,reverse,FAIL,
x64/windows_x64_vncinject_reverse_http_ibp_9.bin,reverse,FAIL,
x64/windows_x64_vncinject_reverse_http_nop_1.bin,reverse,FAIL,
x64/windows_x64_vncinject_reverse_http_nop_10.bin,reverse,FAIL,
x64/windows_x64_vncinject_reverse_http_nop_2.bin,reverse,FAIL,
x64/windows_x64_vncinject_reverse_http_nop_3.bin,reverse,FAIL,
x64/windows_x64_vncinject_reverse_http_nop_4.bin,reverse,FAIL,
x64/windows_x64_vncinject_reverse_http_nop_5.bin,reverse,FAIL,
x64/windows_x64_vncinject_reverse_http_nop_6.bin,reverse,FAIL,
x64/windows_x64_vncinject_reverse_http_nop_7.bin,reverse,FAIL,
x64/windows_x64_vncinject_reverse_http_nop_8.bin,reverse,FAIL,
x64/windows_x64_vncinject_reverse_http_nop_9.bin,reverse,FAIL,
x64/windows_x64_vncinject_reverse_http_pii_1.bin,reverse,FAIL,
x64/windows_x64_vncinject_reverse_http_pii_10.bin,reverse,FAIL,
x64/windows_x64_vncinject_reverse_http_pii_2.bin,reverse,FAIL,
x64/windows_x64_vncinject_reverse_http_pii_3.bin,reverse,FAIL,
x64/windows_x64_vncinject_reverse_http_pii_4.bin,reverse,FAIL,
x64/windows_x64_vncinject_reverse_http_pii_5.bin,reverse,FAIL,
x64/windows_x64_vncinject_reverse_http_pii_6.bin,reverse,FAIL,
x64/windows_x64_vncinject_reverse_http_pii_7.bin,reverse,FAIL,
x64/windows_x64_vncinject_reverse_http_pii_8.bin,reverse,FAIL,
x64/windows_x64_vncinject_reverse_http_pii_9.bin,reverse,FAIL,
x64/windows_x64_vncinject_reverse_https_bcf_1.bin,reverse,FAIL,
x64/windows_x64_vncinject_reverse_https_bcf_10.bin,reverse,FAIL,
x64/windows_x64_vncinject_reverse_https_bcf_2.bin,reverse,FAIL,
x64/windows_x64_vncinject_reverse_https_bcf_3.bin,reverse,FAIL,
x64/windows_x64_vncinject_reverse_https_bcf_4.bin,reverse,FAIL,
x64/windows_x64_vncinject_reverse_https_bcf_5.bin,reverse,FAIL,
x64/windows_x64_vncinject_reverse_https_bcf_6.bin,reverse,FAIL,
x64/windows_x64_vncinject_reverse_https_bcf_7.bin,reverse,FAIL,
x64/windows_x64_vncinject_reverse_https_bcf_8.bin,reverse,FAIL,
x64/windows_x64_vncinject_reverse_https_bcf_9.bin,reverse,FAIL,
x64/windows_x64_vncinject_reverse_https_eq_1.bin,reverse,FAIL,
x64/windows_x64_vncinject_reverse_https_eq_10.bin,reverse,FAIL,
x64/windows_x64_vncinject_reverse_https_eq_2.bin,reverse,FAIL,
x64/windows_x64_vncinject_reverse_https_eq_3.bin,reverse,FAIL,
x64/windows_x64_vncinject_reverse_https_eq_4.bin,reverse,FAIL,
x64/windows_x64_vncinject_reverse_https_eq_5.bin,reverse,FAIL,
x64/windows_x64_vncinject_reverse_https_eq_6.bin,reverse,FAIL,
x64/windows_x64_vncinject_reverse_https_eq_7.bin,reverse,FAIL,
x64/windows_x64_vncinject_reverse_https_eq_8.bin,reverse,FAIL,
x64/windows_x64_vncinject_reverse_https_eq_9.bin,reverse,FAIL,
x64/windows_x64_vncinject_reverse_https_eq_nop_bcf_1.bin,reverse,FAIL,
x64/windows_x64_vncinject_reverse_https_eq_nop_bcf_10.bin,reverse,FAIL,
x64/windows_x64_vncinject_reverse_https_eq_nop_bcf_2.bin,reverse,FAIL,
x64/windows_x64_vncinject_reverse_https_eq_nop_bcf_3.bin,reverse,FAIL,
x64/windows_x64_vncinject_reverse_https_eq_nop_bcf_4.bin,reverse,FAIL,
x64/windows_x64_vncinject_reverse_https_eq_nop_bcf_5.bin,reverse,FAIL,
x64/windows_x64_vncinject_reverse_https_eq_nop_bcf_6.bin,reverse,FAIL,
x64/windows_x64_vncinject_reverse_https_eq_nop_bcf_7.bin,reverse,FAIL,
x64/windows_x64_vncinject_reverse_https_eq_nop_bcf_8.bin,reverse,FAIL,
x64/windows_x64_vncinject_reverse_https_eq_nop_bcf_9.bin,reverse,FAIL,
x64/windows_x64_vncinject_reverse_https_eq_nop_ibp_1.bin,reverse,FAIL,
x64/windows_x64_vncinject_reverse_https_eq_nop_ibp_10.bin,reverse,FAIL,
x64/windows_x64_vncinject_reverse_https_eq_nop_ibp_2.bin,reverse,FAIL,
x64/windows_x64_vncinject_reverse_https_eq_nop_ibp_3.bin,reverse,FAIL,
x64/windows_x64_vncinject_reverse_https_eq_nop_ibp_4.bin,reverse,FAIL,
x64/windows_x64_vncinject_reverse_https_eq_nop_ibp_5.bin,reverse,FAIL,
x64/windows_x64_vncinject_reverse_https_eq_nop_ibp_6.bin,reverse,FAIL,
x64/windows_x64_vncinject_reverse_https_eq_nop_ibp_7.bin,reverse,FAIL,
x64/windows_x64_vncinject_reverse_https_eq_nop_ibp_8.bin,reverse,FAIL,
x64/windows_x64_vncinject_reverse_https_eq_nop_ibp_9.bin,reverse,FAIL,
x64/windows_x64_vncinject_reverse_https_eq_nop_pii_1.bin,reverse,FAIL,
x64/windows_x64_vncinject_reverse_https_eq_nop_pii_10.bin,reverse,OK,
x64/windows_x64_vncinject_reverse_https_eq_nop_pii_2.bin,reverse,FAIL,
x64/windows_x64_vncinject_reverse_https_eq_nop_pii_3.bin,reverse,FAIL,
x64/windows_x64_vncinject_reverse_https_eq_nop_pii_4.bin,reverse,FAIL,
x64/windows_x64_vncinject_reverse_https_eq_nop_pii_5.bin,reverse,FAIL,
x64/windows_x64_vncinject_reverse_https_eq_nop_pii_6.bin,reverse,FAIL,
x64/windows_x64_vncinject_reverse_https_eq_nop_pii_7.bin,reverse,FAIL,
x64/windows_x64_vncinject_reverse_https_eq_nop_pii_8.bin,reverse,FAIL,
x64/windows_x64_vncinject_reverse_https_eq_nop_pii_9.bin,reverse,FAIL,
x64/windows_x64_vncinject_reverse_https_ibp_1.bin,reverse,FAIL,
x64/windows_x64_vncinject_reverse_https_ibp_10.bin,reverse,FAIL,
x64/windows_x64_vncinject_reverse_https_ibp_2.bin,reverse,FAIL,
x64/windows_x64_vncinject_reverse_https_ibp_3.bin,reverse,FAIL,
x64/windows_x64_vncinject_reverse_https_ibp_4.bin,reverse,FAIL,
x64/windows_x64_vncinject_reverse_https_ibp_5.bin,reverse,FAIL,
x64/windows_x64_vncinject_reverse_https_ibp_6.bin,reverse,FAIL,
x64/windows_x64_vncinject_reverse_https_ibp_7.bin,reverse,FAIL,
x64/windows_x64_vncinject_reverse_https_ibp_8.bin,reverse,FAIL,
x64/windows_x64_vncinject_reverse_https_ibp_9.bin,reverse,FAIL,
x64/windows_x64_vncinject_reverse_https_nop_1.bin,reverse,FAIL,
x64/windows_x64_vncinject_reverse_https_nop_10.bin,reverse,FAIL,
x64/windows_x64_vncinject_reverse_https_nop_2.bin,reverse,FAIL,
x64/windows_x64_vncinject_reverse_https_nop_3.bin,reverse,FAIL,
x64/windows_x64_vncinject_reverse_https_nop_4.bin,reverse,FAIL,
x64/windows_x64_vncinject_reverse_https_nop_5.bin,reverse,FAIL,
x64/windows_x64_vncinject_reverse_https_nop_6.bin,reverse,FAIL,
x64/windows_x64_vncinject_reverse_https_nop_7.bin,reverse,FAIL,
x64/windows_x64_vncinject_reverse_https_nop_8.bin,reverse,FAIL,
x64/windows_x64_vncinject_reverse_https_nop_9.bin,reverse,FAIL,
x64/windows_x64_vncinject_reverse_https_pii_1.bin,reverse,FAIL,
x64/windows_x64_vncinject_reverse_https_pii_10.bin,reverse,FAIL,
x64/windows_x64_vncinject_reverse_https_pii_2.bin,reverse,FAIL,
x64/windows_x64_vncinject_reverse_https_pii_3.bin,reverse,FAIL,
x64/windows_x64_vncinject_reverse_https_pii_4.bin,reverse,FAIL,
x64/windows_x64_vncinject_reverse_https_pii_5.bin,reverse,FAIL,
x64/windows_x64_vncinject_reverse_https_pii_6.bin,reverse,FAIL,
x64/windows_x64_vncinject_reverse_https_pii_7.bin,reverse,FAIL,
x64/windows_x64_vncinject_reverse_https_pii_8.bin,reverse,FAIL,
x64/windows_x64_vncinject_reverse_https_pii_9.bin,reverse,FAIL,
x64/windows_x64_vncinject_reverse_tcp_bcf_1.bin,reverse,OK,
x64/windows_x64_vncinject_reverse_tcp_bcf_10.bin,reverse,OK,
x64/windows_x64_vncinject_reverse_tcp_bcf_2.bin,reverse,OK,
x64/windows_x64_vncinject_reverse_tcp_bcf_3.bin,reverse,OK,
x64/windows_x64_vncinject_reverse_tcp_bcf_4.bin,reverse,OK,
x64/windows_x64_vncinject_reverse_tcp_bcf_5.bin,reverse,OK,
x64/windows_x64_vncinject_reverse_tcp_bcf_6.bin,reverse,OK,
x64/windows_x64_vncinject_reverse_tcp_bcf_7.bin,reverse,OK,
x64/windows_x64_vncinject_reverse_tcp_bcf_8.bin,reverse,OK,
x64/windows_x64_vncinject_reverse_tcp_bcf_9.bin,reverse,OK,
x64/windows_x64_vncinject_reverse_tcp_eq_1.bin,reverse,OK,
x64/windows_x64_vncinject_reverse_tcp_eq_10.bin,reverse,OK,
x64/windows_x64_vncinject_reverse_tcp_eq_2.bin,reverse,FAIL,
x64/windows_x64_vncinject_reverse_tcp_eq_3.bin,reverse,OK,
x64/windows_x64_vncinject_reverse_tcp_eq_4.bin,reverse,OK,
x64/windows_x64_vncinject_reverse_tcp_eq_5.bin,reverse,OK,
x64/windows_x64_vncinject_reverse_tcp_eq_6.bin,reverse,OK,
x64/windows_x64_vncinject_reverse_tcp_eq_7.bin,reverse,OK,
x64/windows_x64_vncinject_reverse_tcp_eq_8.bin,reverse,OK,
x64/windows_x64_vncinject_reverse_tcp_eq_9.bin,reverse,OK,
x64/windows_x64_vncinject_reverse_tcp_eq_nop_bcf_1.bin,reverse,FAIL,
x64/windows_x64_vncinject_reverse_tcp_eq_nop_bcf_10.bin,reverse,FAIL,
x64/windows_x64_vncinject_reverse_tcp_eq_nop_bcf_2.bin,reverse,FAIL,
x64/windows_x64_vncinject_reverse_tcp_eq_nop_bcf_3.bin,reverse,FAIL,
x64/windows_x64_vncinject_reverse_tcp_eq_nop_bcf_4.bin,reverse,FAIL,
x64/windows_x64_vncinject_reverse_tcp_eq_nop_bcf_5.bin,reverse,FAIL,
x64/windows_x64_vncinject_reverse_tcp_eq_nop_bcf_6.bin,reverse,FAIL,
x64/windows_x64_vncinject_reverse_tcp_eq_nop_bcf_7.bin,reverse,FAIL,
x64/windows_x64_vncinject_reverse_tcp_eq_nop_bcf_8.bin,reverse,FAIL,
x64/windows_x64_vncinject_reverse_tcp_eq_nop_bcf_9.bin,reverse,FAIL,
x64/windows_x64_vncinject_reverse_tcp_eq_nop_ibp_1.bin,reverse,OK,
x64/windows_x64_vncinject_reverse_tcp_eq_nop_ibp_10.bin,reverse,OK,
x64/windows_x64_vncinject_reverse_tcp_eq_nop_ibp_2.bin,reverse,OK,
x64/windows_x64_vncinject_reverse_tcp_eq_nop_ibp_3.bin,reverse,OK,
x64/windows_x64_vncinject_reverse_tcp_eq_nop_ibp_4.bin,reverse,OK,
x64/windows_x64_vncinject_reverse_tcp_eq_nop_ibp_5.bin,reverse,OK,
x64/windows_x64_vncinject_reverse_tcp_eq_nop_ibp_6.bin,reverse,OK,
x64/windows_x64_vncinject_reverse_tcp_eq_nop_ibp_7.bin,reverse,OK,
x64/windows_x64_vncinject_reverse_tcp_eq_nop_ibp_8.bin,reverse,OK,
x64/windows_x64_vncinject_reverse_tcp_eq_nop_ibp_9.bin,reverse,OK,
x64/windows_x64_vncinject_reverse_tcp_eq_nop_pii_1.bin,reverse,FAIL,
x64/windows_x64_vncinject_reverse_tcp_eq_nop_pii_10.bin,reverse,OK,
x64/windows_x64_vncinject_reverse_tcp_eq_nop_pii_2.bin,reverse,OK,
x64/windows_x64_vncinject_reverse_tcp_eq_nop_pii_3.bin,reverse,OK,
x64/windows_x64_vncinject_reverse_tcp_eq_nop_pii_4.bin,reverse,OK,
x64/windows_x64_vncinject_reverse_tcp_eq_nop_pii_5.bin,reverse,OK,
x64/windows_x64_vncinject_reverse_tcp_eq_nop_pii_6.bin,reverse,OK,
x64/windows_x64_vncinject_reverse_tcp_eq_nop_pii_7.bin,reverse,OK,
x64/windows_x64_vncinject_reverse_tcp_eq_nop_pii_8.bin,reverse,OK,
x64/windows_x64_vncinject_reverse_tcp_eq_nop_pii_9.bin,reverse,OK,
x64/windows_x64_vncinject_reverse_tcp_ibp_1.bin,reverse,OK,
x64/windows_x64_vncinject_reverse_tcp_ibp_10.bin,reverse,OK,
x64/windows_x64_vncinject_reverse_tcp_ibp_2.bin,reverse,OK,
x64/windows_x64_vncinject_reverse_tcp_ibp_3.bin,reverse,OK,
x64/windows_x64_vncinject_reverse_tcp_ibp_4.bin,reverse,OK,
x64/windows_x64_vncinject_reverse_tcp_ibp_5.bin,reverse,OK,
x64/windows_x64_vncinject_reverse_tcp_ibp_6.bin,reverse,OK,
x64/windows_x64_vncinject_reverse_tcp_ibp_7.bin,reverse,OK,
x64/windows_x64_vncinject_reverse_tcp_ibp_8.bin,reverse,OK,
x64/windows_x64_vncinject_reverse_tcp_ibp_9.bin,reverse,OK,
x64/windows_x64_vncinject_reverse_tcp_nop_1.bin,reverse,OK,
x64/windows_x64_vncinject_reverse_tcp_nop_10.bin,reverse,OK,
x64/windows_x64_vncinject_reverse_tcp_nop_2.bin,reverse,OK,
x64/windows_x64_vncinject_reverse_tcp_nop_3.bin,reverse,OK,
x64/windows_x64_vncinject_reverse_tcp_nop_4.bin,reverse,OK,
x64/windows_x64_vncinject_reverse_tcp_nop_5.bin,reverse,OK,
x64/windows_x64_vncinject_reverse_tcp_nop_6.bin,reverse,OK,
x64/windows_x64_vncinject_reverse_tcp_nop_7.bin,reverse,OK,
x64/windows_x64_vncinject_reverse_tcp_nop_8.bin,reverse,OK,
x64/windows_x64_vncinject_reverse_tcp_nop_9.bin,reverse,OK,
x64/windows_x64_vncinject_reverse_tcp_pii_1.bin,reverse,OK,
x64/windows_x64_vncinject_reverse_tcp_pii_10.bin,reverse,OK,
x64/windows_x64_vncinject_reverse_tcp_pii_2.bin,reverse,OK,
x64/windows_x64_vncinject_reverse_tcp_pii_3.bin,reverse,OK,
x64/windows_x64_vncinject_reverse_tcp_pii_4.bin,reverse,OK,
x64/windows_x64_vncinject_reverse_tcp_pii_5.bin,reverse,OK,
x64/windows_x64_vncinject_reverse_tcp_pii_6.bin,reverse,OK,
x64/windows_x64_vncinject_reverse_tcp_pii_7.bin,reverse,OK,
x64/windows_x64_vncinject_reverse_tcp_pii_8.bin,reverse,OK,
x64/windows_x64_vncinject_reverse_tcp_pii_9.bin,reverse,OK,
x64/windows_x64_vncinject_reverse_tcp_rc4_bcf_1.bin,reverse,OK,
x64/windows_x64_vncinject_reverse_tcp_rc4_bcf_10.bin,reverse,OK,
x64/windows_x64_vncinject_reverse_tcp_rc4_bcf_2.bin,reverse,OK,
x64/windows_x64_vncinject_reverse_tcp_rc4_bcf_3.bin,reverse,OK,
x64/windows_x64_vncinject_reverse_tcp_rc4_bcf_4.bin,reverse,OK,
x64/windows_x64_vncinject_reverse_tcp_rc4_bcf_5.bin,reverse,OK,
x64/windows_x64_vncinject_reverse_tcp_rc4_bcf_6.bin,reverse,OK,
x64/windows_x64_vncinject_reverse_tcp_rc4_bcf_7.bin,reverse,OK,
x64/windows_x64_vncinject_reverse_tcp_rc4_bcf_8.bin,reverse,OK,
x64/windows_x64_vncinject_reverse_tcp_rc4_bcf_9.bin,reverse,OK,
x64/windows_x64_vncinject_reverse_tcp_rc4_eq_1.bin,reverse,OK,
x64/windows_x64_vncinject_reverse_tcp_rc4_eq_10.bin,reverse,OK,
x64/windows_x64_vncinject_reverse_tcp_rc4_eq_2.bin,reverse,OK,
x64/windows_x64_vncinject_reverse_tcp_rc4_eq_3.bin,reverse,OK,
x64/windows_x64_vncinject_reverse_tcp_rc4_eq_4.bin,reverse,OK,
x64/windows_x64_vncinject_reverse_tcp_rc4_eq_5.bin,reverse,OK,
x64/windows_x64_vncinject_reverse_tcp_rc4_eq_6.bin,reverse,OK,
x64/windows_x64_vncinject_reverse_tcp_rc4_eq_7.bin,reverse,OK,
x64/windows_x64_vncinject_reverse_tcp_rc4_eq_8.bin,reverse,OK,
x64/windows_x64_vncinject_reverse_tcp_rc4_eq_9.bin,reverse,OK,
x64/windows_x64_vncinject_reverse_tcp_rc4_eq_nop_bcf_1.bin,reverse,FAIL,
x64/windows_x64_vncinject_reverse_tcp_rc4_eq_nop_bcf_10.bin,reverse,FAIL,
x64/windows_x64_vncinject_reverse_tcp_rc4_eq_nop_bcf_2.bin,reverse,FAIL,
x64/windows_x64_vncinject_reverse_tcp_rc4_eq_nop_bcf_3.bin,reverse,FAIL,
x64/windows_x64_vncinject_reverse_tcp_rc4_eq_nop_bcf_4.bin,reverse,FAIL,
x64/windows_x64_vncinject_reverse_tcp_rc4_eq_nop_bcf_5.bin,reverse,FAIL,
x64/windows_x64_vncinject_reverse_tcp_rc4_eq_nop_bcf_6.bin,reverse,FAIL,
x64/windows_x64_vncinject_reverse_tcp_rc4_eq_nop_bcf_7.bin,reverse,OK,
x64/windows_x64_vncinject_reverse_tcp_rc4_eq_nop_bcf_8.bin,reverse,FAIL,
x64/windows_x64_vncinject_reverse_tcp_rc4_eq_nop_bcf_9.bin,reverse,FAIL,
x64/windows_x64_vncinject_reverse_tcp_rc4_eq_nop_ibp_1.bin,reverse,OK,
x64/windows_x64_vncinject_reverse_tcp_rc4_eq_nop_ibp_10.bin,reverse,OK,
x64/windows_x64_vncinject_reverse_tcp_rc4_eq_nop_ibp_2.bin,reverse,OK,
x64/windows_x64_vncinject_reverse_tcp_rc4_eq_nop_ibp_3.bin,reverse,OK,
x64/windows_x64_vncinject_reverse_tcp_rc4_eq_nop_ibp_4.bin,reverse,OK,
x64/windows_x64_vncinject_reverse_tcp_rc4_eq_nop_ibp_5.bin,reverse,OK,
x64/windows_x64_vncinject_reverse_tcp_rc4_eq_nop_ibp_6.bin,reverse,OK,
x64/windows_x64_vncinject_reverse_tcp_rc4_eq_nop_ibp_7.bin,reverse,OK,
x64/windows_x64_vncinject_reverse_tcp_rc4_eq_nop_ibp_8.bin,reverse,OK,
x64/windows_x64_vncinject_reverse_tcp_rc4_eq_nop_ibp_9.bin,reverse,OK,
x64/windows_x64_vncinject_reverse_tcp_rc4_eq_nop_pii_1.bin,reverse,OK,
x64/windows_x64_vncinject_reverse_tcp_rc4_eq_nop_pii_10.bin,reverse,OK,
x64/windows_x64_vncinject_reverse_tcp_rc4_eq_nop_pii_2.bin,reverse,OK,
x64/windows_x64_vncinject_reverse_tcp_rc4_eq_nop_pii_3.bin,reverse,OK,
x64/windows_x64_vncinject_reverse_tcp_rc4_eq_nop_pii_4.bin,reverse,OK,
x64/windows_x64_vncinject_reverse_tcp_rc4_eq_nop_pii_5.bin,reverse,OK,
x64/windows_x64_vncinject_reverse_tcp_rc4_eq_nop_pii_6.bin,reverse,OK,
x64/windows_x64_vncinject_reverse_tcp_rc4_eq_nop_pii_7.bin,reverse,OK,
x64/windows_x64_vncinject_reverse_tcp_rc4_eq_nop_pii_8.bin,reverse,OK,
x64/windows_x64_vncinject_reverse_tcp_rc4_eq_nop_pii_9.bin,reverse,OK,
x64/windows_x64_vncinject_reverse_tcp_rc4_ibp_1.bin,reverse,OK,
x64/windows_x64_vncinject_reverse_tcp_rc4_ibp_10.bin,reverse,OK,
x64/windows_x64_vncinject_reverse_tcp_rc4_ibp_2.bin,reverse,OK,
x64/windows_x64_vncinject_reverse_tcp_rc4_ibp_3.bin,reverse,OK,
x64/windows_x64_vncinject_reverse_tcp_rc4_ibp_4.bin,reverse,OK,
x64/windows_x64_vncinject_reverse_tcp_rc4_ibp_5.bin,reverse,OK,
x64/windows_x64_vncinject_reverse_tcp_rc4_ibp_6.bin,reverse,OK,
x64/windows_x64_vncinject_reverse_tcp_rc4_ibp_7.bin,reverse,OK,
x64/windows_x64_vncinject_reverse_tcp_rc4_ibp_8.bin,reverse,OK,
x64/windows_x64_vncinject_reverse_tcp_rc4_ibp_9.bin,reverse,OK,
x64/windows_x64_vncinject_reverse_tcp_rc4_nop_1.bin,reverse,OK,
x64/windows_x64_vncinject_reverse_tcp_rc4_nop_10.bin,reverse,OK,
x64/windows_x64_vncinject_reverse_tcp_rc4_nop_2.bin,reverse,OK,
x64/windows_x64_vncinject_reverse_tcp_rc4_nop_3.bin,reverse,OK,
x64/windows_x64_vncinject_reverse_tcp_rc4_nop_4.bin,reverse,OK,
x64/windows_x64_vncinject_reverse_tcp_rc4_nop_5.bin,reverse,OK,
x64/windows_x64_vncinject_reverse_tcp_rc4_nop_6.bin,reverse,OK,
x64/windows_x64_vncinject_reverse_tcp_rc4_nop_7.bin,reverse,OK,
x64/windows_x64_vncinject_reverse_tcp_rc4_nop_8.bin,reverse,OK,
x64/windows_x64_vncinject_reverse_tcp_rc4_nop_9.bin,reverse,OK,
x64/windows_x64_vncinject_reverse_tcp_rc4_pii_1.bin,reverse,OK,
x64/windows_x64_vncinject_reverse_tcp_rc4_pii_10.bin,reverse,OK,
x64/windows_x64_vncinject_reverse_tcp_rc4_pii_2.bin,reverse,OK,
x64/windows_x64_vncinject_reverse_tcp_rc4_pii_3.bin,reverse,OK,
x64/windows_x64_vncinject_reverse_tcp_rc4_pii_4.bin,reverse,OK,
x64/windows_x64_vncinject_reverse_tcp_rc4_pii_5.bin,reverse,OK,
x64/windows_x64_vncinject_reverse_tcp_rc4_pii_6.bin,reverse,OK,
x64/windows_x64_vncinject_reverse_tcp_rc4_pii_7.bin,reverse,OK,
x64/windows_x64_vncinject_reverse_tcp_rc4_pii_8.bin,reverse,OK,
x64/windows_x64_vncinject_reverse_tcp_rc4_pii_9.bin,reverse,FAIL,
x64/windows_x64_vncinject_reverse_tcp_uuid_bcf_1.bin,reverse,OK,
x64/windows_x64_vncinject_reverse_tcp_uuid_bcf_10.bin,reverse,OK,
x64/windows_x64_vncinject_reverse_tcp_uuid_bcf_2.bin,reverse,OK,
x64/windows_x64_vncinject_reverse_tcp_uuid_bcf_3.bin,reverse,OK,
x64/windows_x64_vncinject_reverse_tcp_uuid_bcf_4.bin,reverse,OK,
x64/windows_x64_vncinject_reverse_tcp_uuid_bcf_5.bin,reverse,OK,
x64/windows_x64_vncinject_reverse_tcp_uuid_bcf_6.bin,reverse,OK,
x64/windows_x64_vncinject_reverse_tcp_uuid_bcf_7.bin,reverse,OK,
x64/windows_x64_vncinject_reverse_tcp_uuid_bcf_8.bin,reverse,OK,
x64/windows_x64_vncinject_reverse_tcp_uuid_bcf_9.bin,reverse,OK,
x64/windows_x64_vncinject_reverse_tcp_uuid_eq_1.bin,reverse,OK,
x64/windows_x64_vncinject_reverse_tcp_uuid_eq_10.bin,reverse,OK,
x64/windows_x64_vncinject_reverse_tcp_uuid_eq_2.bin,reverse,OK,
x64/windows_x64_vncinject_reverse_tcp_uuid_eq_3.bin,reverse,OK,
x64/windows_x64_vncinject_reverse_tcp_uuid_eq_4.bin,reverse,OK,
x64/windows_x64_vncinject_reverse_tcp_uuid_eq_5.bin,reverse,OK,
x64/windows_x64_vncinject_reverse_tcp_uuid_eq_6.bin,reverse,OK,
x64/windows_x64_vncinject_reverse_tcp_uuid_eq_7.bin,reverse,OK,
x64/windows_x64_vncinject_reverse_tcp_uuid_eq_8.bin,reverse,OK,
x64/windows_x64_vncinject_reverse_tcp_uuid_eq_9.bin,reverse,OK,
x64/windows_x64_vncinject_reverse_tcp_uuid_eq_nop_bcf_1.bin,reverse,FAIL,
x64/windows_x64_vncinject_reverse_tcp_uuid_eq_nop_bcf_10.bin,reverse,FAIL,
x64/windows_x64_vncinject_reverse_tcp_uuid_eq_nop_bcf_2.bin,reverse,FAIL,
x64/windows_x64_vncinject_reverse_tcp_uuid_eq_nop_bcf_3.bin,reverse,FAIL,
x64/windows_x64_vncinject_reverse_tcp_uuid_eq_nop_bcf_4.bin,reverse,FAIL,
x64/windows_x64_vncinject_reverse_tcp_uuid_eq_nop_bcf_5.bin,reverse,FAIL,
x64/windows_x64_vncinject_reverse_tcp_uuid_eq_nop_bcf_6.bin,reverse,FAIL,
x64/windows_x64_vncinject_reverse_tcp_uuid_eq_nop_bcf_7.bin,reverse,FAIL,
x64/windows_x64_vncinject_reverse_tcp_uuid_eq_nop_bcf_8.bin,reverse,FAIL,
x64/windows_x64_vncinject_reverse_tcp_uuid_eq_nop_bcf_9.bin,reverse,FAIL,
x64/windows_x64_vncinject_reverse_tcp_uuid_eq_nop_ibp_1.bin,reverse,OK,
x64/windows_x64_vncinject_reverse_tcp_uuid_eq_nop_ibp_10.bin,reverse,OK,
x64/windows_x64_vncinject_reverse_tcp_uuid_eq_nop_ibp_2.bin,reverse,OK,
x64/windows_x64_vncinject_reverse_tcp_uuid_eq_nop_ibp_3.bin,reverse,OK,
x64/windows_x64_vncinject_reverse_tcp_uuid_eq_nop_ibp_4.bin,reverse,OK,
x64/windows_x64_vncinject_reverse_tcp_uuid_eq_nop_ibp_5.bin,reverse,OK,
x64/windows_x64_vncinject_reverse_tcp_uuid_eq_nop_ibp_6.bin,reverse,OK,
x64/windows_x64_vncinject_reverse_tcp_uuid_eq_nop_ibp_7.bin,reverse,OK,
x64/windows_x64_vncinject_reverse_tcp_uuid_eq_nop_ibp_8.bin,reverse,OK,
x64/windows_x64_vncinject_reverse_tcp_uuid_eq_nop_ibp_9.bin,reverse,OK,
x64/windows_x64_vncinject_reverse_tcp_uuid_eq_nop_pii_1.bin,reverse,OK,
x64/windows_x64_vncinject_reverse_tcp_uuid_eq_nop_pii_10.bin,reverse,OK,
x64/windows_x64_vncinject_reverse_tcp_uuid_eq_nop_pii_2.bin,reverse,OK,
x64/windows_x64_vncinject_reverse_tcp_uuid_eq_nop_pii_3.bin,reverse,OK,
x64/windows_x64_vncinject_reverse_tcp_uuid_eq_nop_pii_4.bin,reverse,OK,
x64/windows_x64_vncinject_reverse_tcp_uuid_eq_nop_pii_5.bin,reverse,OK,
x64/windows_x64_vncinject_reverse_tcp_uuid_eq_nop_pii_6.bin,reverse,OK,
x64/windows_x64_vncinject_reverse_tcp_uuid_eq_nop_pii_7.bin,reverse,OK,
x64/windows_x64_vncinject_reverse_tcp_uuid_eq_nop_pii_8.bin,reverse,OK,
x64/windows_x64_vncinject_reverse_tcp_uuid_eq_nop_pii_9.bin,reverse,OK,
x64/windows_x64_vncinject_reverse_tcp_uuid_ibp_1.bin,reverse,OK,
x64/windows_x64_vncinject_reverse_tcp_uuid_ibp_10.bin,reverse,OK,
x64/windows_x64_vncinject_reverse_tcp_uuid_ibp_2.bin,reverse,OK,
x64/windows_x64_vncinject_reverse_tcp_uuid_ibp_3.bin,reverse,OK,
x64/windows_x64_vncinject_reverse_tcp_uuid_ibp_4.bin,reverse,OK,
x64/windows_x64_vncinject_reverse_tcp_uuid_ibp_5.bin,reverse,OK,
x64/windows_x64_vncinject_reverse_tcp_uuid_ibp_6.bin,reverse,OK,
x64/windows_x64_vncinject_reverse_tcp_uuid_ibp_7.bin,reverse,OK,
x64/windows_x64_vncinject_reverse_tcp_uuid_ibp_8.bin,reverse,OK,
x64/windows_x64_vncinject_reverse_tcp_uuid_ibp_9.bin,reverse,OK,
x64/windows_x64_vncinject_reverse_tcp_uuid_nop_1.bin,reverse,OK,
x64/windows_x64_vncinject_reverse_tcp_uuid_nop_10.bin,reverse,OK,
x64/windows_x64_vncinject_reverse_tcp_uuid_nop_2.bin,reverse,OK,
x64/windows_x64_vncinject_reverse_tcp_uuid_nop_3.bin,reverse,OK,
x64/windows_x64_vncinject_reverse_tcp_uuid_nop_4.bin,reverse,OK,
x64/windows_x64_vncinject_reverse_tcp_uuid_nop_5.bin,reverse,OK,
x64/windows_x64_vncinject_reverse_tcp_uuid_nop_6.bin,reverse,OK,
x64/windows_x64_vncinject_reverse_tcp_uuid_nop_7.bin,reverse,OK,
x64/windows_x64_vncinject_reverse_tcp_uuid_nop_8.bin,reverse,OK,
x64/windows_x64_vncinject_reverse_tcp_uuid_nop_9.bin,reverse,OK,
x64/windows_x64_vncinject_reverse_tcp_uuid_pii_1.bin,reverse,OK,
x64/windows_x64_vncinject_reverse_tcp_uuid_pii_10.bin,reverse,FAIL,
x64/windows_x64_vncinject_reverse_tcp_uuid_pii_2.bin,reverse,OK,
x64/windows_x64_vncinject_reverse_tcp_uuid_pii_3.bin,reverse,OK,
x64/windows_x64_vncinject_reverse_tcp_uuid_pii_4.bin,reverse,OK,
x64/windows_x64_vncinject_reverse_tcp_uuid_pii_5.bin,reverse,OK,
x64/windows_x64_vncinject_reverse_tcp_uuid_pii_6.bin,reverse,OK,
x64/windows_x64_vncinject_reverse_tcp_uuid_pii_7.bin,reverse,OK,
x64/windows_x64_vncinject_reverse_tcp_uuid_pii_8.bin,reverse,OK,
x64/windows_x64_vncinject_reverse_tcp_uuid_pii_9.bin,reverse,OK,
x64/windows_x64_vncinject_reverse_winhttp_bcf_1.bin,reverse,FAIL,
x64/windows_x64_vncinject_reverse_winhttp_bcf_10.bin,reverse,FAIL,
x64/windows_x64_vncinject_reverse_winhttp_bcf_2.bin,reverse,FAIL,
x64/windows_x64_vncinject_reverse_winhttp_bcf_3.bin,reverse,FAIL,
x64/windows_x64_vncinject_reverse_winhttp_bcf_4.bin,reverse,FAIL,
x64/windows_x64_vncinject_reverse_winhttp_bcf_5.bin,reverse,FAIL,
x64/windows_x64_vncinject_reverse_winhttp_bcf_6.bin,reverse,FAIL,
x64/windows_x64_vncinject_reverse_winhttp_bcf_7.bin,reverse,FAIL,
x64/windows_x64_vncinject_reverse_winhttp_bcf_8.bin,reverse,FAIL,
x64/windows_x64_vncinject_reverse_winhttp_bcf_9.bin,reverse,FAIL,
x64/windows_x64_vncinject_reverse_winhttp_eq_1.bin,reverse,FAIL,
x64/windows_x64_vncinject_reverse_winhttp_eq_10.bin,reverse,FAIL,
x64/windows_x64_vncinject_reverse_winhttp_eq_2.bin,reverse,FAIL,
x64/windows_x64_vncinject_reverse_winhttp_eq_3.bin,reverse,FAIL,
x64/windows_x64_vncinject_reverse_winhttp_eq_4.bin,reverse,FAIL,
x64/windows_x64_vncinject_reverse_winhttp_eq_5.bin,reverse,FAIL,
x64/windows_x64_vncinject_reverse_winhttp_eq_6.bin,reverse,FAIL,
x64/windows_x64_vncinject_reverse_winhttp_eq_7.bin,reverse,FAIL,
x64/windows_x64_vncinject_reverse_winhttp_eq_8.bin,reverse,FAIL,
x64/windows_x64_vncinject_reverse_winhttp_eq_9.bin,reverse,FAIL,
x64/windows_x64_vncinject_reverse_winhttp_eq_nop_bcf_1.bin,reverse,FAIL,
x64/windows_x64_vncinject_reverse_winhttp_eq_nop_bcf_10.bin,reverse,FAIL,
x64/windows_x64_vncinject_reverse_winhttp_eq_nop_bcf_2.bin,reverse,FAIL,
x64/windows_x64_vncinject_reverse_winhttp_eq_nop_bcf_3.bin,reverse,FAIL,
x64/windows_x64_vncinject_reverse_winhttp_eq_nop_bcf_4.bin,reverse,FAIL,
x64/windows_x64_vncinject_reverse_winhttp_eq_nop_bcf_5.bin,reverse,FAIL,
x64/windows_x64_vncinject_reverse_winhttp_eq_nop_bcf_6.bin,reverse,FAIL,
x64/windows_x64_vncinject_reverse_winhttp_eq_nop_bcf_7.bin,reverse,FAIL,
x64/windows_x64_vncinject_reverse_winhttp_eq_nop_bcf_8.bin,reverse,FAIL,
x64/windows_x64_vncinject_reverse_winhttp_eq_nop_bcf_9.bin,reverse,FAIL,
x64/windows_x64_vncinject_reverse_winhttp_eq_nop_ibp_1.bin,reverse,FAIL,
x64/windows_x64_vncinject_reverse_winhttp_eq_nop_ibp_10.bin,reverse,FAIL,
x64/windows_x64_vncinject_reverse_winhttp_eq_nop_ibp_2.bin,reverse,FAIL,
x64/windows_x64_vncinject_reverse_winhttp_eq_nop_ibp_3.bin,reverse,FAIL,
x64/windows_x64_vncinject_reverse_winhttp_eq_nop_ibp_4.bin,reverse,FAIL,
x64/windows_x64_vncinject_reverse_winhttp_eq_nop_ibp_5.bin,reverse,FAIL,
x64/windows_x64_vncinject_reverse_winhttp_eq_nop_ibp_6.bin,reverse,FAIL,
x64/windows_x64_vncinject_reverse_winhttp_eq_nop_ibp_7.bin,reverse,FAIL,
x64/windows_x64_vncinject_reverse_winhttp_eq_nop_ibp_8.bin,reverse,FAIL,
x64/windows_x64_vncinject_reverse_winhttp_eq_nop_ibp_9.bin,reverse,FAIL,
x64/windows_x64_vncinject_reverse_winhttp_eq_nop_pii_1.bin,reverse,FAIL,
x64/windows_x64_vncinject_reverse_winhttp_eq_nop_pii_10.bin,reverse,FAIL,
x64/windows_x64_vncinject_reverse_winhttp_eq_nop_pii_2.bin,reverse,FAIL,
x64/windows_x64_vncinject_reverse_winhttp_eq_nop_pii_3.bin,reverse,FAIL,
x64/windows_x64_vncinject_reverse_winhttp_eq_nop_pii_4.bin,reverse,FAIL,
x64/windows_x64_vncinject_reverse_winhttp_eq_nop_pii_5.bin,reverse,FAIL,
x64/windows_x64_vncinject_reverse_winhttp_eq_nop_pii_6.bin,reverse,FAIL,
x64/windows_x64_vncinject_reverse_winhttp_eq_nop_pii_7.bin,reverse,FAIL,
x64/windows_x64_vncinject_reverse_winhttp_eq_nop_pii_8.bin,reverse,FAIL,
x64/windows_x64_vncinject_reverse_winhttp_eq_nop_pii_9.bin,reverse,FAIL,
x64/windows_x64_vncinject_reverse_winhttp_ibp_1.bin,reverse,FAIL,
x64/windows_x64_vncinject_reverse_winhttp_ibp_10.bin,reverse,FAIL,
x64/windows_x64_vncinject_reverse_winhttp_ibp_2.bin,reverse,FAIL,
x64/windows_x64_vncinject_reverse_winhttp_ibp_3.bin,reverse,FAIL,
x64/windows_x64_vncinject_reverse_winhttp_ibp_4.bin,reverse,FAIL,
x64/windows_x64_vncinject_reverse_winhttp_ibp_5.bin,reverse,FAIL,
x64/windows_x64_vncinject_reverse_winhttp_ibp_6.bin,reverse,FAIL,
x64/windows_x64_vncinject_reverse_winhttp_ibp_7.bin,reverse,FAIL,
x64/windows_x64_vncinject_reverse_winhttp_ibp_8.bin,reverse,FAIL,
x64/windows_x64_vncinject_reverse_winhttp_ibp_9.bin,reverse,FAIL,
x64/windows_x64_vncinject_reverse_winhttp_nop_1.bin,reverse,FAIL,
x64/windows_x64_vncinject_reverse_winhttp_nop_10.bin,reverse,FAIL,
x64/windows_x64_vncinject_reverse_winhttp_nop_2.bin,reverse,FAIL,
x64/windows_x64_vncinject_reverse_winhttp_nop_3.bin,reverse,FAIL,
x64/windows_x64_vncinject_reverse_winhttp_nop_4.bin,reverse,FAIL,
x64/windows_x64_vncinject_reverse_winhttp_nop_5.bin,reverse,FAIL,
x64/windows_x64_vncinject_reverse_winhttp_nop_6.bin,reverse,FAIL,
x64/windows_x64_vncinject_reverse_winhttp_nop_7.bin,reverse,FAIL,
x64/windows_x64_vncinject_reverse_winhttp_nop_8.bin,reverse,FAIL,
x64/windows_x64_vncinject_reverse_winhttp_nop_9.bin,reverse,FAIL,
x64/windows_x64_vncinject_reverse_winhttp_pii_1.bin,reverse,FAIL,
x64/windows_x64_vncinject_reverse_winhttp_pii_10.bin,reverse,FAIL,
x64/windows_x64_vncinject_reverse_winhttp_pii_2.bin,reverse,FAIL,
x64/windows_x64_vncinject_reverse_winhttp_pii_3.bin,reverse,FAIL,
x64/windows_x64_vncinject_reverse_winhttp_pii_4.bin,reverse,FAIL,
x64/windows_x64_vncinject_reverse_winhttp_pii_5.bin,reverse,FAIL,
x64/windows_x64_vncinject_reverse_winhttp_pii_6.bin,reverse,FAIL,
x64/windows_x64_vncinject_reverse_winhttp_pii_7.bin,reverse,FAIL,
x64/windows_x64_vncinject_reverse_winhttp_pii_8.bin,reverse,FAIL,
x64/windows_x64_vncinject_reverse_winhttp_pii_9.bin,reverse,FAIL,
x64/windows_x64_vncinject_reverse_winhttps_bcf_1.bin,reverse,FAIL,
x64/windows_x64_vncinject_reverse_winhttps_bcf_10.bin,reverse,FAIL,
x64/windows_x64_vncinject_reverse_winhttps_bcf_2.bin,reverse,FAIL,
x64/windows_x64_vncinject_reverse_winhttps_bcf_3.bin,reverse,FAIL,
x64/windows_x64_vncinject_reverse_winhttps_bcf_4.bin,reverse,FAIL,
x64/windows_x64_vncinject_reverse_winhttps_bcf_5.bin,reverse,FAIL,
x64/windows_x64_vncinject_reverse_winhttps_bcf_6.bin,reverse,FAIL,
x64/windows_x64_vncinject_reverse_winhttps_bcf_7.bin,reverse,FAIL,
x64/windows_x64_vncinject_reverse_winhttps_bcf_8.bin,reverse,FAIL,
x64/windows_x64_vncinject_reverse_winhttps_bcf_9.bin,reverse,FAIL,
x64/windows_x64_vncinject_reverse_winhttps_eq_1.bin,reverse,FAIL,
x64/windows_x64_vncinject_reverse_winhttps_eq_10.bin,reverse,FAIL,
x64/windows_x64_vncinject_reverse_winhttps_eq_2.bin,reverse,FAIL,
x64/windows_x64_vncinject_reverse_winhttps_eq_3.bin,reverse,FAIL,
x64/windows_x64_vncinject_reverse_winhttps_eq_4.bin,reverse,FAIL,
x64/windows_x64_vncinject_reverse_winhttps_eq_5.bin,reverse,FAIL,
x64/windows_x64_vncinject_reverse_winhttps_eq_6.bin,reverse,FAIL,
x64/windows_x64_vncinject_reverse_winhttps_eq_7.bin,reverse,FAIL,
x64/windows_x64_vncinject_reverse_winhttps_eq_8.bin,reverse,FAIL,
x64/windows_x64_vncinject_reverse_winhttps_eq_9.bin,reverse,FAIL,
x64/windows_x64_vncinject_reverse_winhttps_eq_nop_bcf_1.bin,reverse,FAIL,
x64/windows_x64_vncinject_reverse_winhttps_eq_nop_bcf_10.bin,reverse,FAIL,
x64/windows_x64_vncinject_reverse_winhttps_eq_nop_bcf_2.bin,reverse,FAIL,
x64/windows_x64_vncinject_reverse_winhttps_eq_nop_bcf_3.bin,reverse,FAIL,
x64/windows_x64_vncinject_reverse_winhttps_eq_nop_bcf_4.bin,reverse,FAIL,
x64/windows_x64_vncinject_reverse_winhttps_eq_nop_bcf_5.bin,reverse,FAIL,
x64/windows_x64_vncinject_reverse_winhttps_eq_nop_bcf_6.bin,reverse,FAIL,
x64/windows_x64_vncinject_reverse_winhttps_eq_nop_bcf_7.bin,reverse,FAIL,
x64/windows_x64_vncinject_reverse_winhttps_eq_nop_bcf_8.bin,reverse,FAIL,
x64/windows_x64_vncinject_reverse_winhttps_eq_nop_bcf_9.bin,reverse,FAIL,
x64/windows_x64_vncinject_reverse_winhttps_eq_nop_ibp_1.bin,reverse,FAIL,
x64/windows_x64_vncinject_reverse_winhttps_eq_nop_ibp_10.bin,reverse,FAIL,
x64/windows_x64_vncinject_reverse_winhttps_eq_nop_ibp_2.bin,reverse,FAIL,
x64/windows_x64_vncinject_reverse_winhttps_eq_nop_ibp_3.bin,reverse,FAIL,
x64/windows_x64_vncinject_reverse_winhttps_eq_nop_ibp_4.bin,reverse,FAIL,
x64/windows_x64_vncinject_reverse_winhttps_eq_nop_ibp_5.bin,reverse,FAIL,
x64/windows_x64_vncinject_reverse_winhttps_eq_nop_ibp_6.bin,reverse,FAIL,
x64/windows_x64_vncinject_reverse_winhttps_eq_nop_ibp_7.bin,reverse,FAIL,
x64/windows_x64_vncinject_reverse_winhttps_eq_nop_ibp_8.bin,reverse,FAIL,
x64/windows_x64_vncinject_reverse_winhttps_eq_nop_ibp_9.bin,reverse,FAIL,
x64/windows_x64_vncinject_reverse_winhttps_eq_nop_pii_1.bin,reverse,FAIL,
x64/windows_x64_vncinject_reverse_winhttps_eq_nop_pii_10.bin,reverse,FAIL,
x64/windows_x64_vncinject_reverse_winhttps_eq_nop_pii_2.bin,reverse,FAIL,
x64/windows_x64_vncinject_reverse_winhttps_eq_nop_pii_3.bin,reverse,FAIL,
x64/windows_x64_vncinject_reverse_winhttps_eq_nop_pii_4.bin,reverse,FAIL,
x64/windows_x64_vncinject_reverse_winhttps_eq_nop_pii_5.bin,reverse,FAIL,
x64/windows_x64_vncinject_reverse_winhttps_eq_nop_pii_6.bin,reverse,FAIL,
x64/windows_x64_vncinject_reverse_winhttps_eq_nop_pii_7.bin,reverse,FAIL,
x64/windows_x64_vncinject_reverse_winhttps_eq_nop_pii_8.bin,reverse,FAIL,
x64/windows_x64_vncinject_reverse_winhttps_eq_nop_pii_9.bin,reverse,FAIL,
x64/windows_x64_vncinject_reverse_winhttps_ibp_1.bin,reverse,FAIL,
x64/windows_x64_vncinject_reverse_winhttps_ibp_10.bin,reverse,FAIL,
x64/windows_x64_vncinject_reverse_winhttps_ibp_2.bin,reverse,FAIL,
x64/windows_x64_vncinject_reverse_winhttps_ibp_3.bin,reverse,FAIL,
x64/windows_x64_vncinject_reverse_winhttps_ibp_4.bin,reverse,FAIL,
x64/windows_x64_vncinject_reverse_winhttps_ibp_5.bin,reverse,FAIL,
x64/windows_x64_vncinject_reverse_winhttps_ibp_6.bin,reverse,FAIL,
x64/windows_x64_vncinject_reverse_winhttps_ibp_7.bin,reverse,FAIL,
x64/windows_x64_vncinject_reverse_winhttps_ibp_8.bin,reverse,FAIL,
x64/windows_x64_vncinject_reverse_winhttps_ibp_9.bin,reverse,FAIL,
x64/windows_x64_vncinject_reverse_winhttps_nop_1.bin,reverse,FAIL,
x64/windows_x64_vncinject_reverse_winhttps_nop_10.bin,reverse,FAIL,
x64/windows_x64_vncinject_reverse_winhttps_nop_2.bin,reverse,FAIL,
x64/windows_x64_vncinject_reverse_winhttps_nop_3.bin,reverse,FAIL,
x64/windows_x64_vncinject_reverse_winhttps_nop_4.bin,reverse,FAIL,
x64/windows_x64_vncinject_reverse_winhttps_nop_5.bin,reverse,FAIL,
x64/windows_x64_vncinject_reverse_winhttps_nop_6.bin,reverse,FAIL,
x64/windows_x64_vncinject_reverse_winhttps_nop_7.bin,reverse,FAIL,
x64/windows_x64_vncinject_reverse_winhttps_nop_8.bin,reverse,FAIL,
x64/windows_x64_vncinject_reverse_winhttps_nop_9.bin,reverse,FAIL,
x64/windows_x64_vncinject_reverse_winhttps_pii_1.bin,reverse,FAIL,
x64/windows_x64_vncinject_reverse_winhttps_pii_10.bin,reverse,FAIL,
x64/windows_x64_vncinject_reverse_winhttps_pii_2.bin,reverse,FAIL,
x64/windows_x64_vncinject_reverse_winhttps_pii_3.bin,reverse,FAIL,
x64/windows_x64_vncinject_reverse_winhttps_pii_4.bin,reverse,FAIL,
x64/windows_x64_vncinject_reverse_winhttps_pii_5.bin,reverse,FAIL,
x64/windows_x64_vncinject_reverse_winhttps_pii_6.bin,reverse,FAIL,
x64/windows_x64_vncinject_reverse_winhttps_pii_7.bin,reverse,FAIL,
x64/windows_x64_vncinject_reverse_winhttps_pii_8.bin,reverse,FAIL,
x64/windows_x64_vncinject_reverse_winhttps_pii_9.bin,reverse,FAIL,
x86/windows_custom_bind_nonx_tcp_bcf_1.bin,bind,FAIL,
x86/windows_custom_bind_nonx_tcp_bcf_10.bin,bind,FAIL,
x86/windows_custom_bind_nonx_tcp_bcf_2.bin,bind,FAIL,
x86/windows_custom_bind_nonx_tcp_bcf_3.bin,bind,FAIL,
x86/windows_custom_bind_nonx_tcp_bcf_4.bin,bind,FAIL,
x86/windows_custom_bind_nonx_tcp_bcf_5.bin,bind,FAIL,
x86/windows_custom_bind_nonx_tcp_bcf_6.bin,bind,FAIL,
x86/windows_custom_bind_nonx_tcp_bcf_7.bin,bind,FAIL,
x86/windows_custom_bind_nonx_tcp_bcf_8.bin,bind,FAIL,
x86/windows_custom_bind_nonx_tcp_bcf_9.bin,bind,FAIL,
x86/windows_custom_bind_nonx_tcp_eq_1.bin,bind,FAIL,
x86/windows_custom_bind_nonx_tcp_eq_10.bin,bind,OK,
x86/windows_custom_bind_nonx_tcp_eq_2.bin,bind,FAIL,
x86/windows_custom_bind_nonx_tcp_eq_3.bin,bind,FAIL,
x86/windows_custom_bind_nonx_tcp_eq_4.bin,bind,FAIL,
x86/windows_custom_bind_nonx_tcp_eq_5.bin,bind,FAIL,
x86/windows_custom_bind_nonx_tcp_eq_6.bin,bind,FAIL,
x86/windows_custom_bind_nonx_tcp_eq_7.bin,bind,FAIL,
x86/windows_custom_bind_nonx_tcp_eq_8.bin,bind,FAIL,
x86/windows_custom_bind_nonx_tcp_eq_9.bin,bind,FAIL,
x86/windows_custom_bind_nonx_tcp_eq_nop_bcf_1.bin,bind,FAIL,
x86/windows_custom_bind_nonx_tcp_eq_nop_bcf_10.bin,bind,FAIL,
x86/windows_custom_bind_nonx_tcp_eq_nop_bcf_2.bin,bind,FAIL,
x86/windows_custom_bind_nonx_tcp_eq_nop_bcf_3.bin,bind,FAIL,
x86/windows_custom_bind_nonx_tcp_eq_nop_bcf_4.bin,bind,FAIL,
x86/windows_custom_bind_nonx_tcp_eq_nop_bcf_5.bin,bind,FAIL,
x86/windows_custom_bind_nonx_tcp_eq_nop_bcf_6.bin,bind,FAIL,
x86/windows_custom_bind_nonx_tcp_eq_nop_bcf_7.bin,bind,FAIL,
x86/windows_custom_bind_nonx_tcp_eq_nop_bcf_8.bin,bind,FAIL,
x86/windows_custom_bind_nonx_tcp_eq_nop_bcf_9.bin,bind,FAIL,
x86/windows_custom_bind_nonx_tcp_eq_nop_ibp_1.bin,bind,FAIL,
x86/windows_custom_bind_nonx_tcp_eq_nop_ibp_10.bin,bind,FAIL,
x86/windows_custom_bind_nonx_tcp_eq_nop_ibp_2.bin,bind,FAIL,
x86/windows_custom_bind_nonx_tcp_eq_nop_ibp_3.bin,bind,FAIL,
x86/windows_custom_bind_nonx_tcp_eq_nop_ibp_4.bin,bind,FAIL,
x86/windows_custom_bind_nonx_tcp_eq_nop_ibp_5.bin,bind,FAIL,
x86/windows_custom_bind_nonx_tcp_eq_nop_ibp_6.bin,bind,FAIL,
x86/windows_custom_bind_nonx_tcp_eq_nop_ibp_7.bin,bind,FAIL,
x86/windows_custom_bind_nonx_tcp_eq_nop_ibp_8.bin,bind,FAIL,
x86/windows_custom_bind_nonx_tcp_eq_nop_ibp_9.bin,bind,FAIL,
x86/windows_custom_bind_nonx_tcp_eq_nop_pii_1.bin,bind,FAIL,
x86/windows_custom_bind_nonx_tcp_eq_nop_pii_10.bin,bind,FAIL,
x86/windows_custom_bind_nonx_tcp_eq_nop_pii_2.bin,bind,FAIL,
x86/windows_custom_bind_nonx_tcp_eq_nop_pii_3.bin,bind,FAIL,
x86/windows_custom_bind_nonx_tcp_eq_nop_pii_4.bin,bind,FAIL,
x86/windows_custom_bind_nonx_tcp_eq_nop_pii_5.bin,bind,FAIL,
x86/windows_custom_bind_nonx_tcp_eq_nop_pii_6.bin,bind,FAIL,
x86/windows_custom_bind_nonx_tcp_eq_nop_pii_7.bin,bind,FAIL,
x86/windows_custom_bind_nonx_tcp_eq_nop_pii_8.bin,bind,FAIL,
x86/windows_custom_bind_nonx_tcp_eq_nop_pii_9.bin,bind,FAIL,
x86/windows_custom_bind_nonx_tcp_ibp_1.bin,bind,FAIL,
x86/windows_custom_bind_nonx_tcp_ibp_10.bin,bind,FAIL,
x86/windows_custom_bind_nonx_tcp_ibp_2.bin,bind,FAIL,
x86/windows_custom_bind_nonx_tcp_ibp_3.bin,bind,FAIL,
x86/windows_custom_bind_nonx_tcp_ibp_4.bin,bind,FAIL,
x86/windows_custom_bind_nonx_tcp_ibp_5.bin,bind,FAIL,
x86/windows_custom_bind_nonx_tcp_ibp_6.bin,bind,FAIL,
x86/windows_custom_bind_nonx_tcp_ibp_7.bin,bind,FAIL,
x86/windows_custom_bind_nonx_tcp_ibp_8.bin,bind,FAIL,
x86/windows_custom_bind_nonx_tcp_ibp_9.bin,bind,FAIL,
x86/windows_custom_bind_nonx_tcp_nop_1.bin,bind,FAIL,
x86/windows_custom_bind_nonx_tcp_nop_10.bin,bind,FAIL,
x86/windows_custom_bind_nonx_tcp_nop_2.bin,bind,FAIL,
x86/windows_custom_bind_nonx_tcp_nop_3.bin,bind,FAIL,
x86/windows_custom_bind_nonx_tcp_nop_4.bin,bind,FAIL,
x86/windows_custom_bind_nonx_tcp_nop_5.bin,bind,FAIL,
x86/windows_custom_bind_nonx_tcp_nop_6.bin,bind,FAIL,
x86/windows_custom_bind_nonx_tcp_nop_7.bin,bind,FAIL,
x86/windows_custom_bind_nonx_tcp_nop_8.bin,bind,FAIL,
x86/windows_custom_bind_nonx_tcp_nop_9.bin,bind,FAIL,
x86/windows_custom_bind_nonx_tcp_pii_1.bin,bind,FAIL,
x86/windows_custom_bind_nonx_tcp_pii_10.bin,bind,FAIL,
x86/windows_custom_bind_nonx_tcp_pii_2.bin,bind,FAIL,
x86/windows_custom_bind_nonx_tcp_pii_3.bin,bind,FAIL,
x86/windows_custom_bind_nonx_tcp_pii_4.bin,bind,FAIL,
x86/windows_custom_bind_nonx_tcp_pii_5.bin,bind,FAIL,
x86/windows_custom_bind_nonx_tcp_pii_6.bin,bind,FAIL,
x86/windows_custom_bind_nonx_tcp_pii_7.bin,bind,FAIL,
x86/windows_custom_bind_nonx_tcp_pii_8.bin,bind,FAIL,
x86/windows_custom_bind_nonx_tcp_pii_9.bin,bind,FAIL,
x86/windows_custom_bind_tcp_bcf_1.bin,bind,OK,
x86/windows_custom_bind_tcp_bcf_10.bin,bind,OK,
x86/windows_custom_bind_tcp_bcf_2.bin,bind,OK,
x86/windows_custom_bind_tcp_bcf_3.bin,bind,OK,
x86/windows_custom_bind_tcp_bcf_4.bin,bind,OK,
x86/windows_custom_bind_tcp_bcf_5.bin,bind,OK,
x86/windows_custom_bind_tcp_bcf_6.bin,bind,OK,
x86/windows_custom_bind_tcp_bcf_7.bin,bind,OK,
x86/windows_custom_bind_tcp_bcf_8.bin,bind,OK,
x86/windows_custom_bind_tcp_bcf_9.bin,bind,OK,
x86/windows_custom_bind_tcp_eq_1.bin,bind,OK,
x86/windows_custom_bind_tcp_eq_10.bin,bind,OK,
x86/windows_custom_bind_tcp_eq_2.bin,bind,OK,
x86/windows_custom_bind_tcp_eq_3.bin,bind,OK,
x86/windows_custom_bind_tcp_eq_4.bin,bind,OK,
x86/windows_custom_bind_tcp_eq_5.bin,bind,OK,
x86/windows_custom_bind_tcp_eq_6.bin,bind,OK,
x86/windows_custom_bind_tcp_eq_7.bin,bind,OK,
x86/windows_custom_bind_tcp_eq_8.bin,bind,OK,
x86/windows_custom_bind_tcp_eq_9.bin,bind,OK,
x86/windows_custom_bind_tcp_eq_nop_bcf_1.bin,bind,OK,
x86/windows_custom_bind_tcp_eq_nop_bcf_10.bin,bind,OK,
x86/windows_custom_bind_tcp_eq_nop_bcf_2.bin,bind,OK,
x86/windows_custom_bind_tcp_eq_nop_bcf_3.bin,bind,OK,
x86/windows_custom_bind_tcp_eq_nop_bcf_4.bin,bind,OK,
x86/windows_custom_bind_tcp_eq_nop_bcf_5.bin,bind,OK,
x86/windows_custom_bind_tcp_eq_nop_bcf_6.bin,bind,OK,
x86/windows_custom_bind_tcp_eq_nop_bcf_7.bin,bind,OK,
x86/windows_custom_bind_tcp_eq_nop_bcf_8.bin,bind,OK,
x86/windows_custom_bind_tcp_eq_nop_bcf_9.bin,bind,OK,
x86/windows_custom_bind_tcp_eq_nop_ibp_1.bin,bind,OK,
x86/windows_custom_bind_tcp_eq_nop_ibp_10.bin,bind,OK,
x86/windows_custom_bind_tcp_eq_nop_ibp_2.bin,bind,OK,
x86/windows_custom_bind_tcp_eq_nop_ibp_3.bin,bind,FAIL,
x86/windows_custom_bind_tcp_eq_nop_ibp_4.bin,bind,OK,
x86/windows_custom_bind_tcp_eq_nop_ibp_5.bin,bind,FAIL,
x86/windows_custom_bind_tcp_eq_nop_ibp_6.bin,bind,FAIL,
x86/windows_custom_bind_tcp_eq_nop_ibp_7.bin,bind,OK,
x86/windows_custom_bind_tcp_eq_nop_ibp_8.bin,bind,OK,
x86/windows_custom_bind_tcp_eq_nop_ibp_9.bin,bind,OK,
x86/windows_custom_bind_tcp_eq_nop_pii_1.bin,bind,OK,
x86/windows_custom_bind_tcp_eq_nop_pii_10.bin,bind,OK,
x86/windows_custom_bind_tcp_eq_nop_pii_2.bin,bind,OK,
x86/windows_custom_bind_tcp_eq_nop_pii_3.bin,bind,OK,
x86/windows_custom_bind_tcp_eq_nop_pii_4.bin,bind,OK,
x86/windows_custom_bind_tcp_eq_nop_pii_5.bin,bind,OK,
x86/windows_custom_bind_tcp_eq_nop_pii_6.bin,bind,OK,
x86/windows_custom_bind_tcp_eq_nop_pii_7.bin,bind,FAIL,
x86/windows_custom_bind_tcp_eq_nop_pii_8.bin,bind,FAIL,
x86/windows_custom_bind_tcp_eq_nop_pii_9.bin,bind,FAIL,
x86/windows_custom_bind_tcp_ibp_1.bin,bind,OK,
x86/windows_custom_bind_tcp_ibp_10.bin,bind,OK,
x86/windows_custom_bind_tcp_ibp_2.bin,bind,OK,
x86/windows_custom_bind_tcp_ibp_3.bin,bind,OK,
x86/windows_custom_bind_tcp_ibp_4.bin,bind,OK,
x86/windows_custom_bind_tcp_ibp_5.bin,bind,OK,
x86/windows_custom_bind_tcp_ibp_6.bin,bind,OK,
x86/windows_custom_bind_tcp_ibp_7.bin,bind,OK,
x86/windows_custom_bind_tcp_ibp_8.bin,bind,OK,
x86/windows_custom_bind_tcp_ibp_9.bin,bind,OK,
x86/windows_custom_bind_tcp_nop_1.bin,bind,OK,
x86/windows_custom_bind_tcp_nop_10.bin,bind,OK,
x86/windows_custom_bind_tcp_nop_2.bin,bind,OK,
x86/windows_custom_bind_tcp_nop_3.bin,bind,FAIL,
x86/windows_custom_bind_tcp_nop_4.bin,bind,OK,
x86/windows_custom_bind_tcp_nop_5.bin,bind,OK,
x86/windows_custom_bind_tcp_nop_6.bin,bind,OK,
x86/windows_custom_bind_tcp_nop_7.bin,bind,OK,
x86/windows_custom_bind_tcp_nop_8.bin,bind,OK,
x86/windows_custom_bind_tcp_nop_9.bin,bind,FAIL,
x86/windows_custom_bind_tcp_pii_1.bin,bind,FAIL,
x86/windows_custom_bind_tcp_pii_10.bin,bind,FAIL,
x86/windows_custom_bind_tcp_pii_2.bin,bind,OK,
x86/windows_custom_bind_tcp_pii_3.bin,bind,FAIL,
x86/windows_custom_bind_tcp_pii_4.bin,bind,FAIL,
x86/windows_custom_bind_tcp_pii_5.bin,bind,OK,
x86/windows_custom_bind_tcp_pii_6.bin,bind,OK,
x86/windows_custom_bind_tcp_pii_7.bin,bind,FAIL,
x86/windows_custom_bind_tcp_pii_8.bin,bind,OK,
x86/windows_custom_bind_tcp_pii_9.bin,bind,OK,
x86/windows_custom_bind_tcp_rc4_bcf_1.bin,bind,OK,
x86/windows_custom_bind_tcp_rc4_bcf_10.bin,bind,OK,
x86/windows_custom_bind_tcp_rc4_bcf_2.bin,bind,OK,
x86/windows_custom_bind_tcp_rc4_bcf_3.bin,bind,OK,
x86/windows_custom_bind_tcp_rc4_bcf_4.bin,bind,OK,
x86/windows_custom_bind_tcp_rc4_bcf_5.bin,bind,OK,
x86/windows_custom_bind_tcp_rc4_bcf_6.bin,bind,OK,
x86/windows_custom_bind_tcp_rc4_bcf_7.bin,bind,OK,
x86/windows_custom_bind_tcp_rc4_bcf_8.bin,bind,OK,
x86/windows_custom_bind_tcp_rc4_bcf_9.bin,bind,OK,
x86/windows_custom_bind_tcp_rc4_eq_1.bin,bind,OK,
x86/windows_custom_bind_tcp_rc4_eq_10.bin,bind,OK,
x86/windows_custom_bind_tcp_rc4_eq_2.bin,bind,OK,
x86/windows_custom_bind_tcp_rc4_eq_3.bin,bind,OK,
x86/windows_custom_bind_tcp_rc4_eq_4.bin,bind,OK,
x86/windows_custom_bind_tcp_rc4_eq_5.bin,bind,OK,
x86/windows_custom_bind_tcp_rc4_eq_6.bin,bind,OK,
x86/windows_custom_bind_tcp_rc4_eq_7.bin,bind,OK,
x86/windows_custom_bind_tcp_rc4_eq_8.bin,bind,OK,
x86/windows_custom_bind_tcp_rc4_eq_9.bin,bind,OK,
x86/windows_custom_bind_tcp_rc4_eq_nop_bcf_1.bin,bind,OK,
x86/windows_custom_bind_tcp_rc4_eq_nop_bcf_10.bin,bind,OK,
x86/windows_custom_bind_tcp_rc4_eq_nop_bcf_2.bin,bind,FAIL,
x86/windows_custom_bind_tcp_rc4_eq_nop_bcf_3.bin,bind,OK,
x86/windows_custom_bind_tcp_rc4_eq_nop_bcf_4.bin,bind,OK,
x86/windows_custom_bind_tcp_rc4_eq_nop_bcf_5.bin,bind,FAIL,
x86/windows_custom_bind_tcp_rc4_eq_nop_bcf_6.bin,bind,OK,
x86/windows_custom_bind_tcp_rc4_eq_nop_bcf_7.bin,bind,FAIL,
x86/windows_custom_bind_tcp_rc4_eq_nop_bcf_8.bin,bind,OK,
x86/windows_custom_bind_tcp_rc4_eq_nop_bcf_9.bin,bind,OK,
x86/windows_custom_bind_tcp_rc4_eq_nop_ibp_1.bin,bind,OK,
x86/windows_custom_bind_tcp_rc4_eq_nop_ibp_10.bin,bind,OK,
x86/windows_custom_bind_tcp_rc4_eq_nop_ibp_2.bin,bind,FAIL,
x86/windows_custom_bind_tcp_rc4_eq_nop_ibp_3.bin,bind,OK,
x86/windows_custom_bind_tcp_rc4_eq_nop_ibp_4.bin,bind,OK,
x86/windows_custom_bind_tcp_rc4_eq_nop_ibp_5.bin,bind,OK,
x86/windows_custom_bind_tcp_rc4_eq_nop_ibp_6.bin,bind,OK,
x86/windows_custom_bind_tcp_rc4_eq_nop_ibp_7.bin,bind,OK,
x86/windows_custom_bind_tcp_rc4_eq_nop_ibp_8.bin,bind,OK,
x86/windows_custom_bind_tcp_rc4_eq_nop_ibp_9.bin,bind,OK,
x86/windows_custom_bind_tcp_rc4_eq_nop_pii_1.bin,bind,OK,
x86/windows_custom_bind_tcp_rc4_eq_nop_pii_10.bin,bind,OK,
x86/windows_custom_bind_tcp_rc4_eq_nop_pii_2.bin,bind,FAIL,
x86/windows_custom_bind_tcp_rc4_eq_nop_pii_3.bin,bind,OK,
x86/windows_custom_bind_tcp_rc4_eq_nop_pii_4.bin,bind,OK,
x86/windows_custom_bind_tcp_rc4_eq_nop_pii_5.bin,bind,FAIL,
x86/windows_custom_bind_tcp_rc4_eq_nop_pii_6.bin,bind,FAIL,
x86/windows_custom_bind_tcp_rc4_eq_nop_pii_7.bin,bind,OK,
x86/windows_custom_bind_tcp_rc4_eq_nop_pii_8.bin,bind,OK,
x86/windows_custom_bind_tcp_rc4_eq_nop_pii_9.bin,bind,FAIL,
x86/windows_custom_bind_tcp_rc4_ibp_1.bin,bind,OK,
x86/windows_custom_bind_tcp_rc4_ibp_10.bin,bind,OK,
x86/windows_custom_bind_tcp_rc4_ibp_2.bin,bind,OK,
x86/windows_custom_bind_tcp_rc4_ibp_3.bin,bind,OK,
x86/windows_custom_bind_tcp_rc4_ibp_4.bin,bind,OK,
x86/windows_custom_bind_tcp_rc4_ibp_5.bin,bind,OK,
x86/windows_custom_bind_tcp_rc4_ibp_6.bin,bind,OK,
x86/windows_custom_bind_tcp_rc4_ibp_7.bin,bind,OK,
x86/windows_custom_bind_tcp_rc4_ibp_8.bin,bind,OK,
x86/windows_custom_bind_tcp_rc4_ibp_9.bin,bind,OK,
x86/windows_custom_bind_tcp_rc4_nop_1.bin,bind,FAIL,
x86/windows_custom_bind_tcp_rc4_nop_10.bin,bind,OK,
x86/windows_custom_bind_tcp_rc4_nop_2.bin,bind,OK,
x86/windows_custom_bind_tcp_rc4_nop_3.bin,bind,FAIL,
x86/windows_custom_bind_tcp_rc4_nop_4.bin,bind,OK,
x86/windows_custom_bind_tcp_rc4_nop_5.bin,bind,OK,
x86/windows_custom_bind_tcp_rc4_nop_6.bin,bind,OK,
x86/windows_custom_bind_tcp_rc4_nop_7.bin,bind,OK,
x86/windows_custom_bind_tcp_rc4_nop_8.bin,bind,OK,
x86/windows_custom_bind_tcp_rc4_nop_9.bin,bind,OK,
x86/windows_custom_bind_tcp_rc4_pii_1.bin,bind,OK,
x86/windows_custom_bind_tcp_rc4_pii_10.bin,bind,OK,
x86/windows_custom_bind_tcp_rc4_pii_2.bin,bind,OK,
x86/windows_custom_bind_tcp_rc4_pii_3.bin,bind,OK,
x86/windows_custom_bind_tcp_rc4_pii_4.bin,bind,OK,
x86/windows_custom_bind_tcp_rc4_pii_5.bin,bind,OK,
x86/windows_custom_bind_tcp_rc4_pii_6.bin,bind,OK,
x86/windows_custom_bind_tcp_rc4_pii_7.bin,bind,OK,
x86/windows_custom_bind_tcp_rc4_pii_8.bin,bind,OK,
x86/windows_custom_bind_tcp_rc4_pii_9.bin,bind,OK,
x86/windows_custom_bind_tcp_uuid_bcf_1.bin,bind,OK,
x86/windows_custom_bind_tcp_uuid_bcf_10.bin,bind,OK,
x86/windows_custom_bind_tcp_uuid_bcf_2.bin,bind,OK,
x86/windows_custom_bind_tcp_uuid_bcf_3.bin,bind,OK,
x86/windows_custom_bind_tcp_uuid_bcf_4.bin,bind,OK,
x86/windows_custom_bind_tcp_uuid_bcf_5.bin,bind,OK,
x86/windows_custom_bind_tcp_uuid_bcf_6.bin,bind,OK,
x86/windows_custom_bind_tcp_uuid_bcf_7.bin,bind,OK,
x86/windows_custom_bind_tcp_uuid_bcf_8.bin,bind,OK,
x86/windows_custom_bind_tcp_uuid_bcf_9.bin,bind,OK,
x86/windows_custom_bind_tcp_uuid_eq_1.bin,bind,OK,
x86/windows_custom_bind_tcp_uuid_eq_10.bin,bind,OK,
x86/windows_custom_bind_tcp_uuid_eq_2.bin,bind,OK,
x86/windows_custom_bind_tcp_uuid_eq_3.bin,bind,OK,
x86/windows_custom_bind_tcp_uuid_eq_4.bin,bind,OK,
x86/windows_custom_bind_tcp_uuid_eq_5.bin,bind,OK,
x86/windows_custom_bind_tcp_uuid_eq_6.bin,bind,OK,
x86/windows_custom_bind_tcp_uuid_eq_7.bin,bind,OK,
x86/windows_custom_bind_tcp_uuid_eq_8.bin,bind,OK,
x86/windows_custom_bind_tcp_uuid_eq_9.bin,bind,OK,
x86/windows_custom_bind_tcp_uuid_eq_nop_bcf_1.bin,bind,OK,
x86/windows_custom_bind_tcp_uuid_eq_nop_bcf_10.bin,bind,OK,
x86/windows_custom_bind_tcp_uuid_eq_nop_bcf_2.bin,bind,OK,
x86/windows_custom_bind_tcp_uuid_eq_nop_bcf_3.bin,bind,FAIL,
x86/windows_custom_bind_tcp_uuid_eq_nop_bcf_4.bin,bind,OK,
x86/windows_custom_bind_tcp_uuid_eq_nop_bcf_5.bin,bind,FAIL,
x86/windows_custom_bind_tcp_uuid_eq_nop_bcf_6.bin,bind,OK,
x86/windows_custom_bind_tcp_uuid_eq_nop_bcf_7.bin,bind,OK,
x86/windows_custom_bind_tcp_uuid_eq_nop_bcf_8.bin,bind,OK,
x86/windows_custom_bind_tcp_uuid_eq_nop_bcf_9.bin,bind,OK,
x86/windows_custom_bind_tcp_uuid_eq_nop_ibp_1.bin,bind,OK,
x86/windows_custom_bind_tcp_uuid_eq_nop_ibp_10.bin,bind,FAIL,
x86/windows_custom_bind_tcp_uuid_eq_nop_ibp_2.bin,bind,FAIL,
x86/windows_custom_bind_tcp_uuid_eq_nop_ibp_3.bin,bind,OK,
x86/windows_custom_bind_tcp_uuid_eq_nop_ibp_4.bin,bind,OK,
x86/windows_custom_bind_tcp_uuid_eq_nop_ibp_5.bin,bind,FAIL,
x86/windows_custom_bind_tcp_uuid_eq_nop_ibp_6.bin,bind,OK,
x86/windows_custom_bind_tcp_uuid_eq_nop_ibp_7.bin,bind,OK,
x86/windows_custom_bind_tcp_uuid_eq_nop_ibp_8.bin,bind,OK,
x86/windows_custom_bind_tcp_uuid_eq_nop_ibp_9.bin,bind,OK,
x86/windows_custom_bind_tcp_uuid_eq_nop_pii_1.bin,bind,FAIL,
x86/windows_custom_bind_tcp_uuid_eq_nop_pii_10.bin,bind,FAIL,
x86/windows_custom_bind_tcp_uuid_eq_nop_pii_2.bin,bind,OK,
x86/windows_custom_bind_tcp_uuid_eq_nop_pii_3.bin,bind,FAIL,
x86/windows_custom_bind_tcp_uuid_eq_nop_pii_4.bin,bind,OK,
x86/windows_custom_bind_tcp_uuid_eq_nop_pii_5.bin,bind,FAIL,
x86/windows_custom_bind_tcp_uuid_eq_nop_pii_6.bin,bind,OK,
x86/windows_custom_bind_tcp_uuid_eq_nop_pii_7.bin,bind,OK,
x86/windows_custom_bind_tcp_uuid_eq_nop_pii_8.bin,bind,FAIL,
x86/windows_custom_bind_tcp_uuid_eq_nop_pii_9.bin,bind,FAIL,
x86/windows_custom_bind_tcp_uuid_ibp_1.bin,bind,OK,
x86/windows_custom_bind_tcp_uuid_ibp_10.bin,bind,OK,
x86/windows_custom_bind_tcp_uuid_ibp_2.bin,bind,OK,
x86/windows_custom_bind_tcp_uuid_ibp_3.bin,bind,OK,
x86/windows_custom_bind_tcp_uuid_ibp_4.bin,bind,OK,
x86/windows_custom_bind_tcp_uuid_ibp_5.bin,bind,OK,
x86/windows_custom_bind_tcp_uuid_ibp_6.bin,bind,OK,
x86/windows_custom_bind_tcp_uuid_ibp_7.bin,bind,OK,
x86/windows_custom_bind_tcp_uuid_ibp_8.bin,bind,OK,
x86/windows_custom_bind_tcp_uuid_ibp_9.bin,bind,OK,
x86/windows_custom_bind_tcp_uuid_nop_1.bin,bind,OK,
x86/windows_custom_bind_tcp_uuid_nop_10.bin,bind,OK,
x86/windows_custom_bind_tcp_uuid_nop_2.bin,bind,OK,
x86/windows_custom_bind_tcp_uuid_nop_3.bin,bind,OK,
x86/windows_custom_bind_tcp_uuid_nop_4.bin,bind,OK,
x86/windows_custom_bind_tcp_uuid_nop_5.bin,bind,FAIL,
x86/windows_custom_bind_tcp_uuid_nop_6.bin,bind,OK,
x86/windows_custom_bind_tcp_uuid_nop_7.bin,bind,OK,
x86/windows_custom_bind_tcp_uuid_nop_8.bin,bind,OK,
x86/windows_custom_bind_tcp_uuid_nop_9.bin,bind,OK,
x86/windows_custom_bind_tcp_uuid_pii_1.bin,bind,FAIL,
x86/windows_custom_bind_tcp_uuid_pii_10.bin,bind,OK,
x86/windows_custom_bind_tcp_uuid_pii_2.bin,bind,OK,
x86/windows_custom_bind_tcp_uuid_pii_3.bin,bind,FAIL,
x86/windows_custom_bind_tcp_uuid_pii_4.bin,bind,OK,
x86/windows_custom_bind_tcp_uuid_pii_5.bin,bind,OK,
x86/windows_custom_bind_tcp_uuid_pii_6.bin,bind,OK,
x86/windows_custom_bind_tcp_uuid_pii_7.bin,bind,FAIL,
x86/windows_custom_bind_tcp_uuid_pii_8.bin,bind,OK,
x86/windows_custom_bind_tcp_uuid_pii_9.bin,bind,OK,
x86/windows_custom_reverse_http_bcf_1.bin,reverse,FAIL,
x86/windows_custom_reverse_http_bcf_10.bin,reverse,FAIL,
x86/windows_custom_reverse_http_bcf_2.bin,reverse,FAIL,
x86/windows_custom_reverse_http_bcf_3.bin,reverse,FAIL,
x86/windows_custom_reverse_http_bcf_4.bin,reverse,FAIL,
x86/windows_custom_reverse_http_bcf_5.bin,reverse,FAIL,
x86/windows_custom_reverse_http_bcf_6.bin,reverse,FAIL,
x86/windows_custom_reverse_http_bcf_7.bin,reverse,FAIL,
x86/windows_custom_reverse_http_bcf_8.bin,reverse,FAIL,
x86/windows_custom_reverse_http_bcf_9.bin,reverse,FAIL,
x86/windows_custom_reverse_http_eq_1.bin,reverse,FAIL,
x86/windows_custom_reverse_http_eq_10.bin,reverse,FAIL,
x86/windows_custom_reverse_http_eq_2.bin,reverse,FAIL,
x86/windows_custom_reverse_http_eq_3.bin,reverse,FAIL,
x86/windows_custom_reverse_http_eq_4.bin,reverse,FAIL,
x86/windows_custom_reverse_http_eq_5.bin,reverse,FAIL,
x86/windows_custom_reverse_http_eq_6.bin,reverse,FAIL,
x86/windows_custom_reverse_http_eq_7.bin,reverse,FAIL,
x86/windows_custom_reverse_http_eq_8.bin,reverse,FAIL,
x86/windows_custom_reverse_http_eq_9.bin,reverse,FAIL,
x86/windows_custom_reverse_http_eq_nop_bcf_1.bin,reverse,FAIL,
x86/windows_custom_reverse_http_eq_nop_bcf_10.bin,reverse,FAIL,
x86/windows_custom_reverse_http_eq_nop_bcf_2.bin,reverse,FAIL,
x86/windows_custom_reverse_http_eq_nop_bcf_3.bin,reverse,FAIL,
x86/windows_custom_reverse_http_eq_nop_bcf_4.bin,reverse,FAIL,
x86/windows_custom_reverse_http_eq_nop_bcf_5.bin,reverse,FAIL,
x86/windows_custom_reverse_http_eq_nop_bcf_6.bin,reverse,FAIL,
x86/windows_custom_reverse_http_eq_nop_bcf_7.bin,reverse,FAIL,
x86/windows_custom_reverse_http_eq_nop_bcf_8.bin,reverse,FAIL,
x86/windows_custom_reverse_http_eq_nop_bcf_9.bin,reverse,FAIL,
x86/windows_custom_reverse_http_eq_nop_ibp_1.bin,reverse,FAIL,
x86/windows_custom_reverse_http_eq_nop_ibp_10.bin,reverse,FAIL,
x86/windows_custom_reverse_http_eq_nop_ibp_2.bin,reverse,FAIL,
x86/windows_custom_reverse_http_eq_nop_ibp_3.bin,reverse,FAIL,
x86/windows_custom_reverse_http_eq_nop_ibp_4.bin,reverse,FAIL,
x86/windows_custom_reverse_http_eq_nop_ibp_5.bin,reverse,FAIL,
x86/windows_custom_reverse_http_eq_nop_ibp_6.bin,reverse,FAIL,
x86/windows_custom_reverse_http_eq_nop_ibp_7.bin,reverse,FAIL,
x86/windows_custom_reverse_http_eq_nop_ibp_8.bin,reverse,FAIL,
x86/windows_custom_reverse_http_eq_nop_ibp_9.bin,reverse,FAIL,
x86/windows_custom_reverse_http_eq_nop_pii_1.bin,reverse,FAIL,
x86/windows_custom_reverse_http_eq_nop_pii_10.bin,reverse,FAIL,
x86/windows_custom_reverse_http_eq_nop_pii_2.bin,reverse,FAIL,
x86/windows_custom_reverse_http_eq_nop_pii_3.bin,reverse,FAIL,
x86/windows_custom_reverse_http_eq_nop_pii_4.bin,reverse,FAIL,
x86/windows_custom_reverse_http_eq_nop_pii_5.bin,reverse,FAIL,
x86/windows_custom_reverse_http_eq_nop_pii_6.bin,reverse,FAIL,
x86/windows_custom_reverse_http_eq_nop_pii_7.bin,reverse,FAIL,
x86/windows_custom_reverse_http_eq_nop_pii_8.bin,reverse,FAIL,
x86/windows_custom_reverse_http_eq_nop_pii_9.bin,reverse,FAIL,
x86/windows_custom_reverse_http_ibp_1.bin,reverse,FAIL,
x86/windows_custom_reverse_http_ibp_10.bin,reverse,FAIL,
x86/windows_custom_reverse_http_ibp_2.bin,reverse,FAIL,
x86/windows_custom_reverse_http_ibp_3.bin,reverse,FAIL,
x86/windows_custom_reverse_http_ibp_4.bin,reverse,FAIL,
x86/windows_custom_reverse_http_ibp_5.bin,reverse,FAIL,
x86/windows_custom_reverse_http_ibp_6.bin,reverse,FAIL,
x86/windows_custom_reverse_http_ibp_7.bin,reverse,FAIL,
x86/windows_custom_reverse_http_ibp_8.bin,reverse,FAIL,
x86/windows_custom_reverse_http_ibp_9.bin,reverse,FAIL,
x86/windows_custom_reverse_http_nop_1.bin,reverse,FAIL,
x86/windows_custom_reverse_http_nop_10.bin,reverse,FAIL,
x86/windows_custom_reverse_http_nop_2.bin,reverse,FAIL,
x86/windows_custom_reverse_http_nop_3.bin,reverse,FAIL,
x86/windows_custom_reverse_http_nop_4.bin,reverse,FAIL,
x86/windows_custom_reverse_http_nop_5.bin,reverse,FAIL,
x86/windows_custom_reverse_http_nop_6.bin,reverse,FAIL,
x86/windows_custom_reverse_http_nop_7.bin,reverse,FAIL,
x86/windows_custom_reverse_http_nop_8.bin,reverse,FAIL,
x86/windows_custom_reverse_http_nop_9.bin,reverse,FAIL,
x86/windows_custom_reverse_http_pii_1.bin,reverse,FAIL,
x86/windows_custom_reverse_http_pii_10.bin,reverse,FAIL,
x86/windows_custom_reverse_http_pii_2.bin,reverse,FAIL,
x86/windows_custom_reverse_http_pii_3.bin,reverse,FAIL,
x86/windows_custom_reverse_http_pii_4.bin,reverse,FAIL,
x86/windows_custom_reverse_http_pii_5.bin,reverse,FAIL,
x86/windows_custom_reverse_http_pii_6.bin,reverse,FAIL,
x86/windows_custom_reverse_http_pii_7.bin,reverse,FAIL,
x86/windows_custom_reverse_http_pii_8.bin,reverse,FAIL,
x86/windows_custom_reverse_http_pii_9.bin,reverse,FAIL,
x86/windows_custom_reverse_https_bcf_1.bin,reverse,OK,
x86/windows_custom_reverse_https_bcf_10.bin,reverse,FAIL,
x86/windows_custom_reverse_https_bcf_2.bin,reverse,FAIL,
x86/windows_custom_reverse_https_bcf_3.bin,reverse,FAIL,
x86/windows_custom_reverse_https_bcf_4.bin,reverse,OK,
x86/windows_custom_reverse_https_bcf_5.bin,reverse,FAIL,
x86/windows_custom_reverse_https_bcf_6.bin,reverse,FAIL,
x86/windows_custom_reverse_https_bcf_7.bin,reverse,FAIL,
x86/windows_custom_reverse_https_bcf_8.bin,reverse,OK,
x86/windows_custom_reverse_https_bcf_9.bin,reverse,OK,
x86/windows_custom_reverse_https_eq_1.bin,reverse,OK,
x86/windows_custom_reverse_https_eq_10.bin,reverse,OK,
x86/windows_custom_reverse_https_eq_2.bin,reverse,OK,
x86/windows_custom_reverse_https_eq_3.bin,reverse,OK,
x86/windows_custom_reverse_https_eq_4.bin,reverse,OK,
x86/windows_custom_reverse_https_eq_5.bin,reverse,OK,
x86/windows_custom_reverse_https_eq_6.bin,reverse,OK,
x86/windows_custom_reverse_https_eq_7.bin,reverse,OK,
x86/windows_custom_reverse_https_eq_8.bin,reverse,OK,
x86/windows_custom_reverse_https_eq_9.bin,reverse,OK,
x86/windows_custom_reverse_https_eq_nop_bcf_1.bin,reverse,FAIL,
x86/windows_custom_reverse_https_eq_nop_bcf_10.bin,reverse,FAIL,
x86/windows_custom_reverse_https_eq_nop_bcf_2.bin,reverse,FAIL,
x86/windows_custom_reverse_https_eq_nop_bcf_3.bin,reverse,FAIL,
x86/windows_custom_reverse_https_eq_nop_bcf_4.bin,reverse,FAIL,
x86/windows_custom_reverse_https_eq_nop_bcf_5.bin,reverse,FAIL,
x86/windows_custom_reverse_https_eq_nop_bcf_6.bin,reverse,FAIL,
x86/windows_custom_reverse_https_eq_nop_bcf_7.bin,reverse,FAIL,
x86/windows_custom_reverse_https_eq_nop_bcf_8.bin,reverse,FAIL,
x86/windows_custom_reverse_https_eq_nop_bcf_9.bin,reverse,FAIL,
x86/windows_custom_reverse_https_eq_nop_ibp_1.bin,reverse,FAIL,
x86/windows_custom_reverse_https_eq_nop_ibp_10.bin,reverse,FAIL,
x86/windows_custom_reverse_https_eq_nop_ibp_2.bin,reverse,FAIL,
x86/windows_custom_reverse_https_eq_nop_ibp_3.bin,reverse,FAIL,
x86/windows_custom_reverse_https_eq_nop_ibp_4.bin,reverse,FAIL,
x86/windows_custom_reverse_https_eq_nop_ibp_5.bin,reverse,FAIL,
x86/windows_custom_reverse_https_eq_nop_ibp_6.bin,reverse,FAIL,
x86/windows_custom_reverse_https_eq_nop_ibp_7.bin,reverse,FAIL,
x86/windows_custom_reverse_https_eq_nop_ibp_8.bin,reverse,FAIL,
x86/windows_custom_reverse_https_eq_nop_ibp_9.bin,reverse,FAIL,
x86/windows_custom_reverse_https_eq_nop_pii_1.bin,reverse,FAIL,
x86/windows_custom_reverse_https_eq_nop_pii_10.bin,reverse,FAIL,
x86/windows_custom_reverse_https_eq_nop_pii_2.bin,reverse,FAIL,
x86/windows_custom_reverse_https_eq_nop_pii_3.bin,reverse,FAIL,
x86/windows_custom_reverse_https_eq_nop_pii_4.bin,reverse,FAIL,
x86/windows_custom_reverse_https_eq_nop_pii_5.bin,reverse,FAIL,
x86/windows_custom_reverse_https_eq_nop_pii_6.bin,reverse,FAIL,
x86/windows_custom_reverse_https_eq_nop_pii_7.bin,reverse,FAIL,
x86/windows_custom_reverse_https_eq_nop_pii_8.bin,reverse,FAIL,
x86/windows_custom_reverse_https_eq_nop_pii_9.bin,reverse,FAIL,
x86/windows_custom_reverse_https_ibp_1.bin,reverse,FAIL,
x86/windows_custom_reverse_https_ibp_10.bin,reverse,FAIL,
x86/windows_custom_reverse_https_ibp_2.bin,reverse,FAIL,
x86/windows_custom_reverse_https_ibp_3.bin,reverse,FAIL,
x86/windows_custom_reverse_https_ibp_4.bin,reverse,FAIL,
x86/windows_custom_reverse_https_ibp_5.bin,reverse,FAIL,
x86/windows_custom_reverse_https_ibp_6.bin,reverse,FAIL,
x86/windows_custom_reverse_https_ibp_7.bin,reverse,FAIL,
x86/windows_custom_reverse_https_ibp_8.bin,reverse,FAIL,
x86/windows_custom_reverse_https_ibp_9.bin,reverse,FAIL,
x86/windows_custom_reverse_https_nop_1.bin,reverse,FAIL,
x86/windows_custom_reverse_https_nop_10.bin,reverse,OK,
x86/windows_custom_reverse_https_nop_2.bin,reverse,OK,
x86/windows_custom_reverse_https_nop_3.bin,reverse,FAIL,
x86/windows_custom_reverse_https_nop_4.bin,reverse,FAIL,
x86/windows_custom_reverse_https_nop_5.bin,reverse,FAIL,
x86/windows_custom_reverse_https_nop_6.bin,reverse,FAIL,
x86/windows_custom_reverse_https_nop_7.bin,reverse,FAIL,
x86/windows_custom_reverse_https_nop_8.bin,reverse,FAIL,
x86/windows_custom_reverse_https_nop_9.bin,reverse,FAIL,
x86/windows_custom_reverse_https_pii_1.bin,reverse,FAIL,
x86/windows_custom_reverse_https_pii_10.bin,reverse,FAIL,
x86/windows_custom_reverse_https_pii_2.bin,reverse,FAIL,
x86/windows_custom_reverse_https_pii_3.bin,reverse,FAIL,
x86/windows_custom_reverse_https_pii_4.bin,reverse,FAIL,
x86/windows_custom_reverse_https_pii_5.bin,reverse,FAIL,
x86/windows_custom_reverse_https_pii_6.bin,reverse,FAIL,
x86/windows_custom_reverse_https_pii_7.bin,reverse,FAIL,
x86/windows_custom_reverse_https_pii_8.bin,reverse,FAIL,
x86/windows_custom_reverse_https_pii_9.bin,reverse,FAIL,
x86/windows_custom_reverse_nonx_tcp_bcf_1.bin,reverse,FAIL,
x86/windows_custom_reverse_nonx_tcp_bcf_10.bin,reverse,FAIL,
x86/windows_custom_reverse_nonx_tcp_bcf_2.bin,reverse,FAIL,
x86/windows_custom_reverse_nonx_tcp_bcf_3.bin,reverse,FAIL,
x86/windows_custom_reverse_nonx_tcp_bcf_4.bin,reverse,FAIL,
x86/windows_custom_reverse_nonx_tcp_bcf_5.bin,reverse,FAIL,
x86/windows_custom_reverse_nonx_tcp_bcf_6.bin,reverse,FAIL,
x86/windows_custom_reverse_nonx_tcp_bcf_7.bin,reverse,FAIL,
x86/windows_custom_reverse_nonx_tcp_bcf_8.bin,reverse,FAIL,
x86/windows_custom_reverse_nonx_tcp_bcf_9.bin,reverse,FAIL,
x86/windows_custom_reverse_nonx_tcp_eq_1.bin,reverse,FAIL,
x86/windows_custom_reverse_nonx_tcp_eq_10.bin,reverse,FAIL,
x86/windows_custom_reverse_nonx_tcp_eq_2.bin,reverse,FAIL,
x86/windows_custom_reverse_nonx_tcp_eq_3.bin,reverse,FAIL,
x86/windows_custom_reverse_nonx_tcp_eq_4.bin,reverse,FAIL,
x86/windows_custom_reverse_nonx_tcp_eq_5.bin,reverse,FAIL,
x86/windows_custom_reverse_nonx_tcp_eq_6.bin,reverse,FAIL,
x86/windows_custom_reverse_nonx_tcp_eq_7.bin,reverse,FAIL,
x86/windows_custom_reverse_nonx_tcp_eq_8.bin,reverse,FAIL,
x86/windows_custom_reverse_nonx_tcp_eq_9.bin,reverse,FAIL,
x86/windows_custom_reverse_nonx_tcp_eq_nop_bcf_1.bin,reverse,FAIL,
x86/windows_custom_reverse_nonx_tcp_eq_nop_bcf_10.bin,reverse,FAIL,
x86/windows_custom_reverse_nonx_tcp_eq_nop_bcf_2.bin,reverse,FAIL,
x86/windows_custom_reverse_nonx_tcp_eq_nop_bcf_3.bin,reverse,FAIL,
x86/windows_custom_reverse_nonx_tcp_eq_nop_bcf_4.bin,reverse,FAIL,
x86/windows_custom_reverse_nonx_tcp_eq_nop_bcf_5.bin,reverse,FAIL,
x86/windows_custom_reverse_nonx_tcp_eq_nop_bcf_6.bin,reverse,FAIL,
x86/windows_custom_reverse_nonx_tcp_eq_nop_bcf_7.bin,reverse,FAIL,
x86/windows_custom_reverse_nonx_tcp_eq_nop_bcf_8.bin,reverse,FAIL,
x86/windows_custom_reverse_nonx_tcp_eq_nop_bcf_9.bin,reverse,FAIL,
x86/windows_custom_reverse_nonx_tcp_eq_nop_ibp_1.bin,reverse,FAIL,
x86/windows_custom_reverse_nonx_tcp_eq_nop_ibp_10.bin,reverse,FAIL,
x86/windows_custom_reverse_nonx_tcp_eq_nop_ibp_2.bin,reverse,FAIL,
x86/windows_custom_reverse_nonx_tcp_eq_nop_ibp_3.bin,reverse,FAIL,
x86/windows_custom_reverse_nonx_tcp_eq_nop_ibp_4.bin,reverse,FAIL,
x86/windows_custom_reverse_nonx_tcp_eq_nop_ibp_5.bin,reverse,FAIL,
x86/windows_custom_reverse_nonx_tcp_eq_nop_ibp_6.bin,reverse,FAIL,
x86/windows_custom_reverse_nonx_tcp_eq_nop_ibp_7.bin,reverse,FAIL,
x86/windows_custom_reverse_nonx_tcp_eq_nop_ibp_8.bin,reverse,FAIL,
x86/windows_custom_reverse_nonx_tcp_eq_nop_ibp_9.bin,reverse,FAIL,
x86/windows_custom_reverse_nonx_tcp_eq_nop_pii_1.bin,reverse,FAIL,
x86/windows_custom_reverse_nonx_tcp_eq_nop_pii_10.bin,reverse,FAIL,
x86/windows_custom_reverse_nonx_tcp_eq_nop_pii_2.bin,reverse,FAIL,
x86/windows_custom_reverse_nonx_tcp_eq_nop_pii_3.bin,reverse,FAIL,
x86/windows_custom_reverse_nonx_tcp_eq_nop_pii_4.bin,reverse,FAIL,
x86/windows_custom_reverse_nonx_tcp_eq_nop_pii_5.bin,reverse,FAIL,
x86/windows_custom_reverse_nonx_tcp_eq_nop_pii_6.bin,reverse,FAIL,
x86/windows_custom_reverse_nonx_tcp_eq_nop_pii_7.bin,reverse,FAIL,
x86/windows_custom_reverse_nonx_tcp_eq_nop_pii_8.bin,reverse,FAIL,
x86/windows_custom_reverse_nonx_tcp_eq_nop_pii_9.bin,reverse,FAIL,
x86/windows_custom_reverse_nonx_tcp_ibp_1.bin,reverse,FAIL,
x86/windows_custom_reverse_nonx_tcp_ibp_10.bin,reverse,FAIL,
x86/windows_custom_reverse_nonx_tcp_ibp_2.bin,reverse,FAIL,
x86/windows_custom_reverse_nonx_tcp_ibp_3.bin,reverse,FAIL,
x86/windows_custom_reverse_nonx_tcp_ibp_4.bin,reverse,FAIL,
x86/windows_custom_reverse_nonx_tcp_ibp_5.bin,reverse,FAIL,
x86/windows_custom_reverse_nonx_tcp_ibp_6.bin,reverse,FAIL,
x86/windows_custom_reverse_nonx_tcp_ibp_7.bin,reverse,FAIL,
x86/windows_custom_reverse_nonx_tcp_ibp_8.bin,reverse,FAIL,
x86/windows_custom_reverse_nonx_tcp_ibp_9.bin,reverse,FAIL,
x86/windows_custom_reverse_nonx_tcp_nop_1.bin,reverse,FAIL,
x86/windows_custom_reverse_nonx_tcp_nop_10.bin,reverse,FAIL,
x86/windows_custom_reverse_nonx_tcp_nop_2.bin,reverse,FAIL,
x86/windows_custom_reverse_nonx_tcp_nop_3.bin,reverse,FAIL,
x86/windows_custom_reverse_nonx_tcp_nop_4.bin,reverse,FAIL,
x86/windows_custom_reverse_nonx_tcp_nop_5.bin,reverse,FAIL,
x86/windows_custom_reverse_nonx_tcp_nop_6.bin,reverse,FAIL,
x86/windows_custom_reverse_nonx_tcp_nop_7.bin,reverse,FAIL,
x86/windows_custom_reverse_nonx_tcp_nop_8.bin,reverse,FAIL,
x86/windows_custom_reverse_nonx_tcp_nop_9.bin,reverse,FAIL,
x86/windows_custom_reverse_nonx_tcp_pii_1.bin,reverse,FAIL,
x86/windows_custom_reverse_nonx_tcp_pii_10.bin,reverse,FAIL,
x86/windows_custom_reverse_nonx_tcp_pii_2.bin,reverse,FAIL,
x86/windows_custom_reverse_nonx_tcp_pii_3.bin,reverse,FAIL,
x86/windows_custom_reverse_nonx_tcp_pii_4.bin,reverse,FAIL,
x86/windows_custom_reverse_nonx_tcp_pii_5.bin,reverse,FAIL,
x86/windows_custom_reverse_nonx_tcp_pii_6.bin,reverse,FAIL,
x86/windows_custom_reverse_nonx_tcp_pii_7.bin,reverse,FAIL,
x86/windows_custom_reverse_nonx_tcp_pii_8.bin,reverse,FAIL,
x86/windows_custom_reverse_nonx_tcp_pii_9.bin,reverse,FAIL,
x86/windows_custom_reverse_tcp_allports_bcf_1.bin,reverse,FAIL,
x86/windows_custom_reverse_tcp_allports_bcf_10.bin,reverse,FAIL,
x86/windows_custom_reverse_tcp_allports_bcf_2.bin,reverse,FAIL,
x86/windows_custom_reverse_tcp_allports_bcf_3.bin,reverse,FAIL,
x86/windows_custom_reverse_tcp_allports_bcf_4.bin,reverse,FAIL,
x86/windows_custom_reverse_tcp_allports_bcf_5.bin,reverse,FAIL,
x86/windows_custom_reverse_tcp_allports_bcf_6.bin,reverse,FAIL,
x86/windows_custom_reverse_tcp_allports_bcf_7.bin,reverse,FAIL,
x86/windows_custom_reverse_tcp_allports_bcf_8.bin,reverse,FAIL,
x86/windows_custom_reverse_tcp_allports_bcf_9.bin,reverse,FAIL,
x86/windows_custom_reverse_tcp_allports_eq_1.bin,reverse,OK,
x86/windows_custom_reverse_tcp_allports_eq_10.bin,reverse,OK,
x86/windows_custom_reverse_tcp_allports_eq_2.bin,reverse,OK,
x86/windows_custom_reverse_tcp_allports_eq_3.bin,reverse,OK,
x86/windows_custom_reverse_tcp_allports_eq_4.bin,reverse,OK,
x86/windows_custom_reverse_tcp_allports_eq_5.bin,reverse,OK,
x86/windows_custom_reverse_tcp_allports_eq_6.bin,reverse,OK,
x86/windows_custom_reverse_tcp_allports_eq_7.bin,reverse,OK,
x86/windows_custom_reverse_tcp_allports_eq_8.bin,reverse,OK,
x86/windows_custom_reverse_tcp_allports_eq_9.bin,reverse,OK,
x86/windows_custom_reverse_tcp_allports_eq_nop_bcf_1.bin,reverse,FAIL,
x86/windows_custom_reverse_tcp_allports_eq_nop_bcf_10.bin,reverse,FAIL,
x86/windows_custom_reverse_tcp_allports_eq_nop_bcf_2.bin,reverse,FAIL,
x86/windows_custom_reverse_tcp_allports_eq_nop_bcf_3.bin,reverse,FAIL,
x86/windows_custom_reverse_tcp_allports_eq_nop_bcf_4.bin,reverse,FAIL,
x86/windows_custom_reverse_tcp_allports_eq_nop_bcf_5.bin,reverse,FAIL,
x86/windows_custom_reverse_tcp_allports_eq_nop_bcf_6.bin,reverse,FAIL,
x86/windows_custom_reverse_tcp_allports_eq_nop_bcf_7.bin,reverse,FAIL,
x86/windows_custom_reverse_tcp_allports_eq_nop_bcf_8.bin,reverse,FAIL,
x86/windows_custom_reverse_tcp_allports_eq_nop_bcf_9.bin,reverse,FAIL,
x86/windows_custom_reverse_tcp_allports_eq_nop_ibp_1.bin,reverse,FAIL,
x86/windows_custom_reverse_tcp_allports_eq_nop_ibp_10.bin,reverse,FAIL,
x86/windows_custom_reverse_tcp_allports_eq_nop_ibp_2.bin,reverse,FAIL,
x86/windows_custom_reverse_tcp_allports_eq_nop_ibp_3.bin,reverse,FAIL,
x86/windows_custom_reverse_tcp_allports_eq_nop_ibp_4.bin,reverse,FAIL,
x86/windows_custom_reverse_tcp_allports_eq_nop_ibp_5.bin,reverse,OK,
x86/windows_custom_reverse_tcp_allports_eq_nop_ibp_6.bin,reverse,FAIL,
x86/windows_custom_reverse_tcp_allports_eq_nop_ibp_7.bin,reverse,FAIL,
x86/windows_custom_reverse_tcp_allports_eq_nop_ibp_8.bin,reverse,FAIL,
x86/windows_custom_reverse_tcp_allports_eq_nop_ibp_9.bin,reverse,FAIL,
x86/windows_custom_reverse_tcp_allports_eq_nop_pii_1.bin,reverse,FAIL,
x86/windows_custom_reverse_tcp_allports_eq_nop_pii_10.bin,reverse,FAIL,
x86/windows_custom_reverse_tcp_allports_eq_nop_pii_5.bin,reverse,FAIL,
x86/windows_custom_reverse_tcp_allports_eq_nop_pii_8.bin,reverse,FAIL,
x86/windows_custom_reverse_tcp_allports_eq_nop_pii_9.bin,reverse,FAIL,
x86/windows_custom_reverse_tcp_allports_ibp_1.bin,reverse,OK,
x86/windows_custom_reverse_tcp_allports_ibp_10.bin,reverse,FAIL,
x86/windows_custom_reverse_tcp_allports_ibp_2.bin,reverse,FAIL,
x86/windows_custom_reverse_tcp_allports_ibp_3.bin,reverse,FAIL,
x86/windows_custom_reverse_tcp_allports_ibp_4.bin,reverse,OK,
x86/windows_custom_reverse_tcp_allports_ibp_5.bin,reverse,FAIL,
x86/windows_custom_reverse_tcp_allports_ibp_6.bin,reverse,FAIL,
x86/windows_custom_reverse_tcp_allports_ibp_7.bin,reverse,FAIL,
x86/windows_custom_reverse_tcp_allports_ibp_8.bin,reverse,FAIL,
x86/windows_custom_reverse_tcp_allports_ibp_9.bin,reverse,FAIL,
x86/windows_custom_reverse_tcp_allports_nop_1.bin,reverse,FAIL,
x86/windows_custom_reverse_tcp_allports_nop_10.bin,reverse,FAIL,
x86/windows_custom_reverse_tcp_allports_nop_2.bin,reverse,FAIL,
x86/windows_custom_reverse_tcp_allports_nop_3.bin,reverse,OK,
x86/windows_custom_reverse_tcp_allports_nop_4.bin,reverse,OK,
x86/windows_custom_reverse_tcp_allports_nop_5.bin,reverse,OK,
x86/windows_custom_reverse_tcp_allports_nop_6.bin,reverse,FAIL,
x86/windows_custom_reverse_tcp_allports_nop_7.bin,reverse,OK,
x86/windows_custom_reverse_tcp_allports_nop_8.bin,reverse,OK,
x86/windows_custom_reverse_tcp_allports_nop_9.bin,reverse,FAIL,
x86/windows_custom_reverse_tcp_bcf_1.bin,reverse,OK,
x86/windows_custom_reverse_tcp_bcf_10.bin,reverse,OK,
x86/windows_custom_reverse_tcp_bcf_2.bin,reverse,OK,
x86/windows_custom_reverse_tcp_bcf_3.bin,reverse,OK,
x86/windows_custom_reverse_tcp_bcf_4.bin,reverse,OK,
x86/windows_custom_reverse_tcp_bcf_5.bin,reverse,OK,
x86/windows_custom_reverse_tcp_bcf_6.bin,reverse,OK,
x86/windows_custom_reverse_tcp_bcf_7.bin,reverse,OK,
x86/windows_custom_reverse_tcp_bcf_8.bin,reverse,OK,
x86/windows_custom_reverse_tcp_bcf_9.bin,reverse,OK,
x86/windows_custom_reverse_tcp_dns_bcf_1.bin,reverse,OK,
x86/windows_custom_reverse_tcp_dns_bcf_10.bin,reverse,FAIL,
x86/windows_custom_reverse_tcp_dns_bcf_2.bin,reverse,FAIL,
x86/windows_custom_reverse_tcp_dns_bcf_3.bin,reverse,FAIL,
x86/windows_custom_reverse_tcp_dns_bcf_4.bin,reverse,FAIL,
x86/windows_custom_reverse_tcp_dns_bcf_5.bin,reverse,FAIL,
x86/windows_custom_reverse_tcp_dns_bcf_6.bin,reverse,FAIL,
x86/windows_custom_reverse_tcp_dns_bcf_7.bin,reverse,FAIL,
x86/windows_custom_reverse_tcp_dns_bcf_8.bin,reverse,FAIL,
x86/windows_custom_reverse_tcp_dns_bcf_9.bin,reverse,FAIL,
x86/windows_custom_reverse_tcp_dns_eq_1.bin,reverse,OK,
x86/windows_custom_reverse_tcp_dns_eq_10.bin,reverse,OK,
x86/windows_custom_reverse_tcp_dns_eq_2.bin,reverse,OK,
x86/windows_custom_reverse_tcp_dns_eq_3.bin,reverse,OK,
x86/windows_custom_reverse_tcp_dns_eq_4.bin,reverse,OK,
x86/windows_custom_reverse_tcp_dns_eq_5.bin,reverse,OK,
x86/windows_custom_reverse_tcp_dns_eq_6.bin,reverse,OK,
x86/windows_custom_reverse_tcp_dns_eq_7.bin,reverse,OK,
x86/windows_custom_reverse_tcp_dns_eq_8.bin,reverse,OK,
x86/windows_custom_reverse_tcp_dns_eq_9.bin,reverse,OK,
x86/windows_custom_reverse_tcp_dns_eq_nop_bcf_1.bin,reverse,FAIL,
x86/windows_custom_reverse_tcp_dns_eq_nop_bcf_10.bin,reverse,FAIL,
x86/windows_custom_reverse_tcp_dns_eq_nop_bcf_2.bin,reverse,FAIL,
x86/windows_custom_reverse_tcp_dns_eq_nop_bcf_3.bin,reverse,FAIL,
x86/windows_custom_reverse_tcp_dns_eq_nop_bcf_4.bin,reverse,FAIL,
x86/windows_custom_reverse_tcp_dns_eq_nop_bcf_5.bin,reverse,FAIL,
x86/windows_custom_reverse_tcp_dns_eq_nop_bcf_6.bin,reverse,FAIL,
x86/windows_custom_reverse_tcp_dns_eq_nop_bcf_7.bin,reverse,FAIL,
x86/windows_custom_reverse_tcp_dns_eq_nop_bcf_8.bin,reverse,OK,
x86/windows_custom_reverse_tcp_dns_eq_nop_bcf_9.bin,reverse,FAIL,
x86/windows_custom_reverse_tcp_dns_eq_nop_ibp_1.bin,reverse,FAIL,
x86/windows_custom_reverse_tcp_dns_eq_nop_ibp_10.bin,reverse,FAIL,
x86/windows_custom_reverse_tcp_dns_eq_nop_ibp_2.bin,reverse,FAIL,
x86/windows_custom_reverse_tcp_dns_eq_nop_ibp_3.bin,reverse,FAIL,
x86/windows_custom_reverse_tcp_dns_eq_nop_ibp_4.bin,reverse,OK,
x86/windows_custom_reverse_tcp_dns_eq_nop_ibp_5.bin,reverse,FAIL,
x86/windows_custom_reverse_tcp_dns_eq_nop_ibp_6.bin,reverse,FAIL,
x86/windows_custom_reverse_tcp_dns_eq_nop_ibp_7.bin,reverse,FAIL,
x86/windows_custom_reverse_tcp_dns_eq_nop_ibp_8.bin,reverse,FAIL,
x86/windows_custom_reverse_tcp_dns_eq_nop_ibp_9.bin,reverse,FAIL,
x86/windows_custom_reverse_tcp_dns_eq_nop_pii_1.bin,reverse,FAIL,
x86/windows_custom_reverse_tcp_dns_eq_nop_pii_10.bin,reverse,FAIL,
x86/windows_custom_reverse_tcp_dns_eq_nop_pii_2.bin,reverse,FAIL,
x86/windows_custom_reverse_tcp_dns_eq_nop_pii_3.bin,reverse,FAIL,
x86/windows_custom_reverse_tcp_dns_eq_nop_pii_4.bin,reverse,FAIL,
x86/windows_custom_reverse_tcp_dns_eq_nop_pii_5.bin,reverse,FAIL,
x86/windows_custom_reverse_tcp_dns_eq_nop_pii_6.bin,reverse,FAIL,
x86/windows_custom_reverse_tcp_dns_eq_nop_pii_7.bin,reverse,FAIL,
x86/windows_custom_reverse_tcp_dns_eq_nop_pii_8.bin,reverse,FAIL,
x86/windows_custom_reverse_tcp_dns_eq_nop_pii_9.bin,reverse,FAIL,
x86/windows_custom_reverse_tcp_dns_ibp_1.bin,reverse,OK,
x86/windows_custom_reverse_tcp_dns_ibp_10.bin,reverse,FAIL,
x86/windows_custom_reverse_tcp_dns_ibp_2.bin,reverse,FAIL,
x86/windows_custom_reverse_tcp_dns_ibp_3.bin,reverse,OK,
x86/windows_custom_reverse_tcp_dns_ibp_4.bin,reverse,FAIL,
x86/windows_custom_reverse_tcp_dns_ibp_5.bin,reverse,FAIL,
x86/windows_custom_reverse_tcp_dns_ibp_6.bin,reverse,FAIL,
x86/windows_custom_reverse_tcp_dns_ibp_7.bin,reverse,OK,
x86/windows_custom_reverse_tcp_dns_ibp_8.bin,reverse,FAIL,
x86/windows_custom_reverse_tcp_dns_ibp_9.bin,reverse,FAIL,
x86/windows_custom_reverse_tcp_dns_nop_1.bin,reverse,FAIL,
x86/windows_custom_reverse_tcp_dns_nop_10.bin,reverse,FAIL,
x86/windows_custom_reverse_tcp_dns_nop_2.bin,reverse,FAIL,
x86/windows_custom_reverse_tcp_dns_nop_3.bin,reverse,OK,
x86/windows_custom_reverse_tcp_dns_nop_4.bin,reverse,FAIL,
x86/windows_custom_reverse_tcp_dns_nop_5.bin,reverse,FAIL,
x86/windows_custom_reverse_tcp_dns_nop_6.bin,reverse,FAIL,
x86/windows_custom_reverse_tcp_dns_nop_7.bin,reverse,FAIL,
x86/windows_custom_reverse_tcp_dns_nop_8.bin,reverse,FAIL,
x86/windows_custom_reverse_tcp_dns_nop_9.bin,reverse,FAIL,
x86/windows_custom_reverse_tcp_dns_pii_1.bin,reverse,FAIL,
x86/windows_custom_reverse_tcp_dns_pii_10.bin,reverse,FAIL,
x86/windows_custom_reverse_tcp_dns_pii_2.bin,reverse,FAIL,
x86/windows_custom_reverse_tcp_dns_pii_3.bin,reverse,FAIL,
x86/windows_custom_reverse_tcp_dns_pii_4.bin,reverse,FAIL,
x86/windows_custom_reverse_tcp_dns_pii_5.bin,reverse,FAIL,
x86/windows_custom_reverse_tcp_dns_pii_6.bin,reverse,FAIL,
x86/windows_custom_reverse_tcp_dns_pii_7.bin,reverse,FAIL,
x86/windows_custom_reverse_tcp_dns_pii_8.bin,reverse,FAIL,
x86/windows_custom_reverse_tcp_dns_pii_9.bin,reverse,FAIL,
x86/windows_custom_reverse_tcp_eq_1.bin,reverse,OK,
x86/windows_custom_reverse_tcp_eq_10.bin,reverse,OK,
x86/windows_custom_reverse_tcp_eq_2.bin,reverse,OK,
x86/windows_custom_reverse_tcp_eq_3.bin,reverse,OK,
x86/windows_custom_reverse_tcp_eq_4.bin,reverse,OK,
x86/windows_custom_reverse_tcp_eq_5.bin,reverse,OK,
x86/windows_custom_reverse_tcp_eq_6.bin,reverse,OK,
x86/windows_custom_reverse_tcp_eq_7.bin,reverse,OK,
x86/windows_custom_reverse_tcp_eq_8.bin,reverse,OK,
x86/windows_custom_reverse_tcp_eq_9.bin,reverse,OK,
x86/windows_custom_reverse_tcp_eq_nop_bcf_1.bin,reverse,OK,
x86/windows_custom_reverse_tcp_eq_nop_bcf_10.bin,reverse,OK,
x86/windows_custom_reverse_tcp_eq_nop_bcf_2.bin,reverse,OK,
x86/windows_custom_reverse_tcp_eq_nop_bcf_3.bin,reverse,OK,
x86/windows_custom_reverse_tcp_eq_nop_bcf_4.bin,reverse,OK,
x86/windows_custom_reverse_tcp_eq_nop_bcf_5.bin,reverse,FAIL,
x86/windows_custom_reverse_tcp_eq_nop_bcf_6.bin,reverse,OK,
x86/windows_custom_reverse_tcp_eq_nop_bcf_7.bin,reverse,OK,
x86/windows_custom_reverse_tcp_eq_nop_bcf_8.bin,reverse,OK,
x86/windows_custom_reverse_tcp_eq_nop_bcf_9.bin,reverse,OK,
x86/windows_custom_reverse_tcp_eq_nop_ibp_1.bin,reverse,OK,
x86/windows_custom_reverse_tcp_eq_nop_ibp_10.bin,reverse,OK,
x86/windows_custom_reverse_tcp_eq_nop_ibp_2.bin,reverse,FAIL,
x86/windows_custom_reverse_tcp_eq_nop_ibp_3.bin,reverse,OK,
x86/windows_custom_reverse_tcp_eq_nop_ibp_4.bin,reverse,OK,
x86/windows_custom_reverse_tcp_eq_nop_ibp_5.bin,reverse,OK,
x86/windows_custom_reverse_tcp_eq_nop_ibp_6.bin,reverse,OK,
x86/windows_custom_reverse_tcp_eq_nop_ibp_7.bin,reverse,OK,
x86/windows_custom_reverse_tcp_eq_nop_ibp_8.bin,reverse,OK,
x86/windows_custom_reverse_tcp_eq_nop_ibp_9.bin,reverse,OK,
x86/windows_custom_reverse_tcp_eq_nop_pii_1.bin,reverse,FAIL,
x86/windows_custom_reverse_tcp_eq_nop_pii_10.bin,reverse,OK,
x86/windows_custom_reverse_tcp_eq_nop_pii_2.bin,reverse,OK,
x86/windows_custom_reverse_tcp_eq_nop_pii_3.bin,reverse,FAIL,
x86/windows_custom_reverse_tcp_eq_nop_pii_4.bin,reverse,FAIL,
x86/windows_custom_reverse_tcp_eq_nop_pii_5.bin,reverse,OK,
x86/windows_custom_reverse_tcp_eq_nop_pii_6.bin,reverse,OK,
x86/windows_custom_reverse_tcp_eq_nop_pii_7.bin,reverse,OK,
x86/windows_custom_reverse_tcp_eq_nop_pii_8.bin,reverse,OK,
x86/windows_custom_reverse_tcp_eq_nop_pii_9.bin,reverse,OK,
x86/windows_custom_reverse_tcp_ibp_1.bin,reverse,OK,
x86/windows_custom_reverse_tcp_ibp_10.bin,reverse,OK,
x86/windows_custom_reverse_tcp_ibp_2.bin,reverse,OK,
x86/windows_custom_reverse_tcp_ibp_3.bin,reverse,OK,
x86/windows_custom_reverse_tcp_ibp_4.bin,reverse,OK,
x86/windows_custom_reverse_tcp_ibp_5.bin,reverse,OK,
x86/windows_custom_reverse_tcp_ibp_6.bin,reverse,OK,
x86/windows_custom_reverse_tcp_ibp_7.bin,reverse,OK,
x86/windows_custom_reverse_tcp_ibp_8.bin,reverse,OK,
x86/windows_custom_reverse_tcp_ibp_9.bin,reverse,OK,
x86/windows_custom_reverse_tcp_nop_1.bin,reverse,OK,
x86/windows_custom_reverse_tcp_nop_10.bin,reverse,OK,
x86/windows_custom_reverse_tcp_nop_2.bin,reverse,OK,
x86/windows_custom_reverse_tcp_nop_3.bin,reverse,OK,
x86/windows_custom_reverse_tcp_nop_4.bin,reverse,FAIL,
x86/windows_custom_reverse_tcp_nop_5.bin,reverse,OK,
x86/windows_custom_reverse_tcp_nop_6.bin,reverse,OK,
x86/windows_custom_reverse_tcp_nop_7.bin,reverse,OK,
x86/windows_custom_reverse_tcp_nop_8.bin,reverse,OK,
x86/windows_custom_reverse_tcp_nop_9.bin,reverse,OK,
x86/windows_custom_reverse_tcp_pii_1.bin,reverse,OK,
x86/windows_custom_reverse_tcp_pii_10.bin,reverse,OK,
x86/windows_custom_reverse_tcp_pii_2.bin,reverse,FAIL,
x86/windows_custom_reverse_tcp_pii_3.bin,reverse,OK,
x86/windows_custom_reverse_tcp_pii_4.bin,reverse,OK,
x86/windows_custom_reverse_tcp_pii_5.bin,reverse,OK,
x86/windows_custom_reverse_tcp_pii_6.bin,reverse,OK,
x86/windows_custom_reverse_tcp_pii_7.bin,reverse,OK,
x86/windows_custom_reverse_tcp_pii_8.bin,reverse,OK,
x86/windows_custom_reverse_tcp_pii_9.bin,reverse,OK,
x86/windows_custom_reverse_tcp_rc4_bcf_1.bin,reverse,OK,
x86/windows_custom_reverse_tcp_rc4_bcf_10.bin,reverse,OK,
x86/windows_custom_reverse_tcp_rc4_bcf_2.bin,reverse,OK,
x86/windows_custom_reverse_tcp_rc4_bcf_3.bin,reverse,OK,
x86/windows_custom_reverse_tcp_rc4_bcf_4.bin,reverse,OK,
x86/windows_custom_reverse_tcp_rc4_bcf_5.bin,reverse,OK,
x86/windows_custom_reverse_tcp_rc4_bcf_6.bin,reverse,OK,
x86/windows_custom_reverse_tcp_rc4_bcf_7.bin,reverse,OK,
x86/windows_custom_reverse_tcp_rc4_bcf_8.bin,reverse,OK,
x86/windows_custom_reverse_tcp_rc4_bcf_9.bin,reverse,OK,
x86/windows_custom_reverse_tcp_rc4_dns_bcf_1.bin,reverse,FAIL,
x86/windows_custom_reverse_tcp_rc4_dns_bcf_10.bin,reverse,FAIL,
x86/windows_custom_reverse_tcp_rc4_dns_bcf_2.bin,reverse,OK,
x86/windows_custom_reverse_tcp_rc4_dns_bcf_3.bin,reverse,FAIL,
x86/windows_custom_reverse_tcp_rc4_dns_bcf_4.bin,reverse,FAIL,
x86/windows_custom_reverse_tcp_rc4_dns_bcf_5.bin,reverse,FAIL,
x86/windows_custom_reverse_tcp_rc4_dns_bcf_6.bin,reverse,FAIL,
x86/windows_custom_reverse_tcp_rc4_dns_bcf_7.bin,reverse,OK,
x86/windows_custom_reverse_tcp_rc4_dns_bcf_8.bin,reverse,OK,
x86/windows_custom_reverse_tcp_rc4_dns_bcf_9.bin,reverse,OK,
x86/windows_custom_reverse_tcp_rc4_dns_eq_1.bin,reverse,OK,
x86/windows_custom_reverse_tcp_rc4_dns_eq_10.bin,reverse,OK,
x86/windows_custom_reverse_tcp_rc4_dns_eq_2.bin,reverse,OK,
x86/windows_custom_reverse_tcp_rc4_dns_eq_3.bin,reverse,OK,
x86/windows_custom_reverse_tcp_rc4_dns_eq_4.bin,reverse,OK,
x86/windows_custom_reverse_tcp_rc4_dns_eq_5.bin,reverse,OK,
x86/windows_custom_reverse_tcp_rc4_dns_eq_6.bin,reverse,OK,
x86/windows_custom_reverse_tcp_rc4_dns_eq_7.bin,reverse,OK,
x86/windows_custom_reverse_tcp_rc4_dns_eq_8.bin,reverse,OK,
x86/windows_custom_reverse_tcp_rc4_dns_eq_9.bin,reverse,OK,
x86/windows_custom_reverse_tcp_rc4_dns_eq_nop_bcf_1.bin,reverse,FAIL,
x86/windows_custom_reverse_tcp_rc4_dns_eq_nop_bcf_10.bin,reverse,OK,
x86/windows_custom_reverse_tcp_rc4_dns_eq_nop_bcf_2.bin,reverse,FAIL,
x86/windows_custom_reverse_tcp_rc4_dns_eq_nop_bcf_3.bin,reverse,FAIL,
x86/windows_custom_reverse_tcp_rc4_dns_eq_nop_bcf_4.bin,reverse,FAIL,
x86/windows_custom_reverse_tcp_rc4_dns_eq_nop_bcf_5.bin,reverse,FAIL,
x86/windows_custom_reverse_tcp_rc4_dns_eq_nop_bcf_6.bin,reverse,FAIL,
x86/windows_custom_reverse_tcp_rc4_dns_eq_nop_bcf_7.bin,reverse,FAIL,
x86/windows_custom_reverse_tcp_rc4_dns_eq_nop_bcf_8.bin,reverse,FAIL,
x86/windows_custom_reverse_tcp_rc4_dns_eq_nop_bcf_9.bin,reverse,FAIL,
x86/windows_custom_reverse_tcp_rc4_dns_eq_nop_ibp_1.bin,reverse,FAIL,
x86/windows_custom_reverse_tcp_rc4_dns_eq_nop_ibp_10.bin,reverse,FAIL,
x86/windows_custom_reverse_tcp_rc4_dns_eq_nop_ibp_2.bin,reverse,FAIL,
x86/windows_custom_reverse_tcp_rc4_dns_eq_nop_ibp_3.bin,reverse,FAIL,
x86/windows_custom_reverse_tcp_rc4_dns_eq_nop_ibp_4.bin,reverse,FAIL,
x86/windows_custom_reverse_tcp_rc4_dns_eq_nop_ibp_5.bin,reverse,FAIL,
x86/windows_custom_reverse_tcp_rc4_dns_eq_nop_ibp_6.bin,reverse,FAIL,
x86/windows_custom_reverse_tcp_rc4_dns_eq_nop_ibp_7.bin,reverse,FAIL,
x86/windows_custom_reverse_tcp_rc4_dns_eq_nop_ibp_8.bin,reverse,FAIL,
x86/windows_custom_reverse_tcp_rc4_dns_eq_nop_ibp_9.bin,reverse,FAIL,
x86/windows_custom_reverse_tcp_rc4_dns_eq_nop_pii_1.bin,reverse,FAIL,
x86/windows_custom_reverse_tcp_rc4_dns_eq_nop_pii_10.bin,reverse,FAIL,
x86/windows_custom_reverse_tcp_rc4_dns_eq_nop_pii_2.bin,reverse,FAIL,
x86/windows_custom_reverse_tcp_rc4_dns_eq_nop_pii_3.bin,reverse,FAIL,
x86/windows_custom_reverse_tcp_rc4_dns_eq_nop_pii_4.bin,reverse,FAIL,
x86/windows_custom_reverse_tcp_rc4_dns_eq_nop_pii_5.bin,reverse,FAIL,
x86/windows_custom_reverse_tcp_rc4_dns_eq_nop_pii_6.bin,reverse,FAIL,
x86/windows_custom_reverse_tcp_rc4_dns_eq_nop_pii_7.bin,reverse,FAIL,
x86/windows_custom_reverse_tcp_rc4_dns_eq_nop_pii_8.bin,reverse,FAIL,
x86/windows_custom_reverse_tcp_rc4_dns_eq_nop_pii_9.bin,reverse,FAIL,
x86/windows_custom_reverse_tcp_rc4_dns_ibp_1.bin,reverse,OK,
x86/windows_custom_reverse_tcp_rc4_dns_ibp_10.bin,reverse,FAIL,
x86/windows_custom_reverse_tcp_rc4_dns_ibp_2.bin,reverse,FAIL,
x86/windows_custom_reverse_tcp_rc4_dns_ibp_3.bin,reverse,FAIL,
x86/windows_custom_reverse_tcp_rc4_dns_ibp_4.bin,reverse,FAIL,
x86/windows_custom_reverse_tcp_rc4_dns_ibp_5.bin,reverse,FAIL,
x86/windows_custom_reverse_tcp_rc4_dns_ibp_6.bin,reverse,FAIL,
x86/windows_custom_reverse_tcp_rc4_dns_ibp_7.bin,reverse,OK,
x86/windows_custom_reverse_tcp_rc4_dns_ibp_8.bin,reverse,OK,
x86/windows_custom_reverse_tcp_rc4_dns_ibp_9.bin,reverse,FAIL,
x86/windows_custom_reverse_tcp_rc4_dns_nop_1.bin,reverse,FAIL,
x86/windows_custom_reverse_tcp_rc4_dns_nop_10.bin,reverse,OK,
x86/windows_custom_reverse_tcp_rc4_dns_nop_2.bin,reverse,OK,
x86/windows_custom_reverse_tcp_rc4_dns_nop_3.bin,reverse,FAIL,
x86/windows_custom_reverse_tcp_rc4_dns_nop_4.bin,reverse,FAIL,
x86/windows_custom_reverse_tcp_rc4_dns_nop_5.bin,reverse,OK,
x86/windows_custom_reverse_tcp_rc4_dns_nop_6.bin,reverse,OK,
x86/windows_custom_reverse_tcp_rc4_dns_nop_7.bin,reverse,OK,
x86/windows_custom_reverse_tcp_rc4_dns_nop_8.bin,reverse,FAIL,
x86/windows_custom_reverse_tcp_rc4_dns_nop_9.bin,reverse,FAIL,
x86/windows_custom_reverse_tcp_rc4_dns_pii_1.bin,reverse,FAIL,
x86/windows_custom_reverse_tcp_rc4_dns_pii_10.bin,reverse,FAIL,
x86/windows_custom_reverse_tcp_rc4_dns_pii_2.bin,reverse,FAIL,
x86/windows_custom_reverse_tcp_rc4_dns_pii_3.bin,reverse,FAIL,
x86/windows_custom_reverse_tcp_rc4_dns_pii_4.bin,reverse,FAIL,
x86/windows_custom_reverse_tcp_rc4_dns_pii_5.bin,reverse,FAIL,
x86/windows_custom_reverse_tcp_rc4_dns_pii_6.bin,reverse,FAIL,
x86/windows_custom_reverse_tcp_rc4_dns_pii_7.bin,reverse,FAIL,
x86/windows_custom_reverse_tcp_rc4_dns_pii_8.bin,reverse,FAIL,
x86/windows_custom_reverse_tcp_rc4_dns_pii_9.bin,reverse,FAIL,
x86/windows_custom_reverse_tcp_rc4_eq_1.bin,reverse,OK,
x86/windows_custom_reverse_tcp_rc4_eq_10.bin,reverse,OK,
x86/windows_custom_reverse_tcp_rc4_eq_2.bin,reverse,OK,
x86/windows_custom_reverse_tcp_rc4_eq_3.bin,reverse,OK,
x86/windows_custom_reverse_tcp_rc4_eq_4.bin,reverse,OK,
x86/windows_custom_reverse_tcp_rc4_eq_5.bin,reverse,OK,
x86/windows_custom_reverse_tcp_rc4_eq_6.bin,reverse,OK,
x86/windows_custom_reverse_tcp_rc4_eq_7.bin,reverse,OK,
x86/windows_custom_reverse_tcp_rc4_eq_8.bin,reverse,OK,
x86/windows_custom_reverse_tcp_rc4_eq_9.bin,reverse,OK,
x86/windows_custom_reverse_tcp_rc4_eq_nop_bcf_1.bin,reverse,OK,
x86/windows_custom_reverse_tcp_rc4_eq_nop_bcf_10.bin,reverse,FAIL,
x86/windows_custom_reverse_tcp_rc4_eq_nop_bcf_2.bin,reverse,OK,
x86/windows_custom_reverse_tcp_rc4_eq_nop_bcf_3.bin,reverse,OK,
x86/windows_custom_reverse_tcp_rc4_eq_nop_bcf_4.bin,reverse,FAIL,
x86/windows_custom_reverse_tcp_rc4_eq_nop_bcf_5.bin,reverse,OK,
x86/windows_custom_reverse_tcp_rc4_eq_nop_bcf_6.bin,reverse,OK,
x86/windows_custom_reverse_tcp_rc4_eq_nop_bcf_7.bin,reverse,OK,
x86/windows_custom_reverse_tcp_rc4_eq_nop_bcf_8.bin,reverse,OK,
x86/windows_custom_reverse_tcp_rc4_eq_nop_bcf_9.bin,reverse,OK,
x86/windows_custom_reverse_tcp_rc4_eq_nop_ibp_1.bin,reverse,OK,
x86/windows_custom_reverse_tcp_rc4_eq_nop_ibp_10.bin,reverse,OK,
x86/windows_custom_reverse_tcp_rc4_eq_nop_ibp_2.bin,reverse,OK,
x86/windows_custom_reverse_tcp_rc4_eq_nop_ibp_3.bin,reverse,OK,
x86/windows_custom_reverse_tcp_rc4_eq_nop_ibp_4.bin,reverse,OK,
x86/windows_custom_reverse_tcp_rc4_eq_nop_ibp_5.bin,reverse,OK,
x86/windows_custom_reverse_tcp_rc4_eq_nop_ibp_6.bin,reverse,OK,
x86/windows_custom_reverse_tcp_rc4_eq_nop_ibp_7.bin,reverse,OK,
x86/windows_custom_reverse_tcp_rc4_eq_nop_ibp_8.bin,reverse,OK,
x86/windows_custom_reverse_tcp_rc4_eq_nop_ibp_9.bin,reverse,FAIL,
x86/windows_custom_reverse_tcp_rc4_eq_nop_pii_1.bin,reverse,FAIL,
x86/windows_custom_reverse_tcp_rc4_eq_nop_pii_10.bin,reverse,OK,
x86/windows_custom_reverse_tcp_rc4_eq_nop_pii_2.bin,reverse,FAIL,
x86/windows_custom_reverse_tcp_rc4_eq_nop_pii_3.bin,reverse,FAIL,
x86/windows_custom_reverse_tcp_rc4_eq_nop_pii_4.bin,reverse,FAIL,
x86/windows_custom_reverse_tcp_rc4_eq_nop_pii_5.bin,reverse,OK,
x86/windows_custom_reverse_tcp_rc4_eq_nop_pii_6.bin,reverse,OK,
x86/windows_custom_reverse_tcp_rc4_eq_nop_pii_7.bin,reverse,OK,
x86/windows_custom_reverse_tcp_rc4_eq_nop_pii_8.bin,reverse,OK,
x86/windows_custom_reverse_tcp_rc4_eq_nop_pii_9.bin,reverse,OK,
x86/windows_custom_reverse_tcp_rc4_ibp_1.bin,reverse,OK,
x86/windows_custom_reverse_tcp_rc4_ibp_10.bin,reverse,OK,
x86/windows_custom_reverse_tcp_rc4_ibp_2.bin,reverse,OK,
x86/windows_custom_reverse_tcp_rc4_ibp_3.bin,reverse,OK,
x86/windows_custom_reverse_tcp_rc4_ibp_4.bin,reverse,OK,
x86/windows_custom_reverse_tcp_rc4_ibp_5.bin,reverse,OK,
x86/windows_custom_reverse_tcp_rc4_ibp_6.bin,reverse,OK,
x86/windows_custom_reverse_tcp_rc4_ibp_7.bin,reverse,OK,
x86/windows_custom_reverse_tcp_rc4_ibp_8.bin,reverse,OK,
x86/windows_custom_reverse_tcp_rc4_ibp_9.bin,reverse,OK,
x86/windows_custom_reverse_tcp_rc4_nop_1.bin,reverse,OK,
x86/windows_custom_reverse_tcp_rc4_nop_10.bin,reverse,OK,
x86/windows_custom_reverse_tcp_rc4_nop_2.bin,reverse,OK,
x86/windows_custom_reverse_tcp_rc4_nop_3.bin,reverse,OK,
x86/windows_custom_reverse_tcp_rc4_nop_4.bin,reverse,OK,
x86/windows_custom_reverse_tcp_rc4_nop_5.bin,reverse,OK,
x86/windows_custom_reverse_tcp_rc4_nop_6.bin,reverse,OK,
x86/windows_custom_reverse_tcp_rc4_nop_7.bin,reverse,OK,
x86/windows_custom_reverse_tcp_rc4_nop_8.bin,reverse,OK,
x86/windows_custom_reverse_tcp_rc4_nop_9.bin,reverse,FAIL,
x86/windows_custom_reverse_tcp_rc4_pii_1.bin,reverse,OK,
x86/windows_custom_reverse_tcp_rc4_pii_10.bin,reverse,OK,
x86/windows_custom_reverse_tcp_rc4_pii_2.bin,reverse,OK,
x86/windows_custom_reverse_tcp_rc4_pii_3.bin,reverse,OK,
x86/windows_custom_reverse_tcp_rc4_pii_4.bin,reverse,OK,
x86/windows_custom_reverse_tcp_rc4_pii_5.bin,reverse,OK,
x86/windows_custom_reverse_tcp_rc4_pii_6.bin,reverse,OK,
x86/windows_custom_reverse_tcp_rc4_pii_7.bin,reverse,OK,
x86/windows_custom_reverse_tcp_rc4_pii_8.bin,reverse,OK,
x86/windows_custom_reverse_tcp_rc4_pii_9.bin,reverse,OK,
x86/windows_custom_reverse_tcp_uuid_bcf_1.bin,reverse,OK,
x86/windows_custom_reverse_tcp_uuid_bcf_10.bin,reverse,OK,
x86/windows_custom_reverse_tcp_uuid_bcf_2.bin,reverse,OK,
x86/windows_custom_reverse_tcp_uuid_bcf_3.bin,reverse,OK,
x86/windows_custom_reverse_tcp_uuid_bcf_4.bin,reverse,OK,
x86/windows_custom_reverse_tcp_uuid_bcf_5.bin,reverse,OK,
x86/windows_custom_reverse_tcp_uuid_bcf_6.bin,reverse,OK,
x86/windows_custom_reverse_tcp_uuid_bcf_7.bin,reverse,OK,
x86/windows_custom_reverse_tcp_uuid_bcf_8.bin,reverse,OK,
x86/windows_custom_reverse_tcp_uuid_bcf_9.bin,reverse,OK,
x86/windows_custom_reverse_tcp_uuid_eq_1.bin,reverse,OK,
x86/windows_custom_reverse_tcp_uuid_eq_10.bin,reverse,OK,
x86/windows_custom_reverse_tcp_uuid_eq_2.bin,reverse,OK,
x86/windows_custom_reverse_tcp_uuid_eq_3.bin,reverse,OK,
x86/windows_custom_reverse_tcp_uuid_eq_4.bin,reverse,OK,
x86/windows_custom_reverse_tcp_uuid_eq_5.bin,reverse,OK,
x86/windows_custom_reverse_tcp_uuid_eq_6.bin,reverse,OK,
x86/windows_custom_reverse_tcp_uuid_eq_7.bin,reverse,OK,
x86/windows_custom_reverse_tcp_uuid_eq_8.bin,reverse,OK,
x86/windows_custom_reverse_tcp_uuid_eq_9.bin,reverse,OK,
x86/windows_custom_reverse_tcp_uuid_eq_nop_bcf_1.bin,reverse,FAIL,
x86/windows_custom_reverse_tcp_uuid_eq_nop_bcf_10.bin,reverse,OK,
x86/windows_custom_reverse_tcp_uuid_eq_nop_bcf_2.bin,reverse,OK,
x86/windows_custom_reverse_tcp_uuid_eq_nop_bcf_3.bin,reverse,OK,
x86/windows_custom_reverse_tcp_uuid_eq_nop_bcf_4.bin,reverse,OK,
x86/windows_custom_reverse_tcp_uuid_eq_nop_bcf_5.bin,reverse,OK,
x86/windows_custom_reverse_tcp_uuid_eq_nop_bcf_6.bin,reverse,OK,
x86/windows_custom_reverse_tcp_uuid_eq_nop_bcf_7.bin,reverse,OK,
x86/windows_custom_reverse_tcp_uuid_eq_nop_bcf_8.bin,reverse,FAIL,
x86/windows_custom_reverse_tcp_uuid_eq_nop_bcf_9.bin,reverse,OK,
x86/windows_custom_reverse_tcp_uuid_eq_nop_ibp_1.bin,reverse,FAIL,
x86/windows_custom_reverse_tcp_uuid_eq_nop_ibp_10.bin,reverse,OK,
x86/windows_custom_reverse_tcp_uuid_eq_nop_ibp_2.bin,reverse,FAIL,
x86/windows_custom_reverse_tcp_uuid_eq_nop_ibp_3.bin,reverse,OK,
x86/windows_custom_reverse_tcp_uuid_eq_nop_ibp_4.bin,reverse,OK,
x86/windows_custom_reverse_tcp_uuid_eq_nop_ibp_5.bin,reverse,OK,
x86/windows_custom_reverse_tcp_uuid_eq_nop_ibp_6.bin,reverse,OK,
x86/windows_custom_reverse_tcp_uuid_eq_nop_ibp_7.bin,reverse,FAIL,
x86/windows_custom_reverse_tcp_uuid_eq_nop_ibp_8.bin,reverse,OK,
x86/windows_custom_reverse_tcp_uuid_eq_nop_ibp_9.bin,reverse,OK,
x86/windows_custom_reverse_tcp_uuid_eq_nop_pii_1.bin,reverse,FAIL,
x86/windows_custom_reverse_tcp_uuid_eq_nop_pii_10.bin,reverse,FAIL,
x86/windows_custom_reverse_tcp_uuid_eq_nop_pii_2.bin,reverse,FAIL,
x86/windows_custom_reverse_tcp_uuid_eq_nop_pii_3.bin,reverse,FAIL,
x86/windows_custom_reverse_tcp_uuid_eq_nop_pii_4.bin,reverse,FAIL,
x86/windows_custom_reverse_tcp_uuid_eq_nop_pii_5.bin,reverse,FAIL,
x86/windows_custom_reverse_tcp_uuid_eq_nop_pii_6.bin,reverse,OK,
x86/windows_custom_reverse_tcp_uuid_eq_nop_pii_7.bin,reverse,FAIL,
x86/windows_custom_reverse_tcp_uuid_eq_nop_pii_8.bin,reverse,FAIL,
x86/windows_custom_reverse_tcp_uuid_eq_nop_pii_9.bin,reverse,FAIL,
x86/windows_custom_reverse_tcp_uuid_ibp_1.bin,reverse,OK,
x86/windows_custom_reverse_tcp_uuid_ibp_10.bin,reverse,OK,
x86/windows_custom_reverse_tcp_uuid_ibp_2.bin,reverse,OK,
x86/windows_custom_reverse_tcp_uuid_ibp_3.bin,reverse,OK,
x86/windows_custom_reverse_tcp_uuid_ibp_4.bin,reverse,OK,
x86/windows_custom_reverse_tcp_uuid_ibp_5.bin,reverse,OK,
x86/windows_custom_reverse_tcp_uuid_ibp_6.bin,reverse,OK,
x86/windows_custom_reverse_tcp_uuid_ibp_7.bin,reverse,OK,
x86/windows_custom_reverse_tcp_uuid_ibp_8.bin,reverse,OK,
x86/windows_custom_reverse_tcp_uuid_ibp_9.bin,reverse,OK,
x86/windows_custom_reverse_tcp_uuid_nop_1.bin,reverse,OK,
x86/windows_custom_reverse_tcp_uuid_nop_10.bin,reverse,OK,
x86/windows_custom_reverse_tcp_uuid_nop_2.bin,reverse,FAIL,
x86/windows_custom_reverse_tcp_uuid_nop_3.bin,reverse,OK,
x86/windows_custom_reverse_tcp_uuid_nop_4.bin,reverse,OK,
x86/windows_custom_reverse_tcp_uuid_nop_5.bin,reverse,OK,
x86/windows_custom_reverse_tcp_uuid_nop_6.bin,reverse,OK,
x86/windows_custom_reverse_tcp_uuid_nop_7.bin,reverse,OK,
x86/windows_custom_reverse_tcp_uuid_nop_8.bin,reverse,OK,
x86/windows_custom_reverse_tcp_uuid_nop_9.bin,reverse,OK,
x86/windows_custom_reverse_tcp_uuid_pii_1.bin,reverse,OK,
x86/windows_custom_reverse_tcp_uuid_pii_10.bin,reverse,OK,
x86/windows_custom_reverse_tcp_uuid_pii_2.bin,reverse,OK,
x86/windows_custom_reverse_tcp_uuid_pii_3.bin,reverse,OK,
x86/windows_custom_reverse_tcp_uuid_pii_4.bin,reverse,OK,
x86/windows_custom_reverse_tcp_uuid_pii_5.bin,reverse,OK,
x86/windows_custom_reverse_tcp_uuid_pii_6.bin,reverse,OK,
x86/windows_custom_reverse_tcp_uuid_pii_7.bin,reverse,OK,
x86/windows_custom_reverse_tcp_uuid_pii_8.bin,reverse,OK,
x86/windows_custom_reverse_tcp_uuid_pii_9.bin,reverse,OK,
x86/windows_custom_reverse_winhttp_bcf_1.bin,reverse,FAIL,
x86/windows_custom_reverse_winhttp_bcf_10.bin,reverse,FAIL,
x86/windows_custom_reverse_winhttp_bcf_2.bin,reverse,FAIL,
x86/windows_custom_reverse_winhttp_bcf_3.bin,reverse,OK,
x86/windows_custom_reverse_winhttp_bcf_4.bin,reverse,OK,
x86/windows_custom_reverse_winhttp_bcf_5.bin,reverse,FAIL,
x86/windows_custom_reverse_winhttp_bcf_6.bin,reverse,OK,
x86/windows_custom_reverse_winhttp_bcf_7.bin,reverse,OK,
x86/windows_custom_reverse_winhttp_bcf_8.bin,reverse,FAIL,
x86/windows_custom_reverse_winhttp_bcf_9.bin,reverse,FAIL,
x86/windows_custom_reverse_winhttp_eq_1.bin,reverse,OK,
x86/windows_custom_reverse_winhttp_eq_10.bin,reverse,OK,
x86/windows_custom_reverse_winhttp_eq_2.bin,reverse,OK,
x86/windows_custom_reverse_winhttp_eq_3.bin,reverse,OK,
x86/windows_custom_reverse_winhttp_eq_4.bin,reverse,OK,
x86/windows_custom_reverse_winhttp_eq_5.bin,reverse,OK,
x86/windows_custom_reverse_winhttp_eq_6.bin,reverse,OK,
x86/windows_custom_reverse_winhttp_eq_7.bin,reverse,OK,
x86/windows_custom_reverse_winhttp_eq_8.bin,reverse,OK,
x86/windows_custom_reverse_winhttp_eq_9.bin,reverse,OK,
x86/windows_custom_reverse_winhttp_eq_nop_bcf_1.bin,reverse,OK,
x86/windows_custom_reverse_winhttp_eq_nop_bcf_10.bin,reverse,FAIL,
x86/windows_custom_reverse_winhttp_eq_nop_bcf_2.bin,reverse,FAIL,
x86/windows_custom_reverse_winhttp_eq_nop_bcf_3.bin,reverse,OK,
x86/windows_custom_reverse_winhttp_eq_nop_bcf_4.bin,reverse,OK,
x86/windows_custom_reverse_winhttp_eq_nop_bcf_5.bin,reverse,OK,
x86/windows_custom_reverse_winhttp_eq_nop_bcf_6.bin,reverse,FAIL,
x86/windows_custom_reverse_winhttp_eq_nop_bcf_7.bin,reverse,FAIL,
x86/windows_custom_reverse_winhttp_eq_nop_bcf_8.bin,reverse,OK,
x86/windows_custom_reverse_winhttp_eq_nop_bcf_9.bin,reverse,FAIL,
x86/windows_custom_reverse_winhttp_eq_nop_ibp_1.bin,reverse,OK,
x86/windows_custom_reverse_winhttp_eq_nop_ibp_10.bin,reverse,FAIL,
x86/windows_custom_reverse_winhttp_eq_nop_ibp_2.bin,reverse,FAIL,
x86/windows_custom_reverse_winhttp_eq_nop_ibp_3.bin,reverse,FAIL,
x86/windows_custom_reverse_winhttp_eq_nop_ibp_4.bin,reverse,FAIL,
x86/windows_custom_reverse_winhttp_eq_nop_ibp_5.bin,reverse,FAIL,
x86/windows_custom_reverse_winhttp_eq_nop_ibp_6.bin,reverse,FAIL,
x86/windows_custom_reverse_winhttp_eq_nop_ibp_7.bin,reverse,FAIL,
x86/windows_custom_reverse_winhttp_eq_nop_ibp_8.bin,reverse,FAIL,
x86/windows_custom_reverse_winhttp_eq_nop_ibp_9.bin,reverse,FAIL,
x86/windows_custom_reverse_winhttp_eq_nop_pii_1.bin,reverse,FAIL,
x86/windows_custom_reverse_winhttp_eq_nop_pii_10.bin,reverse,FAIL,
x86/windows_custom_reverse_winhttp_eq_nop_pii_2.bin,reverse,FAIL,
x86/windows_custom_reverse_winhttp_eq_nop_pii_3.bin,reverse,FAIL,
x86/windows_custom_reverse_winhttp_eq_nop_pii_4.bin,reverse,FAIL,
x86/windows_custom_reverse_winhttp_eq_nop_pii_5.bin,reverse,FAIL,
x86/windows_custom_reverse_winhttp_eq_nop_pii_6.bin,reverse,FAIL,
x86/windows_custom_reverse_winhttp_eq_nop_pii_7.bin,reverse,FAIL,
x86/windows_custom_reverse_winhttp_eq_nop_pii_8.bin,reverse,FAIL,
x86/windows_custom_reverse_winhttp_eq_nop_pii_9.bin,reverse,FAIL,
x86/windows_custom_reverse_winhttp_ibp_1.bin,reverse,FAIL,
x86/windows_custom_reverse_winhttp_ibp_10.bin,reverse,FAIL,
x86/windows_custom_reverse_winhttp_ibp_2.bin,reverse,FAIL,
x86/windows_custom_reverse_winhttp_ibp_3.bin,reverse,FAIL,
x86/windows_custom_reverse_winhttp_ibp_4.bin,reverse,FAIL,
x86/windows_custom_reverse_winhttp_ibp_5.bin,reverse,FAIL,
x86/windows_custom_reverse_winhttp_ibp_6.bin,reverse,FAIL,
x86/windows_custom_reverse_winhttp_ibp_7.bin,reverse,FAIL,
x86/windows_custom_reverse_winhttp_ibp_8.bin,reverse,FAIL,
x86/windows_custom_reverse_winhttp_ibp_9.bin,reverse,FAIL,
x86/windows_custom_reverse_winhttp_nop_1.bin,reverse,OK,
x86/windows_custom_reverse_winhttp_nop_10.bin,reverse,FAIL,
x86/windows_custom_reverse_winhttp_nop_2.bin,reverse,FAIL,
x86/windows_custom_reverse_winhttp_nop_3.bin,reverse,FAIL,
x86/windows_custom_reverse_winhttp_nop_4.bin,reverse,FAIL,
x86/windows_custom_reverse_winhttp_nop_5.bin,reverse,FAIL,
x86/windows_custom_reverse_winhttp_nop_6.bin,reverse,FAIL,
x86/windows_custom_reverse_winhttp_nop_7.bin,reverse,FAIL,
x86/windows_custom_reverse_winhttp_nop_8.bin,reverse,FAIL,
x86/windows_custom_reverse_winhttp_nop_9.bin,reverse,FAIL,
x86/windows_custom_reverse_winhttp_pii_1.bin,reverse,FAIL,
x86/windows_custom_reverse_winhttp_pii_10.bin,reverse,FAIL,
x86/windows_custom_reverse_winhttp_pii_2.bin,reverse,FAIL,
x86/windows_custom_reverse_winhttp_pii_3.bin,reverse,FAIL,
x86/windows_custom_reverse_winhttp_pii_4.bin,reverse,FAIL,
x86/windows_custom_reverse_winhttp_pii_5.bin,reverse,FAIL,
x86/windows_custom_reverse_winhttp_pii_6.bin,reverse,FAIL,
x86/windows_custom_reverse_winhttp_pii_7.bin,reverse,FAIL,
x86/windows_custom_reverse_winhttp_pii_8.bin,reverse,FAIL,
x86/windows_custom_reverse_winhttp_pii_9.bin,reverse,FAIL,
x86/windows_custom_reverse_winhttps_bcf_1.bin,reverse,FAIL,
x86/windows_custom_reverse_winhttps_bcf_10.bin,reverse,FAIL,
x86/windows_custom_reverse_winhttps_bcf_2.bin,reverse,FAIL,
x86/windows_custom_reverse_winhttps_bcf_3.bin,reverse,FAIL,
x86/windows_custom_reverse_winhttps_bcf_4.bin,reverse,FAIL,
x86/windows_custom_reverse_winhttps_bcf_5.bin,reverse,FAIL,
x86/windows_custom_reverse_winhttps_bcf_6.bin,reverse,FAIL,
x86/windows_custom_reverse_winhttps_bcf_7.bin,reverse,OK,
x86/windows_custom_reverse_winhttps_bcf_8.bin,reverse,FAIL,
x86/windows_custom_reverse_winhttps_bcf_9.bin,reverse,OK,
x86/windows_custom_reverse_winhttps_eq_1.bin,reverse,OK,
x86/windows_custom_reverse_winhttps_eq_10.bin,reverse,OK,
x86/windows_custom_reverse_winhttps_eq_2.bin,reverse,OK,
x86/windows_custom_reverse_winhttps_eq_3.bin,reverse,OK,
x86/windows_custom_reverse_winhttps_eq_4.bin,reverse,OK,
x86/windows_custom_reverse_winhttps_eq_5.bin,reverse,OK,
x86/windows_custom_reverse_winhttps_eq_6.bin,reverse,OK,
x86/windows_custom_reverse_winhttps_eq_7.bin,reverse,OK,
x86/windows_custom_reverse_winhttps_eq_8.bin,reverse,OK,
x86/windows_custom_reverse_winhttps_eq_9.bin,reverse,OK,
x86/windows_custom_reverse_winhttps_eq_nop_bcf_1.bin,reverse,FAIL,
x86/windows_custom_reverse_winhttps_eq_nop_bcf_10.bin,reverse,OK,
x86/windows_custom_reverse_winhttps_eq_nop_bcf_2.bin,reverse,OK,
x86/windows_custom_reverse_winhttps_eq_nop_bcf_3.bin,reverse,FAIL,
x86/windows_custom_reverse_winhttps_eq_nop_bcf_4.bin,reverse,FAIL,
x86/windows_custom_reverse_winhttps_eq_nop_bcf_5.bin,reverse,FAIL,
x86/windows_custom_reverse_winhttps_eq_nop_bcf_6.bin,reverse,FAIL,
x86/windows_custom_reverse_winhttps_eq_nop_bcf_7.bin,reverse,OK,
x86/windows_custom_reverse_winhttps_eq_nop_bcf_8.bin,reverse,FAIL,
x86/windows_custom_reverse_winhttps_eq_nop_bcf_9.bin,reverse,FAIL,
x86/windows_custom_reverse_winhttps_eq_nop_ibp_1.bin,reverse,FAIL,
x86/windows_custom_reverse_winhttps_eq_nop_ibp_10.bin,reverse,FAIL,
x86/windows_custom_reverse_winhttps_eq_nop_ibp_2.bin,reverse,FAIL,
x86/windows_custom_reverse_winhttps_eq_nop_ibp_3.bin,reverse,FAIL,
x86/windows_custom_reverse_winhttps_eq_nop_ibp_4.bin,reverse,FAIL,
x86/windows_custom_reverse_winhttps_eq_nop_ibp_5.bin,reverse,FAIL,
x86/windows_custom_reverse_winhttps_eq_nop_ibp_6.bin,reverse,FAIL,
x86/windows_custom_reverse_winhttps_eq_nop_ibp_7.bin,reverse,FAIL,
x86/windows_custom_reverse_winhttps_eq_nop_ibp_8.bin,reverse,FAIL,
x86/windows_custom_reverse_winhttps_eq_nop_ibp_9.bin,reverse,FAIL,
x86/windows_custom_reverse_winhttps_eq_nop_pii_1.bin,reverse,FAIL,
x86/windows_custom_reverse_winhttps_eq_nop_pii_10.bin,reverse,FAIL,
x86/windows_custom_reverse_winhttps_eq_nop_pii_2.bin,reverse,FAIL,
x86/windows_custom_reverse_winhttps_eq_nop_pii_3.bin,reverse,FAIL,
x86/windows_custom_reverse_winhttps_eq_nop_pii_4.bin,reverse,FAIL,
x86/windows_custom_reverse_winhttps_eq_nop_pii_5.bin,reverse,FAIL,
x86/windows_custom_reverse_winhttps_eq_nop_pii_6.bin,reverse,FAIL,
x86/windows_custom_reverse_winhttps_eq_nop_pii_7.bin,reverse,FAIL,
x86/windows_custom_reverse_winhttps_eq_nop_pii_8.bin,reverse,FAIL,
x86/windows_custom_reverse_winhttps_eq_nop_pii_9.bin,reverse,FAIL,
